 hy3d_engine

 Timestamp is 615892b9 (Sat Oct  2 20:11:21 2021)

 Preferred load address is 0000000180000000

 Start         Length     Name                   Class
 0001:00000000 000376a0H .text$mn                CODE
 0001:000376a0 00000040H .text$mn$00             CODE
 0001:000376e0 000006edH .text$x                 CODE
 0002:00000000 00000250H .idata$5                DATA
 0002:00000250 00000028H .00cfg                  DATA
 0002:00000278 00000008H .CRT$XCA                DATA
 0002:00000280 00000008H .CRT$XCZ                DATA
 0002:00000288 00000008H .CRT$XIA                DATA
 0002:00000290 00000020H .CRT$XIC                DATA
 0002:000002b0 00000008H .CRT$XIZ                DATA
 0002:000002b8 00000008H .CRT$XPA                DATA
 0002:000002c0 00000010H .CRT$XPX                DATA
 0002:000002d0 00000008H .CRT$XPXA               DATA
 0002:000002d8 00000008H .CRT$XPZ                DATA
 0002:000002e0 00000008H .CRT$XTA                DATA
 0002:000002e8 00000008H .CRT$XTZ                DATA
 0002:000002f0 00000000H .gehcont$y              DATA
 0002:000002f0 00000000H .gfids$y                DATA
 0002:000002f0 00010d10H .rdata                  DATA
 0002:00011000 00000000H .rdata$CastGuardVftablesA DATA
 0002:00011000 00000000H .rdata$CastGuardVftablesC DATA
 0002:00011000 0000016cH .rdata$r                DATA
 0002:0001116c 000000e4H .rdata$voltmd           DATA
 0002:00011250 00000320H .rdata$zzzdbg           DATA
 0002:00011570 00000008H .rtc$IAA                DATA
 0002:00011578 00000008H .rtc$IZZ                DATA
 0002:00011580 00000008H .rtc$TAA                DATA
 0002:00011588 00000008H .rtc$TZZ                DATA
 0002:00011590 00001090H .xdata                  DATA
 0002:00012620 00000090H .xdata$x                DATA
 0002:000126b0 00000054H .edata                  DATA
 0002:00012704 00000014H .idata$2                DATA
 0002:00012718 00000018H .idata$3                DATA
 0002:00012730 00000250H .idata$4                DATA
 0002:00012980 00000576H .idata$6                DATA
 0003:00000000 00000a60H .data                   DATA
 0003:00000a60 00000050H .data$r                 DATA
 0003:00000ab0 00000020H .data$rs                DATA
 0003:00000ad0 000019c0H .bss                    DATA
 0004:00000000 00002dccH .pdata                  DATA
 0005:00000000 000000f4H _RDATA                  DATA

  Address         Publics by Value              Rva+Base               Lib:Object

 0000:00000000       __x64_code_ranges_to_entry_points_count 0000000000000000     <absolute>
 0000:00000000       __arm64x_redirection_metadata 0000000000000000     <absolute>
 0000:00000000       __guard_iat_table          0000000000000000     <absolute>
 0000:00000000       __guard_longjmp_table      0000000000000000     <absolute>
 0000:00000000       __guard_iat_count          0000000000000000     <absolute>
 0000:00000000       __x64_code_ranges_to_entry_points 0000000000000000     <absolute>
 0000:00000000       __guard_longjmp_count      0000000000000000     <absolute>
 0000:00000000       __dynamic_value_reloc_table 0000000000000000     <absolute>
 0000:00000000       __hybrid_auxiliary_iat     0000000000000000     <absolute>
 0000:00000000       __guard_fids_count         0000000000000000     <absolute>
 0000:00000000       __hybrid_auxiliary_iat_copy 0000000000000000     <absolute>
 0000:00000000       ___safe_se_handler_table   0000000000000000     <absolute>
 0000:00000000       __arm64x_extra_rfe_table   0000000000000000     <absolute>
 0000:00000000       __hybrid_code_map          0000000000000000     <absolute>
 0000:00000000       __arm64x_extra_rfe_table_size 0000000000000000     <absolute>
 0000:00000000       __AbsoluteZero             0000000000000000     <absolute>
 0000:00000000       ___safe_se_handler_count   0000000000000000     <absolute>
 0000:00000000       __guard_check_icall_a64n_fptr 0000000000000000     <absolute>
 0000:00000000       __guard_fids_table         0000000000000000     <absolute>
 0000:00000000       __guard_eh_cont_count      0000000000000000     <absolute>
 0000:00000000       __arm64x_redirection_metadata_count 0000000000000000     <absolute>
 0000:00000000       __enclave_config           0000000000000000     <absolute>
 0000:00000000       __guard_eh_cont_table      0000000000000000     <absolute>
 0000:00000000       __arm64x_native_entrypoint 0000000000000000     <absolute>
 0000:00000000       __hybrid_code_map_count    0000000000000000     <absolute>
 0000:00000100       __guard_flags              0000000000000100     <absolute>
 0000:00000000       __ImageBase                0000000180000000     <linker-defined>
 0001:00000000       UpdateAndRender            0000000180001000 f   hy3d_engine.obj
 0001:000000f0       ?dangerous_get_state_array@?$dual_state_global@PEAU__crt_multibyte_data@@@__crt_state_management@@QEAAPEAPEAU__crt_multibyte_data@@XZ 00000001800010f0 f i libucrtd:mbctype.obj
 0001:000000f0       ?get_address_of@?$__crt_unique_handle_t@U__crt_hmodule_traits@@@@QEAAPEAPEAUHINSTANCE__@@XZ 00000001800010f0 f i libucrtd:exit.obj
 0001:000000f0       ?dangerous_get_state_array@?$dual_state_global@PEAU__crt_locale_data@@@__crt_state_management@@QEAAPEAPEAU__crt_locale_data@@XZ 00000001800010f0 f i libucrtd:per_thread_data.obj
 0001:000000f0       ??$_Atomic_address_as@_JU?$_Atomic_padded@_J@std@@@std@@YAPEC_JAEAU?$_Atomic_padded@_J@0@@Z 00000001800010f0 f i libcpmtd:xtime.obj
 0001:000000f0       ??$_Atomic_address_as@_JU?$_Atomic_padded@_J@std@@@std@@YAPED_JAEBU?$_Atomic_padded@_J@0@@Z 00000001800010f0 f i libcpmtd:xtime.obj
 0001:000000f0       ??$forward@AEAViterator@TryBlockMap@__FrameHandler3@@@std@@YAAEAViterator@TryBlockMap@__FrameHandler3@@AEAV123@@Z 00000001800010f0 f i libvcruntimed:risctrnsctrl.obj
 0001:000000f0       ?debug_info@?$__crt_win32_buffer@_WU__crt_win32_buffer_internal_dynamic_resizing@@@@QEBAAEBV__crt_win32_buffer_empty_debug_info@@XZ 00000001800010f0 f i libucrtd:argv_wildcards.obj
 0001:000000f0       ?dangerous_get_state_array@?$dual_state_global@P6AXPEB_W00I_K@Z@__crt_state_management@@QEAAPEAP6AXPEB_W00I_K@ZXZ 00000001800010f0 f i libucrtd:invalid_parameter.obj
 0001:000000f0       ?dangerous_get_state_array@?$dual_state_global@PEAE@__crt_state_management@@QEAAPEAPEAEXZ 00000001800010f0 f i libucrtd:mbctype.obj
 0001:000000f0       ?get_address_of@?$__crt_unique_heap_ptr@PEADU__crt_internal_free_policy@@@@QEAAPEAPEAPEADXZ 00000001800010f0 f i libucrtd:argv_parsing.obj
 0001:000000f0       ?debug_info@?$__crt_win32_buffer@DU__crt_win32_buffer_internal_dynamic_resizing@@@@QEBAAEBV__crt_win32_buffer_empty_debug_info@@XZ 00000001800010f0 f i libucrtd:argv_wildcards.obj
 0001:000000f0       ?debug_info@?$__crt_win32_buffer@DU__crt_win32_buffer_no_resizing@@@@QEBAAEBV__crt_win32_buffer_empty_debug_info@@XZ 00000001800010f0 f i libucrtd:getmodulefilenamea.obj
 0001:00000100       ?public_stream@__crt_stdio_stream@@QEBAPEAU_iobuf@@XZ 0000000180001100 f i libucrtd:output.obj
 0001:00000100       ?save_state@?$c_string_character_source@D@__crt_strtox@@QEBAPEBDXZ 0000000180001100 f i libucrtd:atox.obj
 0001:00000100       ?get@?$__crt_unique_heap_ptr@U__crt_lowio_handle_data@@U__crt_internal_free_policy@@@@QEBAPEAU__crt_lowio_handle_data@@XZ 0000000180001100 f i libucrtd:osfinfo.obj
 0001:00000100       ?get@?$__crt_unique_heap_ptr@U__acrt_ptd@@U__crt_internal_free_policy@@@@QEBAPEAU__acrt_ptd@@XZ 0000000180001100 f i libucrtd:per_thread_data.obj
 0001:00000100       ??C__crt_stdio_stream@@QEBAPEAU__crt_stdio_stream_data@@XZ 0000000180001100 f i libucrtd:output.obj
 0001:00000100       ?get@?$__crt_unique_heap_ptr@U__vcrt_ptd@@U__crt_internal_free_policy@@@@QEBAPEAU__vcrt_ptd@@XZ 0000000180001100 f i libvcruntimed:per_thread_data.obj
 0001:00000100       ?get@?$__crt_unique_handle_t@U__crt_findfile_traits@@@@QEBAPEAXXZ 0000000180001100 f i libucrtd:argv_wildcards.obj
 0001:00000100       ?get@?$__crt_unique_heap_ptr@PEADU__crt_internal_free_policy@@@@QEBAPEAPEADXZ 0000000180001100 f i libucrtd:argv_parsing.obj
 0001:00000100       ?get@?$__crt_unique_heap_ptr@U__crt_multibyte_data@@U__crt_internal_free_policy@@@@QEBAPEAU__crt_multibyte_data@@XZ 0000000180001100 f i libucrtd:mbctype.obj
 0001:00000100       ??$_Atomic_reinterpret_as@_J_J@std@@YA_JAEB_J@Z 0000000180001100 f i libcpmtd:xtime.obj
 0001:00000100       ?get@?$__crt_unique_heap_ptr@DU__crt_internal_free_policy@@@@QEBAPEADXZ 0000000180001100 f i libvcruntimed:std_type_info.obj
 0001:00000100       ?get@?$__crt_unique_heap_ptr@DU__crt_public_free_policy@@@@QEBAPEADXZ 0000000180001100 f i libvcruntimed:std_exception.obj
 0001:00000100       ?save_state@?$c_string_character_source@_W@__crt_strtox@@QEBAPEB_WXZ 0000000180001100 f i libucrtd:atox.obj
 0001:00000100       ?get@?$__crt_unique_handle_t@U__crt_hmodule_traits@@@@QEBAPEAUHINSTANCE__@@XZ 0000000180001100 f i libucrtd:exit.obj
 0001:00000100       ?get@?$__crt_scoped_stack_ptr@_W@@QEBAPEA_WXZ 0000000180001100 f i libucrtd:getstringtypea.obj
 0001:00000100       ?get@?$__crt_unique_heap_ptr@EU__crt_internal_free_policy@@@@QEBAPEAEXZ 0000000180001100 f i libucrtd:argv_parsing.obj
 0001:00000110       ?_Load_barrier@std@@YAXW4memory_order@1@@Z 0000000180001110 f i libcpmtd:xtime.obj
 0001:000001d0       ?load@?$_Atomic_storage@_J$07@std@@QEBA_JW4memory_order@2@@Z 00000001800011d0 f i libcpmtd:xtime.obj
 0001:00000210       ?store@?$_Atomic_storage@_J$07@std@@QEAAX_J@Z 0000000180001210 f i libcpmtd:xtime.obj
 0001:00000260       ?store@?$_Atomic_storage@_J$07@std@@QEAAX_JW4memory_order@2@@Z 0000000180001260 f i libcpmtd:xtime.obj
 0001:00000380       _Query_perf_counter        0000000180001380 f   libcpmtd:xtime.obj
 0001:000003a0       _Query_perf_frequency      00000001800013a0 f   libcpmtd:xtime.obj
 0001:00000e20       _DllMainCRTStartup         0000000180001e20 f   LIBCMTD:dll_dllmain.obj
 0001:00000e60       __GSHandlerCheck           0000000180001e60 f   LIBCMTD:gshandler.obj
 0001:00000ea0       __GSHandlerCheckCommon     0000000180001ea0 f   LIBCMTD:gshandler.obj
 0001:00000fb0       __security_check_cookie    0000000180001fb0 f   LIBCMTD:amdsecgs.obj
 0001:00000fd0       _guard_check_icall_nop     0000000180001fd0 f i LIBCMTD:guard_support.obj
 0001:00000fd0       ??1scoped_global_state_reset@__crt_state_management@@QEAA@XZ 0000000180001fd0 f i libucrtd:onexit.obj
 0001:00000fd0       ??1?$__crt_simd_cleanup_guard@$0A@@@QEAA@XZ 0000000180001fd0 f i libucrtd:strnlen.obj
 0001:00000fe0       ReadNoFence64              0000000180001fe0 f i LIBCMTD:guard_support.obj
 0001:00001000       ReadPointerNoFence         0000000180002000 f i LIBCMTD:guard_support.obj
 0001:00001020       _guard_icall_checks_enforced 0000000180002020 f i LIBCMTD:guard_support.obj
 0001:00001120       __security_init_cookie     0000000180002120 f   LIBCMTD:gs_support.obj
 0001:000011a0       DllMain                    00000001800021a0 f   LIBCMTD:dll_dllmain_stub.obj
 0001:000011c0       ?__scrt_initialize_type_info@@YAXXZ 00000001800021c0 f   LIBCMTD:tncleanup.obj
 0001:000011e0       ?__scrt_uninitialize_type_info@@YAXXZ 00000001800021e0 f   LIBCMTD:tncleanup.obj
 0001:00001200       __local_stdio_printf_options 0000000180002200 f i LIBCMTD:default_local_stdio_options.obj
 0001:00001210       __local_stdio_scanf_options 0000000180002210 f i LIBCMTD:default_local_stdio_options.obj
 0001:00001220       __scrt_initialize_default_local_stdio_options 0000000180002220 f   LIBCMTD:default_local_stdio_options.obj
 0001:00001270       ?configure_argv@__scrt_narrow_argv_policy@@SAHXZ 0000000180002270 f i LIBCMTD:utility.obj
 0001:00001360       ?initialize_environment@__scrt_narrow_environment_policy@@SAHXZ 0000000180002360 f i LIBCMTD:utility.obj
 0001:00001400       NtCurrentTeb               0000000180002400 f i LIBCMTD:utility.obj
 0001:00001410       __scrt_acquire_startup_lock 0000000180002410 f   LIBCMTD:utility.obj
 0001:00001480       __scrt_dllmain_after_initialize_c 0000000180002480 f   LIBCMTD:utility.obj
 0001:000014b0       __scrt_dllmain_before_initialize_c 00000001800024b0 f   LIBCMTD:utility.obj
 0001:000014d0       __scrt_dllmain_crt_thread_attach 00000001800024d0 f   LIBCMTD:utility.obj
 0001:00001500       __scrt_dllmain_crt_thread_detach 0000000180002500 f   LIBCMTD:utility.obj
 0001:00001520       __scrt_dllmain_exception_filter 0000000180002520 f   LIBCMTD:utility.obj
 0001:00001590       __scrt_dllmain_uninitialize_c 0000000180002590 f   LIBCMTD:utility.obj
 0001:000015c0       __scrt_dllmain_uninitialize_critical 00000001800025c0 f   LIBCMTD:utility.obj
 0001:000015e0       __scrt_initialize_crt      00000001800025e0 f   LIBCMTD:utility.obj
 0001:00001630       __scrt_initialize_onexit_tables 0000000180002630 f   LIBCMTD:utility.obj
 0001:00001740       __scrt_is_nonwritable_in_current_image 0000000180002740 f   LIBCMTD:utility.obj
 0001:000017d0       __scrt_release_startup_lock 00000001800027d0 f   LIBCMTD:utility.obj
 0001:00001800       __scrt_uninitialize_crt    0000000180002800 f   LIBCMTD:utility.obj
 0001:00001840       __scrt_get_dyn_tls_init_callback 0000000180002840 f   LIBCMTD:dyn_tls_init.obj
 0001:00001850       __crt_debugger_hook        0000000180002850 f   LIBCMTD:utility_desktop.obj
 0001:00001860       __scrt_fastfail            0000000180002860 f   LIBCMTD:utility_desktop.obj
 0001:00001a00       _RTC_Initialize            0000000180002a00 f   LIBCMTD:initsect.obj
 0001:00001a50       _RTC_Terminate             0000000180002a50 f   LIBCMTD:initsect.obj
 0001:00001aa0       __raise_securityfailure    0000000180002aa0 f   LIBCMTD:gs_report.obj
 0001:00001ae0       __report_gsfailure         0000000180002ae0 f   LIBCMTD:gs_report.obj
 0001:00001bc0       __report_rangecheckfailure 0000000180002bc0 f   LIBCMTD:gs_report.obj
 0001:00001be0       __report_securityfailure   0000000180002be0 f   LIBCMTD:gs_report.obj
 0001:00001de0       __isa_available_init       0000000180002de0 f   LIBCMTD:cpu_disp.obj
 0001:00002180       _get_startup_argv_mode     0000000180003180 f   LIBCMTD:argv_mode.obj
 0001:00002190       __scrt_is_ucrt_dll_in_use  0000000180003190 f   LIBCMTD:ucrt_detection.obj
 0001:000021c0       __C_specific_handler       00000001800031c0 f   libvcruntimed:riscchandler.obj
 0001:00002630       ??$?RPEAU__crt_stdio_stream_data@@@__crt_internal_free_policy@@QEBAXQEBQEAU__crt_stdio_stream_data@@@Z 0000000180003630 f i libucrtd:_file.obj
 0001:00002630       ??$?RU__vcrt_ptd@@@__crt_internal_free_policy@@QEBAXQEBU__vcrt_ptd@@@Z 0000000180003630 f i libvcruntimed:per_thread_data.obj
 0001:00002630       ??$?RU__crt_multibyte_data@@@__crt_internal_free_policy@@QEBAXQEBU__crt_multibyte_data@@@Z 0000000180003630 f i libucrtd:mbctype.obj
 0001:00002630       ??$?RD@__crt_internal_free_policy@@QEBAXQEBD@Z 0000000180003630 f i libvcruntimed:std_type_info.obj
 0001:00002630       ??$?RU__crt_lowio_handle_data@@@__crt_internal_free_policy@@QEBAXQEBU__crt_lowio_handle_data@@@Z 0000000180003630 f i libucrtd:osfinfo.obj
 0001:00002630       ??$?RU__acrt_ptd@@@__crt_internal_free_policy@@QEBAXQEBU__acrt_ptd@@@Z 0000000180003630 f i libucrtd:per_thread_data.obj
 0001:00002630       ??$?RE@__crt_internal_free_policy@@QEBAXQEBE@Z 0000000180003630 f i libucrtd:argv_parsing.obj
 0001:00002630       ??$?RPEAD@__crt_internal_free_policy@@QEBAXQEBQEAD@Z 0000000180003630 f i libucrtd:argv_parsing.obj
 0001:00002660       ??0?$__crt_scoped_stack_ptr@_W@@QEAA@U?$__crt_scoped_stack_ptr_tag@_W@@@Z 0000000180003660 f i libucrtd:getstringtypea.obj
 0001:00002660       ??0?$__crt_unique_heap_ptr@DU__crt_public_free_policy@@@@QEAA@QEAD@Z 0000000180003660 f i libvcruntimed:std_exception.obj
 0001:00002660       ??0?$__crt_unique_handle_t@U__crt_findfile_traits@@@@QEAA@QEAX@Z 0000000180003660 f i libucrtd:argv_wildcards.obj
 0001:00002660       ??0?$__crt_unique_heap_ptr@U__crt_multibyte_data@@U__crt_internal_free_policy@@@@QEAA@QEAU__crt_multibyte_data@@@Z 0000000180003660 f i libucrtd:mbctype.obj
 0001:00002660       ??0?$__crt_unique_heap_ptr@EU__crt_internal_free_policy@@@@QEAA@QEAE@Z 0000000180003660 f i libucrtd:argv_parsing.obj
 0001:00002660       ??0?$__crt_unique_heap_ptr@PEADU__crt_internal_free_policy@@@@QEAA@QEAPEAD@Z 0000000180003660 f i libucrtd:argv_parsing.obj
 0001:00002660       ??0?$__crt_unique_heap_ptr@DU__crt_internal_free_policy@@@@QEAA@QEAD@Z 0000000180003660 f i libvcruntimed:std_type_info.obj
 0001:00002660       ??0?$__crt_unique_heap_ptr@U__crt_lowio_handle_data@@U__crt_internal_free_policy@@@@QEAA@QEAU__crt_lowio_handle_data@@@Z 0000000180003660 f i libucrtd:osfinfo.obj
 0001:00002660       ??0?$__crt_unique_heap_ptr@U__acrt_ptd@@U__crt_internal_free_policy@@@@QEAA@QEAU__acrt_ptd@@@Z 0000000180003660 f i libucrtd:per_thread_data.obj
 0001:00002660       ??0?$__crt_unique_handle_t@U__crt_hmodule_traits@@@@QEAA@QEAUHINSTANCE__@@@Z 0000000180003660 f i libucrtd:exit.obj
 0001:00002660       ??0?$__crt_scoped_stack_ptr_tag@_W@@QEAA@QEA_W@Z 0000000180003660 f i libucrtd:getstringtypea.obj
 0001:00002660       ??0?$string_output_adapter@D@__crt_stdio_output@@QEAA@QEAU?$string_output_adapter_context@D@1@@Z 0000000180003660 f i libucrtd:output.obj
 0001:00002660       ??0?$__crt_unique_heap_ptr@PEAU__crt_stdio_stream_data@@U__crt_internal_free_policy@@@@QEAA@QEAPEAU__crt_stdio_stream_data@@@Z 0000000180003660 f i libucrtd:_file.obj
 0001:00002660       ??0?$__crt_unique_heap_ptr@U__vcrt_ptd@@U__crt_internal_free_policy@@@@QEAA@QEAU__vcrt_ptd@@@Z 0000000180003660 f i libvcruntimed:per_thread_data.obj
 0001:00002660       ??0?$string_output_adapter@_W@__crt_stdio_output@@QEAA@QEAU?$string_output_adapter_context@_W@1@@Z 0000000180003660 f i libucrtd:output.obj
 0001:00002660       ??0__crt_stdio_stream@@QEAA@QEAU__crt_stdio_stream_data@@@Z 0000000180003660 f i libucrtd:fflush.obj
 0001:00002660       ??0__crt_stdio_stream@@QEAA@QEAU_iobuf@@@Z 0000000180003660 f i libucrtd:output.obj
 0001:00002680       ??1?$__crt_unique_heap_ptr@PEAU__crt_stdio_stream_data@@U__crt_internal_free_policy@@@@QEAA@XZ 0000000180003680 f i libucrtd:_file.obj
 0001:00002680       ??1?$__crt_unique_heap_ptr@U__acrt_ptd@@U__crt_internal_free_policy@@@@QEAA@XZ 0000000180003680 f i libucrtd:per_thread_data.obj
 0001:00002680       ??1?$__crt_unique_heap_ptr@PEADU__crt_internal_free_policy@@@@QEAA@XZ 0000000180003680 f i libucrtd:argv_parsing.obj
 0001:00002680       ??1?$__crt_unique_heap_ptr@U__crt_multibyte_data@@U__crt_internal_free_policy@@@@QEAA@XZ 0000000180003680 f i libucrtd:mbctype.obj
 0001:00002680       ??1?$__crt_unique_heap_ptr@U__vcrt_ptd@@U__crt_internal_free_policy@@@@QEAA@XZ 0000000180003680 f i libvcruntimed:per_thread_data.obj
 0001:00002680       ??1?$__crt_unique_heap_ptr@EU__crt_internal_free_policy@@@@QEAA@XZ 0000000180003680 f i libucrtd:argv_parsing.obj
 0001:00002680       ??1?$__crt_unique_heap_ptr@DU__crt_internal_free_policy@@@@QEAA@XZ 0000000180003680 f i libvcruntimed:std_type_info.obj
 0001:00002680       ??1?$__crt_unique_heap_ptr@U__crt_lowio_handle_data@@U__crt_internal_free_policy@@@@QEAA@XZ 0000000180003680 f i libucrtd:osfinfo.obj
 0001:000026a0       ??B?$__crt_unique_heap_ptr@U__acrt_ptd@@U__crt_internal_free_policy@@@@QEBA_NXZ 00000001800036a0 f i libucrtd:per_thread_data.obj
 0001:000026a0       ??B?$__crt_unique_heap_ptr@DU__crt_public_free_policy@@@@QEBA_NXZ 00000001800036a0 f i libvcruntimed:std_exception.obj
 0001:000026a0       ??B?$__crt_unique_heap_ptr@EU__crt_internal_free_policy@@@@QEBA_NXZ 00000001800036a0 f i libucrtd:argv_parsing.obj
 0001:000026a0       ??B?$__crt_unique_heap_ptr@U__crt_lowio_handle_data@@U__crt_internal_free_policy@@@@QEBA_NXZ 00000001800036a0 f i libucrtd:osfinfo.obj
 0001:000026a0       ??B?$__crt_unique_heap_ptr@U__crt_multibyte_data@@U__crt_internal_free_policy@@@@QEBA_NXZ 00000001800036a0 f i libucrtd:mbctype.obj
 0001:000026a0       ??B?$__crt_unique_heap_ptr@DU__crt_internal_free_policy@@@@QEBA_NXZ 00000001800036a0 f i libvcruntimed:std_type_info.obj
 0001:000026a0       ??B?$__crt_unique_heap_ptr@U__vcrt_ptd@@U__crt_internal_free_policy@@@@QEBA_NXZ 00000001800036a0 f i libvcruntimed:per_thread_data.obj
 0001:000026c0       ?__crt_interlocked_read_64@@YA_JPED_J@Z 00000001800036c0 f i libvcruntimed:std_type_info.obj
 0001:000026e0       ?is_valid@?$__crt_unique_heap_ptr@EU__crt_internal_free_policy@@@@QEBA_NXZ 00000001800036e0 f i libucrtd:argv_parsing.obj
 0001:000026e0       ?is_valid@?$__crt_unique_heap_ptr@U__acrt_ptd@@U__crt_internal_free_policy@@@@QEBA_NXZ 00000001800036e0 f i libucrtd:per_thread_data.obj
 0001:000026e0       ?is_valid@?$__crt_unique_heap_ptr@DU__crt_internal_free_policy@@@@QEBA_NXZ 00000001800036e0 f i libvcruntimed:std_type_info.obj
 0001:000026e0       ?is_valid@?$__crt_unique_heap_ptr@U__crt_lowio_handle_data@@U__crt_internal_free_policy@@@@QEBA_NXZ 00000001800036e0 f i libucrtd:osfinfo.obj
 0001:000026e0       ??B?$__crt_scoped_stack_ptr@_W@@QEBA_NXZ 00000001800036e0 f i libucrtd:lcmapstringa.obj
 0001:000026e0       ?is_valid@?$__crt_unique_heap_ptr@DU__crt_public_free_policy@@@@QEBA_NXZ 00000001800036e0 f i libvcruntimed:std_exception.obj
 0001:000026e0       ?is_valid@?$__crt_unique_heap_ptr@U__vcrt_ptd@@U__crt_internal_free_policy@@@@QEBA_NXZ 00000001800036e0 f i libvcruntimed:per_thread_data.obj
 0001:000026e0       ?valid@__crt_stdio_stream@@QEBA_NXZ 00000001800036e0 f i libucrtd:output.obj
 0001:000026e0       ?is_valid@?$__crt_unique_heap_ptr@U__crt_multibyte_data@@U__crt_internal_free_policy@@@@QEBA_NXZ 00000001800036e0 f i libucrtd:mbctype.obj
 0001:00002710       ?release@?$__crt_unique_heap_ptr@PEAU__crt_stdio_stream_data@@U__crt_internal_free_policy@@@@QEAAXXZ 0000000180003710 f i libucrtd:_file.obj
 0001:00002710       ?release@?$__crt_unique_heap_ptr@PEADU__crt_internal_free_policy@@@@QEAAXXZ 0000000180003710 f i libucrtd:argv_parsing.obj
 0001:00002710       ?release@?$__crt_unique_heap_ptr@U__acrt_ptd@@U__crt_internal_free_policy@@@@QEAAXXZ 0000000180003710 f i libucrtd:per_thread_data.obj
 0001:00002710       ?release@?$__crt_unique_heap_ptr@U__vcrt_ptd@@U__crt_internal_free_policy@@@@QEAAXXZ 0000000180003710 f i libvcruntimed:per_thread_data.obj
 0001:00002710       ?release@?$__crt_unique_heap_ptr@EU__crt_internal_free_policy@@@@QEAAXXZ 0000000180003710 f i libucrtd:argv_parsing.obj
 0001:00002710       ?release@?$__crt_unique_heap_ptr@U__crt_multibyte_data@@U__crt_internal_free_policy@@@@QEAAXXZ 0000000180003710 f i libucrtd:mbctype.obj
 0001:00002710       ?release@?$__crt_unique_heap_ptr@DU__crt_internal_free_policy@@@@QEAAXXZ 0000000180003710 f i libvcruntimed:std_type_info.obj
 0001:00002710       ?release@?$__crt_unique_heap_ptr@U__crt_lowio_handle_data@@U__crt_internal_free_policy@@@@QEAAXXZ 0000000180003710 f i libucrtd:osfinfo.obj
 0001:00002740       __std_type_info_compare    0000000180003740 f   libvcruntimed:std_type_info.obj
 0001:00002780       __std_type_info_destroy_list 0000000180003780 f   libvcruntimed:std_type_info.obj
 0001:000027e0       __vcrt_initialize          00000001800037e0 f   libvcruntimed:initialization.obj
 0001:00002820       __vcrt_thread_attach       0000000180003820 f   libvcruntimed:initialization.obj
 0001:00002840       __vcrt_thread_detach       0000000180003840 f   libvcruntimed:initialization.obj
 0001:00002860       __vcrt_uninitialize        0000000180003860 f   libvcruntimed:initialization.obj
 0001:00002880       __vcrt_uninitialize_critical 0000000180003880 f   libvcruntimed:initialization.obj
 0001:000028a0       __DestructExceptionObject  00000001800038a0 f   libvcruntimed:ehhelpers.obj
 0001:000029a0       ?_CallMemberFunction0@@YAXQEAX0@Z 00000001800039a0 f i libvcruntimed:ehhelpers.obj
 0001:00002a70       _IsExceptionObjectToBeDestroyed 0000000180003a70 f   libvcruntimed:ehhelpers.obj
 0001:00002ac0       __AdjustPointer            0000000180003ac0 f   libvcruntimed:ehhelpers.obj
 0001:00002b40       __FrameUnwindFilter        0000000180003b40 f   libvcruntimed:ehhelpers.obj
 0001:00002c00       _NLG_Notify                0000000180003c00 f   libvcruntimed:notify.obj
 0001:00002c20       __NLG_Dispatch2            0000000180003c20 f   libvcruntimed:notify.obj
 0001:00002c30       __NLG_Return2              0000000180003c30 f   libvcruntimed:notify.obj
 0001:00002c40       __except_validate_context_record 0000000180003c40 f   libvcruntimed:jbcxrval.obj
 0001:00002ca0       _vsprintf_s_l              0000000180003ca0 f i libvcruntimed:undname.obj
 0001:00002d10       sprintf_s                  0000000180003d10 f i libvcruntimed:undname.obj
 0001:00002db0       ?detach@?$__crt_unique_heap_ptr@U__crt_lowio_handle_data@@U__crt_internal_free_policy@@@@QEAAPEAU__crt_lowio_handle_data@@XZ 0000000180003db0 f i libucrtd:osfinfo.obj
 0001:00002db0       ?detach@?$__crt_unique_heap_ptr@U__crt_multibyte_data@@U__crt_internal_free_policy@@@@QEAAPEAU__crt_multibyte_data@@XZ 0000000180003db0 f i libucrtd:mbctype.obj
 0001:00002db0       ?detach@?$__crt_unique_heap_ptr@PEADU__crt_internal_free_policy@@@@QEAAPEAPEADXZ 0000000180003db0 f i libucrtd:argv_parsing.obj
 0001:00002db0       ?detach@?$__crt_unique_heap_ptr@EU__crt_internal_free_policy@@@@QEAAPEAEXZ 0000000180003db0 f i libucrtd:argv_parsing.obj
 0001:00002db0       ?detach@?$__crt_unique_heap_ptr@DU__crt_public_free_policy@@@@QEAAPEADXZ 0000000180003db0 f i libvcruntimed:std_exception.obj
 0001:00002db0       ?detach@?$__crt_unique_heap_ptr@PEAU__crt_stdio_stream_data@@U__crt_internal_free_policy@@@@QEAAPEAPEAU__crt_stdio_stream_data@@XZ 0000000180003db0 f i libucrtd:_file.obj
 0001:00002db0       ?detach@?$__crt_unique_heap_ptr@U__vcrt_ptd@@U__crt_internal_free_policy@@@@QEAAPEAU__vcrt_ptd@@XZ 0000000180003db0 f i libvcruntimed:per_thread_data.obj
 0001:00002db0       ?detach@?$__crt_unique_heap_ptr@U__acrt_ptd@@U__crt_internal_free_policy@@@@QEAAPEAU__acrt_ptd@@XZ 0000000180003db0 f i libucrtd:per_thread_data.obj
 0001:00002e20       __vcrt_freefls             0000000180003e20 f   libvcruntimed:per_thread_data.obj
 0001:00002e60       __vcrt_freeptd             0000000180003e60 f   libvcruntimed:per_thread_data.obj
 0001:00002ec0       __vcrt_getptd              0000000180003ec0 f   libvcruntimed:per_thread_data.obj
 0001:00002ef0       __vcrt_getptd_noexit       0000000180003ef0 f   libvcruntimed:per_thread_data.obj
 0001:00003090       __vcrt_initialize_ptd      0000000180004090 f   libvcruntimed:per_thread_data.obj
 0001:000030e0       __vcrt_uninitialize_ptd    00000001800040e0 f   libvcruntimed:per_thread_data.obj
 0001:00003110       __vcrt_initialize_locks    0000000180004110 f   libvcruntimed:locks.obj
 0001:00003180       __vcrt_uninitialize_locks  0000000180004180 f   libvcruntimed:locks.obj
 0001:000031f0       memcpy_repmovs             00000001800041f0 f   libvcruntimed:memcpy.obj
 0001:00003210       memmove                    0000000180004210 f   libvcruntimed:memcpy.obj
 0001:00003210       memcpy                     0000000180004210 f   libvcruntimed:memcpy.obj
 0001:00003890       ??$?0AEAViterator@TryBlockMap@__FrameHandler3@@AEAV012@$0A@@?$pair@Viterator@TryBlockMap@__FrameHandler3@@V123@@std@@QEAA@AEAViterator@TryBlockMap@__FrameHandler3@@0@Z 0000000180004890 f i libvcruntimed:risctrnsctrl.obj
 0001:000039a0       ??$_CallSETranslator@V__FrameHandler3@@@@YAHPEAUEHExceptionRecord@@PEA_KPEAU_CONTEXT@@PEAU_xDISPATCHER_CONTEXT@@PEBU_s_FuncInfo@@K1H@Z 00000001800049a0 f i libvcruntimed:risctrnsctrl.obj
 0001:00003a30       ??0iterator@TryBlockMap@__FrameHandler3@@QEAA@AEAV12@I@Z 0000000180004a30 f i libvcruntimed:risctrnsctrl.obj
 0001:00003a30       ??0iterator@HandlerMap@__FrameHandler3@@QEAA@AEAV12@I@Z 0000000180004a30 f i libvcruntimed:frame.obj
 0001:00003a60       ?CatchTryBlock@__FrameHandler3@@SAPEBU_s_TryBlockMapEntry@@PEBU_s_FuncInfo@@H@Z 0000000180004a60 f   libvcruntimed:risctrnsctrl.obj
 0001:00003af0       ?ExecutionInCatch@__FrameHandler3@@SA_NPEAU_xDISPATCHER_CONTEXT@@PEBU_s_FuncInfo@@@Z 0000000180004af0 f   libvcruntimed:risctrnsctrl.obj
 0001:00003b40       ?FrameUnwindToEmptyState@__FrameHandler3@@SAXPEA_KPEAU_xDISPATCHER_CONTEXT@@PEBU_s_FuncInfo@@@Z 0000000180004b40 f   libvcruntimed:risctrnsctrl.obj
 0001:00003be0       ?GetEstablisherFrame@__FrameHandler3@@SAPEA_KPEA_KPEAU_xDISPATCHER_CONTEXT@@PEBU_s_FuncInfo@@0@Z 0000000180004be0 f   libvcruntimed:risctrnsctrl.obj
 0001:00003d50       ?GetRangeOfTrysToCheck@__FrameHandler3@@SA?AU?$pair@Viterator@TryBlockMap@__FrameHandler3@@V123@@std@@AEAVTryBlockMap@1@HPEAU_xDISPATCHER_CONTEXT@@PEBU_s_FuncInfo@@H@Z 0000000180004d50 f   libvcruntimed:risctrnsctrl.obj
 0001:00003f90       ?UnwindNestedFrames@__FrameHandler3@@SAXPEA_KPEAUEHExceptionRecord@@PEAU_CONTEXT@@0PEAXPEBU_s_FuncInfo@@HHPEBU_s_HandlerType@@PEAU_xDISPATCHER_CONTEXT@@E@Z 0000000180004f90 f   libvcruntimed:risctrnsctrl.obj
 0001:00004100       _CreateFrameInfo           0000000180005100 f   libvcruntimed:risctrnsctrl.obj
 0001:00004170       _FindAndUnlinkFrame        0000000180005170 f   libvcruntimed:risctrnsctrl.obj
 0001:000041f0       _GetImageBase              00000001800051f0 f   libvcruntimed:risctrnsctrl.obj
 0001:00004210       _GetThrowImageBase         0000000180005210 f   libvcruntimed:risctrnsctrl.obj
 0001:00004230       _SetImageBase              0000000180005230 f   libvcruntimed:risctrnsctrl.obj
 0001:00004250       _SetThrowImageBase         0000000180005250 f   libvcruntimed:risctrnsctrl.obj
 0001:00004270       __CxxFrameHandler3         0000000180005270 f   libvcruntimed:risctrnsctrl.obj
 0001:00004350       ??$__crt_interlocked_exchange_pointer@UHINSTANCE__@@PEAU1@@@YAPEAUHINSTANCE__@@PEDSEAU0@QEAU0@@Z 0000000180005350 f i libvcruntimed:winapi_downlevel.obj
 0001:00004350       ??$__crt_interlocked_exchange_pointer@UHINSTANCE__@@PEAX@@YAPEAUHINSTANCE__@@PEDSEAU0@QEAX@Z 0000000180005350 f i libvcruntimed:winapi_downlevel.obj
 0001:00004350       ??$__crt_interlocked_exchange_pointer@XPEAX@@YAPEAXPEDSEAXQEAX@Z 0000000180005350 f i libvcruntimed:winapi_downlevel.obj
 0001:00004370       ??$__crt_interlocked_read_pointer@X@@YAPEAXPEDSEAX@Z 0000000180005370 f i libvcruntimed:winapi_downlevel.obj
 0001:00004370       ??$__crt_interlocked_read_pointer@UHINSTANCE__@@@@YAPEAUHINSTANCE__@@PEDSEAU0@@Z 0000000180005370 f i libvcruntimed:winapi_downlevel.obj
 0001:00004390       ?get_invalid_value@__crt_findfile_traits@@SAPEAXXZ 0000000180005390 f   libucrtd:argv_wildcards.obj
 0001:00004880       __vcrt_FlsAlloc            0000000180005880 f   libvcruntimed:winapi_downlevel.obj
 0001:000048d0       __vcrt_FlsFree             00000001800058d0 f   libvcruntimed:winapi_downlevel.obj
 0001:00004920       __vcrt_FlsGetValue         0000000180005920 f   libvcruntimed:winapi_downlevel.obj
 0001:00004970       __vcrt_FlsSetValue         0000000180005970 f   libvcruntimed:winapi_downlevel.obj
 0001:000049d0       __vcrt_InitializeCriticalSectionEx 00000001800059d0 f   libvcruntimed:winapi_downlevel.obj
 0001:00004a40       ?GetCurrentState@__FrameHandler3@@SAHPEA_KPEAU_xDISPATCHER_CONTEXT@@PEBU_s_FuncInfo@@@Z 0000000180005a40 f   libvcruntimed:ehstate.obj
 0001:00004aa0       ?GetUnwindTryBlock@__FrameHandler3@@SAHPEA_KPEAU_xDISPATCHER_CONTEXT@@PEBU_s_FuncInfo@@@Z 0000000180005aa0 f   libvcruntimed:ehstate.obj
 0001:00004af0       ?SetState@__FrameHandler3@@SAXPEA_KPEBU_s_FuncInfo@@H@Z 0000000180005af0 f   libvcruntimed:ehstate.obj
 0001:00004b20       ?SetUnwindTryBlock@__FrameHandler3@@SAXPEA_KPEAU_xDISPATCHER_CONTEXT@@PEBU_s_FuncInfo@@H@Z 0000000180005b20 f   libvcruntimed:ehstate.obj
 0001:00004b90       ?StateFromControlPc@__FrameHandler3@@SAHPEBU_s_FuncInfo@@PEAU_xDISPATCHER_CONTEXT@@@Z 0000000180005b90 f   libvcruntimed:ehstate.obj
 0001:00004bd0       ?StateFromIp@__FrameHandler3@@SAHPEBU_s_FuncInfo@@PEAU_xDISPATCHER_CONTEXT@@_K@Z 0000000180005bd0 f   libvcruntimed:ehstate.obj
 0001:00004cc0       ?__RVAtoRealOffset@@YA_KPEAU_xDISPATCHER_CONTEXT@@H@Z 0000000180005cc0 f i libvcruntimed:ehstate.obj
 0001:00005e90       ??$TypeMatchHelper@V__FrameHandler3@@@@YAHPEBU_s_HandlerType@@PEBU_s_CatchableType@@PEBU_s_ThrowInfo@@@Z 0000000180006e90 f i libvcruntimed:frame.obj
 0001:00006090       ??$__InternalCxxFrameHandler@V__FrameHandler3@@@@YA?AW4_EXCEPTION_DISPOSITION@@PEAUEHExceptionRecord@@PEA_KPEAU_CONTEXT@@PEAU_xDISPATCHER_CONTEXT@@PEBU_s_FuncInfo@@H1E@Z 0000000180007090 f i libvcruntimed:frame.obj
 0001:00006500       ??0HandlerMap@__FrameHandler3@@QEAA@PEBU_s_TryBlockMapEntry@@_KI@Z 0000000180007500 f i libvcruntimed:frame.obj
 0001:00006550       ??0TryBlockMap@__FrameHandler3@@QEAA@PEBU_s_FuncInfo@@_K@Z 0000000180007550 f i libvcruntimed:frame.obj
 0001:00006580       ??0bad_exception@std@@QEAA@AEBV01@@Z 0000000180007580 f i libvcruntimed:frame.obj
 0001:000065c0       ??0bad_exception@std@@QEAA@XZ 00000001800075c0 f i libvcruntimed:frame.obj
 0001:00006600       ??0exception@std@@QEAA@AEBV01@@Z 0000000180007600 f i libvcruntimed:frame.obj
 0001:00006660       ??0exception@std@@QEAA@QEBDH@Z 0000000180007660 f i libvcruntimed:frame.obj
 0001:000066b0       ??1bad_exception@std@@UEAA@XZ 00000001800076b0 f i libvcruntimed:frame.obj
 0001:000066d0       ??1exception@std@@UEAA@XZ  00000001800076d0 f i libvcruntimed:frame.obj
 0001:00006700       ??8iterator@HandlerMap@__FrameHandler3@@QEBA_NAEBV012@@Z 0000000180007700 f i libvcruntimed:frame.obj
 0001:00006740       ??8type_info@@QEBA_NAEBV0@@Z 0000000180007740 f i libvcruntimed:frame.obj
 0001:00006790       ??9iterator@HandlerMap@__FrameHandler3@@QEBA_NAEBV012@@Z 0000000180007790 f i libvcruntimed:frame.obj
 0001:000067d0       ??Diterator@HandlerMap@__FrameHandler3@@QEAA?BU_s_HandlerType@@XZ 00000001800077d0 f i libvcruntimed:frame.obj
 0001:00006810       ??Diterator@TryBlockMap@__FrameHandler3@@QEAA?BU_s_TryBlockMapEntry@@XZ 0000000180007810 f i libvcruntimed:frame.obj
 0001:00006860       ??Eiterator@TryBlockMap@__FrameHandler3@@QEAAAEAV012@XZ 0000000180007860 f i libvcruntimed:frame.obj
 0001:00006860       ??Eiterator@HandlerMap@__FrameHandler3@@QEAAAEAV012@XZ 0000000180007860 f i libvcruntimed:frame.obj
 0001:00006880       ??Miterator@TryBlockMap@__FrameHandler3@@QEBA_NAEBV012@@Z 0000000180007880 f i libvcruntimed:frame.obj
 0001:000068c0       ??_Ebad_exception@std@@UEAAPEAXI@Z 00000001800078c0 f i libvcruntimed:frame.obj
 0001:000068c0       ??_Gbad_exception@std@@UEAAPEAXI@Z 00000001800078c0 f i libvcruntimed:frame.obj
 0001:00006900       ??_Gexception@std@@UEAAPEAXI@Z 0000000180007900 f i libvcruntimed:frame.obj
 0001:00006900       ??_Eexception@std@@UEAAPEAXI@Z 0000000180007900 f i libvcruntimed:frame.obj
 0001:00006940       ?BuildCatchObject@__FrameHandler3@@SAXPEAUEHExceptionRecord@@PEAXPEBU_s_HandlerType@@PEBU_s_CatchableType@@@Z 0000000180007940 f   libvcruntimed:frame.obj
 0001:00006980       ?CxxCallCatchBlock@__FrameHandler3@@SAPEAXPEAU_EXCEPTION_RECORD@@@Z 0000000180007980 f   libvcruntimed:frame.obj
 0001:00006ce0       ?FrameUnwindToState@__FrameHandler3@@SAXPEA_KPEAU_xDISPATCHER_CONTEXT@@PEBU_s_FuncInfo@@H@Z 0000000180007ce0 f   libvcruntimed:frame.obj
 0001:00006f30       ?GetHandlerSearchState@__FrameHandler3@@SAHPEA_KPEAU_xDISPATCHER_CONTEXT@@PEBU_s_FuncInfo@@@Z 0000000180007f30 f i libvcruntimed:frame.obj
 0001:00006fe0       ?GetMaxState@__FrameHandler3@@SAHPEAU_xDISPATCHER_CONTEXT@@PEBU_s_FuncInfo@@@Z 0000000180007fe0 f i libvcruntimed:frame.obj
 0001:000071e0       __TypeMatch                00000001800081e0 f   libvcruntimed:frame.obj
 0001:000071e0       ?TypeMatch@__FrameHandler3@@SAHPEBU_s_HandlerType@@PEBU_s_CatchableType@@PEBU_s_ThrowInfo@@@Z 00000001800081e0 f   libvcruntimed:frame.obj
 0001:00007210       ?_CallMemberFunction1@@YAXQEAX00@Z 0000000180008210 f i libvcruntimed:frame.obj
 0001:00007250       ?_CallMemberFunction2@@YAXQEAX00H@Z 0000000180008250 f i libvcruntimed:frame.obj
 0001:000072e0       ?begin@HandlerMap@__FrameHandler3@@QEAA?AViterator@12@XZ 00000001800082e0 f i libvcruntimed:frame.obj
 0001:00007310       ?end@HandlerMap@__FrameHandler3@@QEAA?AViterator@12@XZ 0000000180008310 f i libvcruntimed:frame.obj
 0001:00007340       ?getESTypes@__FrameHandler3@@SAPEBU_s_ESTypeList@@PEBU_s_FuncInfo@@@Z 0000000180008340 f i libvcruntimed:frame.obj
 0001:00007380       ?getLastEntry@HandlerMap@__FrameHandler3@@QEAAPEBU_s_HandlerType@@XZ 0000000180008380 f i libvcruntimed:frame.obj
 0001:000073a0       ?getMagicNum@__FrameHandler3@@SAIPEBU_s_FuncInfo@@@Z 00000001800083a0 f i libvcruntimed:frame.obj
 0001:000073c0       ?getNumTryBlocks@TryBlockMap@__FrameHandler3@@QEAAIXZ 00000001800083c0 f i libvcruntimed:frame.obj
 0001:000073e0       ?isEHs@__FrameHandler3@@SA_NPEBU_s_FuncInfo@@@Z 00000001800083e0 f i libvcruntimed:frame.obj
 0001:00007420       ?isNoExcept@__FrameHandler3@@SA_NPEBU_s_FuncInfo@@@Z 0000000180008420 f i libvcruntimed:frame.obj
 0001:00007460       ?what@exception@std@@UEBAPEBDXZ 0000000180008460 f i libvcruntimed:frame.obj
 0001:000074a0       __vcrt_EncodePointer       00000001800084a0 f i libvcruntimed:frame.obj
 0001:000074d0       memset_repmovs             00000001800084d0 f   libvcruntimed:memset.obj
 0001:000074f0       memset                     00000001800084f0 f   libvcruntimed:memset.obj
 0001:00007690       _CallSettingFrame          0000000180008690 f   libvcruntimed:handlers.obj
 0001:000076e0       _CallSettingFrame_LookupContinuationIndex 00000001800086e0 f   libvcruntimed:handlers.obj
 0001:00007710       _CallSettingFrame_NotifyContinuationAddr 0000000180008710 f   libvcruntimed:handlers.obj
 0001:00007740       _CallSettingFrameEncoded   0000000180008740 f   libvcruntimed:handlers.obj
 0001:00007790       ??$?RD@__crt_public_free_policy@@QEBAXQEBD@Z 0000000180008790 f i libvcruntimed:std_exception.obj
 0001:000077b0       ??1?$__crt_unique_heap_ptr@DU__crt_public_free_policy@@@@QEAA@XZ 00000001800087b0 f i libvcruntimed:std_exception.obj
 0001:000077d0       ?release@?$__crt_unique_heap_ptr@DU__crt_public_free_policy@@@@QEAAXXZ 00000001800087d0 f i libvcruntimed:std_exception.obj
 0001:00007800       __std_exception_copy       0000000180008800 f   libvcruntimed:std_exception.obj
 0001:00007940       __std_exception_destroy    0000000180008940 f   libvcruntimed:std_exception.obj
 0001:00007980       _CxxThrowException         0000000180008980 f   libvcruntimed:throw.obj
 0001:00007ab0       ??$__crt_fast_decode_pointer@PEAP6AXXZ@@YAPEAP6AXXZQEAP6AXXZ@Z 0000000180008ab0 f i libucrtd:onexit.obj
 0001:00007ab0       ??$__crt_fast_decode_pointer@PEAX@@YAPEAXQEAX@Z 0000000180008ab0 f i libucrtd:winapi_thunks.obj
 0001:00007ab0       ??$__crt_fast_decode_pointer@P6AH_K@Z@@YAP6AH_K@ZQ6AH0@Z@Z 0000000180008ab0 f i libucrtd:new_handler.obj
 0001:00007ab0       ??$__crt_fast_decode_pointer@P6AXXZ@@YAP6AXXZQ6AXXZ@Z 0000000180008ab0 f i libucrtd:onexit.obj
 0001:00007ab0       ??$__crt_fast_decode_pointer@P6AXH@Z@@YAP6AXH@ZQ6AXH@Z@Z 0000000180008ab0 f i libucrtd:signal.obj
 0001:00007ab0       ??$__crt_fast_decode_pointer@P6AHPEAU_exception@@@Z@@YAP6AHPEAU_exception@@@ZQ6AH0@Z@Z 0000000180008ab0 f i libucrtd:matherr.obj
 0001:00007ab0       ??$__crt_fast_decode_pointer@P6AXPEAXK0@Z@@YAP6AXPEAXK0@ZQ6AX0K0@Z@Z 0000000180008ab0 f i libucrtd:exit.obj
 0001:00007ab0       ??$__crt_fast_decode_pointer@P6AXPEB_W00I_K@Z@@YAP6AXPEB_W00I_K@ZQ6AX000I1@Z@Z 0000000180008ab0 f i libucrtd:invalid_parameter.obj
 0001:00007af0       ??$initialize_from_array@$$BY00Q6AXPEB_W00I_K@Z@?$dual_state_global@P6AXPEB_W00I_K@Z@__crt_state_management@@QEAAXAEAY00Q6AXPEB_W00I_K@Z@Z 0000000180008af0 f i libucrtd:invalid_parameter.obj
 0001:00007b50       ?__crt_rotate_pointer_value@@YA_K_KH@Z 0000000180008b50 f i libucrtd:invalid_parameter.obj
 0001:00007b70       ?get_invalid_value@__crt_hmodule_traits@@SAPEAUHINSTANCE__@@XZ 0000000180008b70 f i libucrtd:exit.obj
 0001:00007b70       ?get_current_state_index@__crt_state_management@@YA_KXZ 0000000180008b70 f i libucrtd:invalid_parameter.obj
 0001:00007b80       ?value@?$dual_state_global@PEAU__crt_locale_data@@@__crt_state_management@@QEAAAEAPEAU__crt_locale_data@@XZ 0000000180008b80 f i libucrtd:per_thread_data.obj
 0001:00007b80       ?value@?$dual_state_global@PEAU__crt_multibyte_data@@@__crt_state_management@@QEAAAEAPEAU__crt_multibyte_data@@XZ 0000000180008b80 f i libucrtd:mbctype.obj
 0001:00007b80       ?value@?$dual_state_global@P6AXPEB_W00I_K@Z@__crt_state_management@@QEAAAEAP6AXPEB_W00I_K@ZXZ 0000000180008b80 f i libucrtd:invalid_parameter.obj
 0001:00007b80       ?value@?$dual_state_global@P6AXH@Z@__crt_state_management@@QEAAAEAP6AXH@ZXZ 0000000180008b80 f i libucrtd:signal.obj
 0001:00007b80       ?value@?$dual_state_global@P6AHPEAU_exception@@@Z@__crt_state_management@@QEAAAEAP6AHPEAU_exception@@@ZXZ 0000000180008b80 f i libucrtd:matherr.obj
 0001:00007b80       ?value@?$dual_state_global@PEAE@__crt_state_management@@QEAAAEAPEAEXZ 0000000180008b80 f i libucrtd:mbctype.obj
 0001:00007b80       ?value@?$dual_state_global@P6AH_K@Z@__crt_state_management@@QEAAAEAP6AH_K@ZXZ 0000000180008b80 f i libucrtd:new_handler.obj
 0001:00007ba0       __acrt_call_reportfault    0000000180008ba0 f   libucrtd:invalid_parameter.obj
 0001:00007cd0       __acrt_initialize_invalid_parameter_handler 0000000180008cd0 f   libucrtd:invalid_parameter.obj
 0001:00007d00       _invalid_parameter         0000000180008d00 f   libucrtd:invalid_parameter.obj
 0001:00007e00       _invalid_parameter_noinfo  0000000180008e00 f   libucrtd:invalid_parameter.obj
 0001:00007e30       _invoke_watson             0000000180008e30 f   libucrtd:invalid_parameter.obj
 0001:00008c40       ??$get_module_file_name@$$TAEAY0BAF@DH@?$__crt_char_traits@D@@SAK$$QEA$$TAEAY0BAF@D$$QEAH@Z 0000000180009c40 f i libucrtd:argv_parsing.obj
 0001:00008c40       ??$get_module_file_name@AEAPEAUHINSTANCE__@@AEAY0BAF@DK@?$__crt_char_traits@D@@SAKAEAPEAUHINSTANCE__@@AEAY0BAF@D$$QEAK@Z 0000000180009c40 f i libucrtd:dbgrpt.obj
 0001:00008c80       ??$get_module_file_name@AEAPEAUHINSTANCE__@@AEAY0BAF@_WK@?$__crt_char_traits@_W@@SAKAEAPEAUHINSTANCE__@@AEAY0BAF@_W$$QEAK@Z 0000000180009c80 f i libucrtd:dbgrpt.obj
 0001:00008cc0       ??$tcscpy_s@AEAY0BAF@D_KPEBD@?$__crt_char_traits@D@@SAHAEAY0BAF@D$$QEA_K$$QEAPEBD@Z 0000000180009cc0 f i libucrtd:dbgrpt.obj
 0001:00008d00       ??$tcscpy_s@AEAY0BAF@_W_KPEB_W@?$__crt_char_traits@_W@@SAHAEAY0BAF@_W$$QEA_K$$QEAPEB_W@Z 0000000180009d00 f i libucrtd:dbgrpt.obj
 0001:00008d40       ??$tcslen@AEAY0BAF@D@?$__crt_char_traits@D@@SA_KAEAY0BAF@D@Z 0000000180009d40 f i libucrtd:dbgrpt.obj
 0001:00008d60       ??$tcslen@AEAY0BAF@_W@?$__crt_char_traits@_W@@SA_KAEAY0BAF@_W@Z 0000000180009d60 f i libucrtd:dbgrpt.obj
 0001:00008d80       ??$tcslen@AEBQEBD@?$__crt_char_traits@D@@SA_KAEBQEBD@Z 0000000180009d80 f i libucrtd:dbgrpt.obj
 0001:00008da0       ??$tcslen@AEBQEB_W@?$__crt_char_traits@_W@@SA_KAEBQEB_W@Z 0000000180009da0 f i libucrtd:dbgrpt.obj
 0001:00008e00       _CrtDbgReport              0000000180009e00 f   libucrtd:dbgrpt.obj
 0001:00008e80       _CrtDbgReportW             0000000180009e80 f   libucrtd:dbgrpt.obj
 0001:00008f00       __acrt_MessageWindowA      0000000180009f00 f   libucrtd:dbgrpt.obj
 0001:00008f50       __acrt_MessageWindowW      0000000180009f50 f   libucrtd:dbgrpt.obj
 0001:00008fa0       _invoke_watson_if_error    0000000180009fa0 f i libucrtd:dbgrpt.obj
 0001:00008ff0       _invoke_watson_if_oneof    0000000180009ff0 f i libucrtd:dbgrpt.obj
 0001:00009050       _snwprintf_s               000000018000a050 f i libucrtd:dbgrpt.obj
 0001:000090c0       _vsnwprintf_s_l            000000018000a0c0 f i libucrtd:dbgrpt.obj
 0001:00009140       _initterm                  000000018000a140 f   libucrtd:initterm.obj
 0001:000091a0       _initterm_e                000000018000a1a0 f   libucrtd:initterm.obj
 0001:00009290       _seh_filter_dll            000000018000a290 f   libucrtd:exception_filter.obj
 0001:000092c0       _seh_filter_exe            000000018000a2c0 f   libucrtd:exception_filter.obj
 0001:00009560       ??$?B$$A6AXH@Z@__crt_fast_encoded_nullptr_t@@QEBAP6AXH@ZXZ 000000018000a560 f i libucrtd:signal.obj
 0001:00009560       ??$?B$$A6AXPEAXK0@Z@__crt_fast_encoded_nullptr_t@@QEBAP6AXPEAXK0@ZXZ 000000018000a560 f i libucrtd:exit.obj
 0001:00009560       ??$?B$$A6AXXZ@__crt_fast_encoded_nullptr_t@@QEBAP6AXXZXZ 000000018000a560 f i libucrtd:onexit.obj
 0001:00009560       ??$?BX@__crt_fast_encoded_nullptr_t@@QEBAPEAXXZ 000000018000a560 f i libucrtd:initialization.obj
 0001:00009560       ??$?BP6AXXZ@__crt_fast_encoded_nullptr_t@@QEBAPEAP6AXXZXZ 000000018000a560 f i libucrtd:onexit.obj
 0001:00009610       ??$__crt_fast_encode_pointer@P6AXXZ@@YAP6AXXZQ6AXXZ@Z 000000018000a610 f i libucrtd:onexit.obj
 0001:00009610       ??$__crt_fast_encode_pointer@P6AXPEAXK0@Z@@YAP6AXPEAXK0@ZQ6AX0K0@Z@Z 000000018000a610 f i libucrtd:exit.obj
 0001:00009610       ??$__crt_fast_encode_pointer@P6AXH@Z@@YAP6AXH@ZQ6AXH@Z@Z 000000018000a610 f i libucrtd:signal.obj
 0001:00009610       ??$__crt_fast_encode_pointer@PEAX@@YAPEAXQEAX@Z 000000018000a610 f i libucrtd:initialization.obj
 0001:00009610       ??$__crt_fast_encode_pointer@PEAP6AXXZ@@YAPEAP6AXXZQEAP6AXXZ@Z 000000018000a610 f i libucrtd:onexit.obj
 0001:00009650       ??$__crt_get_proc_address@P6AXI@Z@@YAP6AXI@ZQEAUHINSTANCE__@@QEBD@Z 000000018000a650 f i libucrtd:exit.obj
 0001:00009680       ??$__crt_interlocked_read@J@@YAJPEDJ@Z 000000018000a680 f i libucrtd:exit.obj
 0001:00009710       ??1?$__crt_unique_handle_t@U__crt_hmodule_traits@@@@QEAA@XZ 000000018000a710 f i libucrtd:exit.obj
 0001:00009870       ?__acrt_select_exit_lock@@YA?AW4__acrt_lock_id@@XZ 000000018000a870 f i libucrtd:exit.obj
 0001:00009880       ?__crt_fast_encode_pointer@@YA?AU__crt_fast_encoded_nullptr_t@@$$T@Z 000000018000a880 f i libucrtd:exit.obj
 0001:000098a0       ?__crt_interlocked_read_32@@YAHPEDH@Z 000000018000a8a0 f i libucrtd:exit.obj
 0001:000098e0       ?close@?$__crt_unique_handle_t@U__crt_hmodule_traits@@@@QEAAXXZ 000000018000a8e0 f i libucrtd:exit.obj
 0001:00009920       ?close@__crt_hmodule_traits@@SA_NPEAUHINSTANCE__@@@Z 000000018000a920 f i libucrtd:exit.obj
 0001:00009be0       __acrt_initialize_thread_local_exit_callback 000000018000abe0 f   libucrtd:exit.obj
 0001:00009c00       _cexit                     000000018000ac00 f   libucrtd:exit.obj
 0001:00009c20       _exit                      000000018000ac20 f   libucrtd:exit.obj
 0001:00009c40       _is_c_termination_complete 000000018000ac40 f   libucrtd:exit.obj
 0001:0000a480       ??$set_program_name@PEAD@?$__crt_char_traits@D@@SAX$$QEAPEAD@Z 000000018000b480 f i libucrtd:argv_parsing.obj
 0001:0000a5b0       __acrt_allocate_buffer_for_argv 000000018000b5b0 f   libucrtd:argv_parsing.obj
 0001:0000a6d0       _configure_narrow_argv     000000018000b6d0 f   libucrtd:argv_parsing.obj
 0001:0000a6f0       _set_pgmptr                000000018000b6f0 f i libucrtd:argv_parsing.obj
 0001:0000a920       ??$tcslen@AEAPEAD@?$__crt_char_traits@D@@SA_KAEAPEAD@Z 000000018000b920 f i libucrtd:environment_initialization.obj
 0001:0000a96c       ??B?$__crt_unique_heap_ptr@PEADU__crt_internal_free_policy@@@@QEBA_NXZ 000000018000b96c f i libucrtd:environment_initialization.obj
 0001:0000a974       ?detach@?$__crt_unique_heap_ptr@DU__crt_internal_free_policy@@@@QEAAPEADXZ 000000018000b974 f i libucrtd:environment_initialization.obj
 0001:0000a97c       __dcrt_uninitialize_environments_nolock 000000018000b97c f   libucrtd:environment_initialization.obj
 0001:0000a9b4       _initialize_narrow_environment 000000018000b9b4 f   libucrtd:environment_initialization.obj
 0001:0000ac90       _execute_onexit_table      000000018000bc90 f   libucrtd:onexit.obj
 0001:0000acd0       _initialize_onexit_table   000000018000bcd0 f   libucrtd:onexit.obj
 0001:0000ada0       __acrt_uninitialize_command_line 000000018000bda0 f   libucrtd:argv_data.obj
 0001:0000b010       ?initialize@?$dual_state_global@PEAU__crt_multibyte_data@@@__crt_state_management@@QEAAXQEAU__crt_multibyte_data@@@Z 000000018000c010 f i libucrtd:mbctype.obj
 0001:0000b010       ?initialize@?$dual_state_global@P6AHPEAU_exception@@@Z@__crt_state_management@@QEAAXQ6AHPEAU_exception@@@Z@Z 000000018000c010 f i libucrtd:matherr.obj
 0001:0000b010       ?initialize@?$dual_state_global@PEAU__crt_locale_data@@@__crt_state_management@@QEAAXQEAU__crt_locale_data@@@Z 000000018000c010 f i libucrtd:initialization.obj
 0001:0000b010       ?initialize@?$dual_state_global@P6AH_K@Z@__crt_state_management@@QEAAXQ6AH_K@Z@Z 000000018000c010 f i libucrtd:new_handler.obj
 0001:0000b010       ?initialize@?$dual_state_global@P6AXH@Z@__crt_state_management@@QEAAXQ6AXH@Z@Z 000000018000c010 f i libucrtd:signal.obj
 0001:0000b060       __acrt_initialize          000000018000c060 f   libucrtd:initialization.obj
 0001:0000b090       __acrt_thread_attach       000000018000c090 f   libucrtd:initialization.obj
 0001:0000b0b0       __acrt_thread_detach       000000018000c0b0 f   libucrtd:initialization.obj
 0001:0000b0c0       __acrt_uninitialize        000000018000c0c0 f   libucrtd:initialization.obj
 0001:0000b0f0       __acrt_uninitialize_critical 000000018000c0f0 f   libucrtd:initialization.obj
 0001:0000b110       terminate                  000000018000c110 f   libucrtd:terminate.obj
 0001:0000b150       ??0_LocaleUpdate@@QEAA@QEAU__crt_locale_pointers@@@Z 000000018000c150 f i libucrtd:debug_heap.obj
 0001:0000b270       ??1_LocaleUpdate@@QEAA@XZ  000000018000c270 f i libucrtd:debug_heap.obj
 0001:0000b2a0       ?GetLocaleT@_LocaleUpdate@@QEAAPEAU__crt_locale_pointers@@XZ 000000018000c2a0 f i libucrtd:debug_heap.obj
 0001:0000d280       _CrtCheckMemory            000000018000e280 f   libucrtd:debug_heap.obj
 0001:0000d410       _CrtDumpMemoryLeaks        000000018000e410 f   libucrtd:debug_heap.obj
 0001:0000d4d0       _CrtIsValidHeapPointer     000000018000e4d0 f   libucrtd:debug_heap.obj
 0001:0000d510       _CrtIsValidPointer         000000018000e510 f   libucrtd:debug_heap.obj
 0001:0000d550       _CrtMemCheckpoint          000000018000e550 f   libucrtd:debug_heap.obj
 0001:0000d7d0       _CrtMemDumpAllObjectsSince 000000018000e7d0 f   libucrtd:debug_heap.obj
 0001:0000d830       _CrtSetDbgFlag             000000018000e830 f   libucrtd:debug_heap.obj
 0001:0000d990       _CrtSetDumpClient          000000018000e990 f   libucrtd:debug_heap.obj
 0001:0000d9c0       __acrt_disable_global_locale_sync 000000018000e9c0 f i libucrtd:debug_heap.obj
 0001:0000d9f0       __acrt_enable_global_locale_sync 000000018000e9f0 f i libucrtd:debug_heap.obj
 0001:0000da20       __acrt_get_locale_data_prefix 000000018000ea20 f i libucrtd:debug_heap.obj
 0001:0000da40       __acrt_locale_changed      000000018000ea40 f i libucrtd:debug_heap.obj
 0001:0000da70       _calloc_dbg                000000018000ea70 f   libucrtd:debug_heap.obj
 0001:0000db10       _chvalidchk_l              000000018000eb10 f i libucrtd:debug_heap.obj
 0001:0000db40       _free_dbg                  000000018000eb40 f   libucrtd:debug_heap.obj
 0001:0000dbb0       _ischartype_l              000000018000ebb0 f i libucrtd:debug_heap.obj
 0001:0000dc40       _malloc_dbg                000000018000ec40 f   libucrtd:debug_heap.obj
 0001:0000dc80       _msize_dbg                 000000018000ec80 f   libucrtd:debug_heap.obj
 0001:0000de20       _realloc_dbg               000000018000ee20 f   libucrtd:debug_heap.obj
 0001:0000de90       _recalloc_dbg              000000018000ee90 f   libucrtd:debug_heap.obj
 0001:0000e460       strcpy_s                   000000018000f460 f   libucrtd:strcpy_s.obj
 0001:0000e4a0       strcmp                     000000018000f4a0 f   libucrtd:strcmp.obj
 0001:0000e520       strlen                     000000018000f520 f   libucrtd:strlen.obj
 0001:0000e5d0       abort                      000000018000f5d0 f   libucrtd:abort.obj
 0001:0000e650       ??$?0AEBV?$string_output_adapter@D@__crt_stdio_output@@AEB_KAEBQEBDAEBQEAU__crt_locale_pointers@@AEBQEAD@?$format_validation_base@DV?$string_output_adapter@D@__crt_stdio_output@@@__crt_stdio_output@@IEAA@AEBV?$string_output_adapter@D@1@AEB_KAEBQEBDAEBQEAU__crt_locale_pointers@@AEBQEAD@Z 000000018000f650 f i libucrtd:output.obj
 0001:0000e6a0       ??$?0AEBV?$string_output_adapter@D@__crt_stdio_output@@AEB_KAEBQEBDAEBQEAU__crt_locale_pointers@@AEBQEAD@?$standard_base@DV?$string_output_adapter@D@__crt_stdio_output@@@__crt_stdio_output@@IEAA@AEBV?$string_output_adapter@D@1@AEB_KAEBQEBDAEBQEAU__crt_locale_pointers@@AEBQEAD@Z 000000018000f6a0 f i libucrtd:output.obj
 0001:0000e710       ??$?0AEBV?$string_output_adapter@_W@__crt_stdio_output@@AEB_KAEBQEB_WAEBQEAU__crt_locale_pointers@@AEBQEAD@?$format_validation_base@_WV?$string_output_adapter@_W@__crt_stdio_output@@@__crt_stdio_output@@IEAA@AEBV?$string_output_adapter@_W@1@AEB_KAEBQEB_WAEBQEAU__crt_locale_pointers@@AEBQEAD@Z 000000018000f710 f i libucrtd:output.obj
 0001:0000e760       ??$?0AEBV?$string_output_adapter@_W@__crt_stdio_output@@AEB_KAEBQEB_WAEBQEAU__crt_locale_pointers@@AEBQEAD@?$standard_base@_WV?$string_output_adapter@_W@__crt_stdio_output@@@__crt_stdio_output@@IEAA@AEBV?$string_output_adapter@_W@1@AEB_KAEBQEB_WAEBQEAU__crt_locale_pointers@@AEBQEAD@Z 000000018000f760 f i libucrtd:output.obj
 0001:000100e0       ??$count@D@formatting_buffer@__crt_stdio_output@@QEBA_KXZ 00000001800110e0 f i libucrtd:output.obj
 0001:00010130       ??$count@_W@formatting_buffer@__crt_stdio_output@@QEBA_KXZ 0000000180011130 f i libucrtd:output.obj
 0001:00010180       ??$data@D@formatting_buffer@__crt_stdio_output@@QEAAPEADXZ 0000000180011180 f i libucrtd:output.obj
 0001:00010180       ??$data@_W@formatting_buffer@__crt_stdio_output@@QEAAPEA_WXZ 0000000180011180 f i libucrtd:output.obj
 0001:000101d0       ??$ensure_buffer_is_big_enough@D@formatting_buffer@__crt_stdio_output@@QEAA_N_K@Z 00000001800111d0 f i libucrtd:output.obj
 0001:00010300       ??$ensure_buffer_is_big_enough@_W@formatting_buffer@__crt_stdio_output@@QEAA_N_K@Z 0000000180011300 f i libucrtd:output.obj
 0001:00010430       ??$extract_argument_from_va_list@C_J@?$standard_base@_WV?$string_output_adapter@_W@__crt_stdio_output@@@__crt_stdio_output@@IEAA_NAEA_J@Z 0000000180011430 f i libucrtd:output.obj
 0001:00010430       ??$extract_argument_from_va_list@C_J@?$standard_base@DV?$string_output_adapter@D@__crt_stdio_output@@@__crt_stdio_output@@IEAA_NAEA_J@Z 0000000180011430 f i libucrtd:output.obj
 0001:00010470       ??$extract_argument_from_va_list@E_J@?$standard_base@DV?$string_output_adapter@D@__crt_stdio_output@@@__crt_stdio_output@@IEAA_NAEA_J@Z 0000000180011470 f i libucrtd:output.obj
 0001:00010470       ??$extract_argument_from_va_list@E_J@?$standard_base@_WV?$string_output_adapter@_W@__crt_stdio_output@@@__crt_stdio_output@@IEAA_NAEA_J@Z 0000000180011470 f i libucrtd:output.obj
 0001:000104b0       ??$extract_argument_from_va_list@F_J@?$standard_base@DV?$string_output_adapter@D@__crt_stdio_output@@@__crt_stdio_output@@IEAA_NAEA_J@Z 00000001800114b0 f i libucrtd:output.obj
 0001:000104b0       ??$extract_argument_from_va_list@F_J@?$standard_base@_WV?$string_output_adapter@_W@__crt_stdio_output@@@__crt_stdio_output@@IEAA_NAEA_J@Z 00000001800114b0 f i libucrtd:output.obj
 0001:000104f0       ??$extract_argument_from_va_list@GD@?$standard_base@DV?$string_output_adapter@D@__crt_stdio_output@@@__crt_stdio_output@@IEAA_NAEAD@Z 00000001800114f0 f i libucrtd:output.obj
 0001:00010520       ??$extract_argument_from_va_list@G_J@?$standard_base@_WV?$string_output_adapter@_W@__crt_stdio_output@@@__crt_stdio_output@@IEAA_NAEA_J@Z 0000000180011520 f i libucrtd:output.obj
 0001:00010520       ??$extract_argument_from_va_list@G_J@?$standard_base@DV?$string_output_adapter@D@__crt_stdio_output@@@__crt_stdio_output@@IEAA_NAEA_J@Z 0000000180011520 f i libucrtd:output.obj
 0001:00010560       ??$extract_argument_from_va_list@H_J@?$standard_base@DV?$string_output_adapter@D@__crt_stdio_output@@@__crt_stdio_output@@IEAA_NAEA_J@Z 0000000180011560 f i libucrtd:output.obj
 0001:00010560       ??$extract_argument_from_va_list@H_J@?$standard_base@_WV?$string_output_adapter@_W@__crt_stdio_output@@@__crt_stdio_output@@IEAA_NAEA_J@Z 0000000180011560 f i libucrtd:output.obj
 0001:00010590       ??$extract_argument_from_va_list@I_J@?$standard_base@_WV?$string_output_adapter@_W@__crt_stdio_output@@@__crt_stdio_output@@IEAA_NAEA_J@Z 0000000180011590 f i libucrtd:output.obj
 0001:00010590       ??$extract_argument_from_va_list@I_J@?$standard_base@DV?$string_output_adapter@D@__crt_stdio_output@@@__crt_stdio_output@@IEAA_NAEA_J@Z 0000000180011590 f i libucrtd:output.obj
 0001:000105c0       ??$extract_argument_from_va_list@PEAUansi_string@?1??type_case_Z@?$output_processor@DV?$string_output_adapter@D@__crt_stdio_output@@V?$format_validation_base@DV?$string_output_adapter@D@__crt_stdio_output@@@2@@__crt_stdio_output@@AEAA_NXZ@PEAU1?1??234@AEAA_NXZ@@?$standard_base@DV?$string_output_adapter@D@__crt_stdio_output@@@__crt_stdio_output@@IEAA_NAEAPEAUansi_string@?1??type_case_Z@?$output_processor@DV?$string_output_adapter@D@__crt_stdio_output@@V?$format_validation_base@DV?$string_output_adapter@D@__crt_stdio_output@@@2@@1@AEAA_NXZ@@Z 00000001800115c0 f i libucrtd:output.obj
 0001:000105c0       ??$extract_argument_from_va_list@_K_J@?$standard_base@DV?$string_output_adapter@D@__crt_stdio_output@@@__crt_stdio_output@@IEAA_NAEA_J@Z 00000001800115c0 f i libucrtd:output.obj
 0001:000105c0       ??$extract_argument_from_va_list@_J_J@?$standard_base@_WV?$string_output_adapter@_W@__crt_stdio_output@@@__crt_stdio_output@@IEAA_NAEA_J@Z 00000001800115c0 f i libucrtd:output.obj
 0001:000105c0       ??$extract_argument_from_va_list@PEADPEAD@?$standard_base@DV?$string_output_adapter@D@__crt_stdio_output@@@__crt_stdio_output@@IEAA_NAEAPEAD@Z 00000001800115c0 f i libucrtd:output.obj
 0001:000105c0       ??$extract_argument_from_va_list@PEADPEAD@?$standard_base@_WV?$string_output_adapter@_W@__crt_stdio_output@@@__crt_stdio_output@@IEAA_NAEAPEAD@Z 00000001800115c0 f i libucrtd:output.obj
 0001:000105c0       ??$extract_argument_from_va_list@_J_J@?$standard_base@DV?$string_output_adapter@D@__crt_stdio_output@@@__crt_stdio_output@@IEAA_NAEA_J@Z 00000001800115c0 f i libucrtd:output.obj
 0001:000105c0       ??$extract_argument_from_va_list@PEAXPEAX@?$standard_base@_WV?$string_output_adapter@_W@__crt_stdio_output@@@__crt_stdio_output@@IEAA_NAEAPEAX@Z 00000001800115c0 f i libucrtd:output.obj
 0001:000105c0       ??$extract_argument_from_va_list@PEAXPEAX@?$standard_base@DV?$string_output_adapter@D@__crt_stdio_output@@@__crt_stdio_output@@IEAA_NAEAPEAX@Z 00000001800115c0 f i libucrtd:output.obj
 0001:000105c0       ??$extract_argument_from_va_list@_K_J@?$standard_base@_WV?$string_output_adapter@_W@__crt_stdio_output@@@__crt_stdio_output@@IEAA_NAEA_J@Z 00000001800115c0 f i libucrtd:output.obj
 0001:000105c0       ??$extract_argument_from_va_list@PEAUansi_string@?1??type_case_Z@?$output_processor@_WV?$string_output_adapter@_W@__crt_stdio_output@@V?$format_validation_base@_WV?$string_output_adapter@_W@__crt_stdio_output@@@2@@__crt_stdio_output@@AEAA_NXZ@PEAU1?1??234@AEAA_NXZ@@?$standard_base@_WV?$string_output_adapter@_W@__crt_stdio_output@@@__crt_stdio_output@@IEAA_NAEAPEAUansi_string@?1??type_case_Z@?$output_processor@_WV?$string_output_adapter@_W@__crt_stdio_output@@V?$format_validation_base@_WV?$string_output_adapter@_W@__crt_stdio_output@@@2@@1@AEAA_NXZ@@Z 00000001800115c0 f i libucrtd:output.obj
 0001:000105f0       ??$extract_argument_from_va_list@U_CRT_DOUBLE@@U1@@?$standard_base@_WV?$string_output_adapter@_W@__crt_stdio_output@@@__crt_stdio_output@@IEAA_NAEAU_CRT_DOUBLE@@@Z 00000001800115f0 f i libucrtd:output.obj
 0001:000105f0       ??$extract_argument_from_va_list@U_CRT_DOUBLE@@U1@@?$standard_base@DV?$string_output_adapter@D@__crt_stdio_output@@@__crt_stdio_output@@IEAA_NAEAU_CRT_DOUBLE@@@Z 00000001800115f0 f i libucrtd:output.obj
 0001:00010640       ??$extract_argument_from_va_list@_W_W@?$standard_base@DV?$string_output_adapter@D@__crt_stdio_output@@@__crt_stdio_output@@IEAA_NAEA_W@Z 0000000180011640 f i libucrtd:output.obj
 0001:00010640       ??$extract_argument_from_va_list@_W_W@?$standard_base@_WV?$string_output_adapter@_W@__crt_stdio_output@@@__crt_stdio_output@@IEAA_NAEA_W@Z 0000000180011640 f i libucrtd:output.obj
 0001:00010670       ??$is_wide_character_specifier@D@__crt_stdio_output@@YA_N_KDW4length_modifier@0@@Z 0000000180011670 f i libucrtd:output.obj
 0001:00010710       ??$is_wide_character_specifier@_W@__crt_stdio_output@@YA_N_K_WW4length_modifier@0@@Z 0000000180011710 f i libucrtd:output.obj
 0001:000107e0       ??$read_va_arg@E@__crt_stdio_output@@YAEAEAPEAD@Z 00000001800117e0 f i libucrtd:output.obj
 0001:000107e0       ??$read_va_arg@C@__crt_stdio_output@@YACAEAPEAD@Z 00000001800117e0 f i libucrtd:output.obj
 0001:00010850       ??$read_va_arg@F@__crt_stdio_output@@YAFAEAPEAD@Z 0000000180011850 f i libucrtd:output.obj
 0001:00010850       ??$read_va_arg@_W@__crt_stdio_output@@YA_WAEAPEAD@Z 0000000180011850 f i libucrtd:output.obj
 0001:00010850       ??$read_va_arg@G@__crt_stdio_output@@YAGAEAPEAD@Z 0000000180011850 f i libucrtd:output.obj
 0001:000108c0       ??$read_va_arg@H@__crt_stdio_output@@YAHAEAPEAD@Z 00000001800118c0 f i libucrtd:output.obj
 0001:000108c0       ??$read_va_arg@I@__crt_stdio_output@@YAIAEAPEAD@Z 00000001800118c0 f i libucrtd:output.obj
 0001:00010920       ??$read_va_arg@PEAUansi_string@?1??type_case_Z@?$output_processor@_WV?$string_output_adapter@_W@__crt_stdio_output@@V?$format_validation_base@_WV?$string_output_adapter@_W@__crt_stdio_output@@@2@@__crt_stdio_output@@AEAA_NXZ@@__crt_stdio_output@@YAPEAUansi_string@?1??type_case_Z@?$output_processor@_WV?$string_output_adapter@_W@__crt_stdio_output@@V?$format_validation_base@_WV?$string_output_adapter@_W@__crt_stdio_output@@@2@@0@AEAA_NXZ@AEAPEAD@Z 0000000180011920 f i libucrtd:output.obj
 0001:00010920       ??$read_va_arg@U_CRT_DOUBLE@@@__crt_stdio_output@@YA?AU_CRT_DOUBLE@@AEAPEAD@Z 0000000180011920 f i libucrtd:output.obj
 0001:00010920       ??$read_va_arg@PEAD@__crt_stdio_output@@YAPEADAEAPEAD@Z 0000000180011920 f i libucrtd:output.obj
 0001:00010920       ??$read_va_arg@_K@__crt_stdio_output@@YA_KAEAPEAD@Z 0000000180011920 f i libucrtd:output.obj
 0001:00010920       ??$read_va_arg@PEAUansi_string@?1??type_case_Z@?$output_processor@DV?$string_output_adapter@D@__crt_stdio_output@@V?$format_validation_base@DV?$string_output_adapter@D@__crt_stdio_output@@@2@@__crt_stdio_output@@AEAA_NXZ@@__crt_stdio_output@@YAPEAUansi_string@?1??type_case_Z@?$output_processor@DV?$string_output_adapter@D@__crt_stdio_output@@V?$format_validation_base@DV?$string_output_adapter@D@__crt_stdio_output@@@2@@0@AEAA_NXZ@AEAPEAD@Z 0000000180011920 f i libucrtd:output.obj
 0001:00010920       ??$read_va_arg@PEAX@__crt_stdio_output@@YAPEAXAEAPEAD@Z 0000000180011920 f i libucrtd:output.obj
 0001:00010920       ??$read_va_arg@_J@__crt_stdio_output@@YA_JAEAPEAD@Z 0000000180011920 f i libucrtd:output.obj
 0001:00010990       ??$scratch_count@D@formatting_buffer@__crt_stdio_output@@QEBA_KXZ 0000000180011990 f i libucrtd:output.obj
 0001:000109b0       ??$scratch_data@D@formatting_buffer@__crt_stdio_output@@QEAAPEADXZ 00000001800119b0 f i libucrtd:output.obj
 0001:00010a20       ??$tcstol@PEBDPEAPEADH@?$__crt_char_traits@D@@SAJ$$QEAPEBD$$QEAPEAPEAD$$QEAH@Z 0000000180011a20 f i libucrtd:output.obj
 0001:00010a60       ??$tcstol@PEB_WPEAPEA_WH@?$__crt_char_traits@_W@@SAJ$$QEAPEB_W$$QEAPEAPEA_W$$QEAH@Z 0000000180011a60 f i libucrtd:output.obj
 0001:00010aa0       ??$type_case_integer_parse_into_buffer@I@?$output_processor@DV?$string_output_adapter@D@__crt_stdio_output@@V?$format_validation_base@DV?$string_output_adapter@D@__crt_stdio_output@@@2@@__crt_stdio_output@@AEAAXII_N@Z 0000000180011aa0 f i libucrtd:output.obj
 0001:00010bd0       ??$type_case_integer_parse_into_buffer@I@?$output_processor@_WV?$string_output_adapter@_W@__crt_stdio_output@@V?$format_validation_base@_WV?$string_output_adapter@_W@__crt_stdio_output@@@2@@__crt_stdio_output@@AEAAXII_N@Z 0000000180011bd0 f i libucrtd:output.obj
 0001:00010d10       ??$type_case_integer_parse_into_buffer@_K@?$output_processor@DV?$string_output_adapter@D@__crt_stdio_output@@V?$format_validation_base@DV?$string_output_adapter@D@__crt_stdio_output@@@2@@__crt_stdio_output@@AEAAX_KI_N@Z 0000000180011d10 f i libucrtd:output.obj
 0001:00010e60       ??$type_case_integer_parse_into_buffer@_K@?$output_processor@_WV?$string_output_adapter@_W@__crt_stdio_output@@V?$format_validation_base@_WV?$string_output_adapter@_W@__crt_stdio_output@@@2@@__crt_stdio_output@@AEAAX_KI_N@Z 0000000180011e60 f i libucrtd:output.obj
 0001:00010fc0       ??$write_multiple_characters@V?$string_output_adapter@D@__crt_stdio_output@@D@__crt_stdio_output@@YAXAEBV?$string_output_adapter@D@0@DHQEAH@Z 0000000180011fc0 f i libucrtd:output.obj
 0001:00011020       ??$write_multiple_characters@V?$string_output_adapter@_W@__crt_stdio_output@@D@__crt_stdio_output@@YAXAEBV?$string_output_adapter@_W@0@DHQEAH@Z 0000000180012020 f i libucrtd:output.obj
 0001:00011080       ??0?$common_data@D@__crt_stdio_output@@IEAA@XZ 0000000180012080 f i libucrtd:output.obj
 0001:00011150       ??0?$common_data@_W@__crt_stdio_output@@IEAA@XZ 0000000180012150 f i libucrtd:output.obj
 0001:00011220       ??0?$output_adapter_data@DV?$string_output_adapter@D@__crt_stdio_output@@@__crt_stdio_output@@IEAA@AEBV?$string_output_adapter@D@1@_KQEBDQEAU__crt_locale_pointers@@QEAD@Z 0000000180012220 f i libucrtd:output.obj
 0001:000112a0       ??0?$output_adapter_data@_WV?$string_output_adapter@_W@__crt_stdio_output@@@__crt_stdio_output@@IEAA@AEBV?$string_output_adapter@_W@1@_KQEB_WQEAU__crt_locale_pointers@@QEAD@Z 00000001800122a0 f i libucrtd:output.obj
 0001:00011320       ??0?$output_processor@DV?$string_output_adapter@D@__crt_stdio_output@@V?$format_validation_base@DV?$string_output_adapter@D@__crt_stdio_output@@@2@@__crt_stdio_output@@QEAA@AEBV?$string_output_adapter@D@1@_KQEBDQEAU__crt_locale_pointers@@QEAD@Z 0000000180012320 f i libucrtd:output.obj
 0001:00011370       ??0?$output_processor@_WV?$string_output_adapter@_W@__crt_stdio_output@@V?$format_validation_base@_WV?$string_output_adapter@_W@__crt_stdio_output@@@2@@__crt_stdio_output@@QEAA@AEBV?$string_output_adapter@_W@1@_KQEB_WQEAU__crt_locale_pointers@@QEAD@Z 0000000180012370 f i libucrtd:output.obj
 0001:000113c0       ??0__crt_deferred_errno_cache@@QEAA@XZ 00000001800123c0 f i libucrtd:output.obj
 0001:000113e0       ??0__crt_errno_guard@@QEAA@QEAH@Z 00000001800123e0 f i libucrtd:output.obj
 0001:00011420       ??0formatting_buffer@__crt_stdio_output@@QEAA@XZ 0000000180012420 f i libucrtd:output.obj
 0001:00011460       ??1?$common_data@D@__crt_stdio_output@@QEAA@XZ 0000000180012460 f i libucrtd:output.obj
 0001:00011460       ??1?$common_data@_W@__crt_stdio_output@@QEAA@XZ 0000000180012460 f i libucrtd:output.obj
 0001:00011480       ??1?$format_validation_base@_WV?$string_output_adapter@_W@__crt_stdio_output@@@__crt_stdio_output@@QEAA@XZ 0000000180012480 f i libucrtd:output.obj
 0001:00011480       ??1?$format_validation_base@DV?$string_output_adapter@D@__crt_stdio_output@@@__crt_stdio_output@@QEAA@XZ 0000000180012480 f i libucrtd:output.obj
 0001:000114a0       ??1?$output_adapter_data@_WV?$string_output_adapter@_W@__crt_stdio_output@@@__crt_stdio_output@@QEAA@XZ 00000001800124a0 f i libucrtd:output.obj
 0001:000114a0       ??1?$output_adapter_data@DV?$string_output_adapter@D@__crt_stdio_output@@@__crt_stdio_output@@QEAA@XZ 00000001800124a0 f i libucrtd:output.obj
 0001:000114c0       ??1?$output_processor@DV?$string_output_adapter@D@__crt_stdio_output@@V?$format_validation_base@DV?$string_output_adapter@D@__crt_stdio_output@@@2@@__crt_stdio_output@@QEAA@XZ 00000001800124c0 f i libucrtd:output.obj
 0001:000114c0       ??1?$output_processor@_WV?$string_output_adapter@_W@__crt_stdio_output@@V?$format_validation_base@_WV?$string_output_adapter@_W@__crt_stdio_output@@@2@@__crt_stdio_output@@QEAA@XZ 00000001800124c0 f i libucrtd:output.obj
 0001:000114e0       ??1?$standard_base@DV?$string_output_adapter@D@__crt_stdio_output@@@__crt_stdio_output@@QEAA@XZ 00000001800124e0 f i libucrtd:output.obj
 0001:000114e0       ??1?$standard_base@_WV?$string_output_adapter@_W@__crt_stdio_output@@@__crt_stdio_output@@QEAA@XZ 00000001800124e0 f i libucrtd:output.obj
 0001:00011500       ??1__crt_errno_guard@@QEAA@XZ 0000000180012500 f i libucrtd:output.obj
 0001:00011530       ??1formatting_buffer@__crt_stdio_output@@QEAA@XZ 0000000180012530 f i libucrtd:output.obj
 0001:00011560       ??4?$__crt_unique_heap_ptr@DU__crt_internal_free_policy@@@@QEAAAEAV0@$$QEAV0@@Z 0000000180012560 f i libucrtd:output.obj
 0001:000115a0       ??A?$spectre_mitigated_lookup_table@Ustate_transition_pair@__crt_stdio_output@@$0IA@@__crt_stdio_output@@QEBAAEBUstate_transition_pair@1@_K@Z 00000001800125a0 f i libucrtd:output.obj
 0001:000115c0       ?adjust_hexit@?$output_processor@DV?$string_output_adapter@D@__crt_stdio_output@@V?$format_validation_base@DV?$string_output_adapter@D@__crt_stdio_output@@@2@@__crt_stdio_output@@CADH_N@Z 00000001800125c0 f i libucrtd:output.obj
 0001:000115c0       ?adjust_hexit@?$output_processor@_WV?$string_output_adapter@_W@__crt_stdio_output@@V?$format_validation_base@_WV?$string_output_adapter@_W@__crt_stdio_output@@@2@@__crt_stdio_output@@CADH_N@Z 00000001800125c0 f i libucrtd:output.obj
 0001:00011610       ?advance_to_next_pass@?$standard_base@_WV?$string_output_adapter@_W@__crt_stdio_output@@@__crt_stdio_output@@IEAA_NXZ 0000000180012610 f i libucrtd:output.obj
 0001:00011610       ?advance_to_next_pass@?$standard_base@DV?$string_output_adapter@D@__crt_stdio_output@@@__crt_stdio_output@@IEAA_NXZ 0000000180012610 f i libucrtd:output.obj
 0001:00011660       ?crop_zeroes@__crt_stdio_output@@YAXPEADQEAU__crt_locale_pointers@@@Z 0000000180012660 f i libucrtd:output.obj
 0001:000117a0       ?find_next_state@?$output_processor@DV?$string_output_adapter@D@__crt_stdio_output@@V?$format_validation_base@DV?$string_output_adapter@D@__crt_stdio_output@@@2@@__crt_stdio_output@@AEBA?AW4state@2@DW432@@Z 00000001800127a0 f i libucrtd:output.obj
 0001:00011830       ?find_next_state@?$output_processor@_WV?$string_output_adapter@_W@__crt_stdio_output@@V?$format_validation_base@_WV?$string_output_adapter@_W@__crt_stdio_output@@@2@@__crt_stdio_output@@AEBA?AW4state@2@_WW432@@Z 0000000180012830 f i libucrtd:output.obj
 0001:000118c0       ?force_decimal_point@__crt_stdio_output@@YAXPEADQEAU__crt_locale_pointers@@@Z 00000001800128c0 f i libucrtd:output.obj
 0001:000119c0       ?get@__crt_deferred_errno_cache@@QEAAAEAHXZ 00000001800129c0 f i libucrtd:output.obj
 0001:000119f0       ?get_flags@__crt_stdio_stream@@QEBAJXZ 00000001800129f0 f i libucrtd:output.obj
 0001:00011a20       ?has_flag@?$output_processor@_WV?$string_output_adapter@_W@__crt_stdio_output@@V?$format_validation_base@_WV?$string_output_adapter@_W@__crt_stdio_output@@@2@@__crt_stdio_output@@AEBA_NI@Z 0000000180012a20 f i libucrtd:output.obj
 0001:00011a20       ?has_flag@?$output_processor@DV?$string_output_adapter@D@__crt_stdio_output@@V?$format_validation_base@DV?$string_output_adapter@D@__crt_stdio_output@@@2@@__crt_stdio_output@@AEBA_NI@Z 0000000180012a20 f i libucrtd:output.obj
 0001:00011a60       ?is_string_backed@__crt_stdio_stream@@QEBA_NXZ 0000000180012a60 f i libucrtd:output.obj
 0001:00011aa0       ?narrow_null_string@?$output_processor@DV?$string_output_adapter@D@__crt_stdio_output@@V?$format_validation_base@DV?$string_output_adapter@D@__crt_stdio_output@@@2@@__crt_stdio_output@@CAPEADXZ 0000000180012aa0 f i libucrtd:output.obj
 0001:00011aa0       ?narrow_null_string@?$output_processor@_WV?$string_output_adapter@_W@__crt_stdio_output@@V?$format_validation_base@_WV?$string_output_adapter@_W@__crt_stdio_output@@@2@@__crt_stdio_output@@CAPEADXZ 0000000180012aa0 f i libucrtd:output.obj
 0001:00011ab0       ?parse_int_from_format_string@?$output_processor@DV?$string_output_adapter@D@__crt_stdio_output@@V?$format_validation_base@DV?$string_output_adapter@D@__crt_stdio_output@@@2@@__crt_stdio_output@@AEAA_NQEAH@Z 0000000180012ab0 f i libucrtd:output.obj
 0001:00011ba0       ?parse_int_from_format_string@?$output_processor@_WV?$string_output_adapter@_W@__crt_stdio_output@@V?$format_validation_base@_WV?$string_output_adapter@_W@__crt_stdio_output@@@2@@__crt_stdio_output@@AEAA_NQEAH@Z 0000000180012ba0 f i libucrtd:output.obj
 0001:00011c90       ?process@?$output_processor@DV?$string_output_adapter@D@__crt_stdio_output@@V?$format_validation_base@DV?$string_output_adapter@D@__crt_stdio_output@@@2@@__crt_stdio_output@@QEAAHXZ 0000000180012c90 f i libucrtd:output.obj
 0001:00011ff0       ?process@?$output_processor@_WV?$string_output_adapter@_W@__crt_stdio_output@@V?$format_validation_base@_WV?$string_output_adapter@_W@__crt_stdio_output@@@2@@__crt_stdio_output@@QEAAHXZ 0000000180012ff0 f i libucrtd:output.obj
 0001:00012350       ?set_flag@?$output_processor@DV?$string_output_adapter@D@__crt_stdio_output@@V?$format_validation_base@DV?$string_output_adapter@D@__crt_stdio_output@@@2@@__crt_stdio_output@@AEAAXI@Z 0000000180013350 f i libucrtd:output.obj
 0001:00012350       ?set_flag@?$output_processor@_WV?$string_output_adapter@_W@__crt_stdio_output@@V?$format_validation_base@_WV?$string_output_adapter@_W@__crt_stdio_output@@@2@@__crt_stdio_output@@AEAAXI@Z 0000000180013350 f i libucrtd:output.obj
 0001:00012370       ?validate_and_update_state_at_beginning_of_format_character@?$standard_base@_WV?$string_output_adapter@_W@__crt_stdio_output@@@__crt_stdio_output@@IEAA_NXZ 0000000180013370 f i libucrtd:output.obj
 0001:00012370       ?validate_state_for_type_case_a@?$standard_base@DV?$string_output_adapter@D@__crt_stdio_output@@@__crt_stdio_output@@IEBA_NXZ 0000000180013370 f i libucrtd:output.obj
 0001:00012370       ?should_format@?$standard_base@_WV?$string_output_adapter@_W@__crt_stdio_output@@@__crt_stdio_output@@IEAA_NXZ 0000000180013370 f i libucrtd:output.obj
 0001:00012370       ?validate_and_update_state_at_beginning_of_format_character@?$standard_base@DV?$string_output_adapter@D@__crt_stdio_output@@@__crt_stdio_output@@IEAA_NXZ 0000000180013370 f i libucrtd:output.obj
 0001:00012370       ?validate_state_for_type_case_a@?$standard_base@_WV?$string_output_adapter@_W@__crt_stdio_output@@@__crt_stdio_output@@IEBA_NXZ 0000000180013370 f i libucrtd:output.obj
 0001:00012370       ?should_format@?$standard_base@DV?$string_output_adapter@D@__crt_stdio_output@@@__crt_stdio_output@@IEAA_NXZ 0000000180013370 f i libucrtd:output.obj
 0001:00012380       ?should_skip_type_state_output@?$standard_base@_WV?$string_output_adapter@_W@__crt_stdio_output@@@__crt_stdio_output@@IEBA_NXZ 0000000180013380 f i libucrtd:output.obj
 0001:00012380       ?should_skip_normal_state_processing@?$standard_base@_WV?$string_output_adapter@_W@__crt_stdio_output@@@__crt_stdio_output@@IEAA_NXZ 0000000180013380 f i libucrtd:output.obj
 0001:00012380       ?should_skip_type_state_output@?$standard_base@DV?$string_output_adapter@D@__crt_stdio_output@@@__crt_stdio_output@@IEBA_NXZ 0000000180013380 f i libucrtd:output.obj
 0001:00012380       ?should_skip_normal_state_processing@?$standard_base@DV?$string_output_adapter@D@__crt_stdio_output@@@__crt_stdio_output@@IEAA_NXZ 0000000180013380 f i libucrtd:output.obj
 0001:00012390       ?state_case_dot@?$output_processor@_WV?$string_output_adapter@_W@__crt_stdio_output@@V?$format_validation_base@_WV?$string_output_adapter@_W@__crt_stdio_output@@@2@@__crt_stdio_output@@AEAA_NXZ 0000000180013390 f i libucrtd:output.obj
 0001:00012390       ?state_case_dot@?$output_processor@DV?$string_output_adapter@D@__crt_stdio_output@@V?$format_validation_base@DV?$string_output_adapter@D@__crt_stdio_output@@@2@@__crt_stdio_output@@AEAA_NXZ 0000000180013390 f i libucrtd:output.obj
 0001:000123b0       ?state_case_flag@?$output_processor@DV?$string_output_adapter@D@__crt_stdio_output@@V?$format_validation_base@DV?$string_output_adapter@D@__crt_stdio_output@@@2@@__crt_stdio_output@@AEAA_NXZ 00000001800133b0 f i libucrtd:output.obj
 0001:00012450       ?state_case_flag@?$output_processor@_WV?$string_output_adapter@_W@__crt_stdio_output@@V?$format_validation_base@_WV?$string_output_adapter@_W@__crt_stdio_output@@@2@@__crt_stdio_output@@AEAA_NXZ 0000000180013450 f i libucrtd:output.obj
 0001:000124f0       ?state_case_normal@?$output_processor@DV?$string_output_adapter@D@__crt_stdio_output@@V?$format_validation_base@DV?$string_output_adapter@D@__crt_stdio_output@@@2@@__crt_stdio_output@@AEAA_NXZ 00000001800134f0 f i libucrtd:output.obj
 0001:000125d0       ?state_case_normal@?$output_processor@_WV?$string_output_adapter@_W@__crt_stdio_output@@V?$format_validation_base@_WV?$string_output_adapter@_W@__crt_stdio_output@@@2@@__crt_stdio_output@@AEAA_NXZ 00000001800135d0 f i libucrtd:output.obj
 0001:000126b0       ?state_case_normal_common@?$output_processor@DV?$string_output_adapter@D@__crt_stdio_output@@V?$format_validation_base@DV?$string_output_adapter@D@__crt_stdio_output@@@2@@__crt_stdio_output@@AEAA_NXZ 00000001800136b0 f i libucrtd:output.obj
 0001:00012700       ?state_case_normal_common@?$output_processor@_WV?$string_output_adapter@_W@__crt_stdio_output@@V?$format_validation_base@_WV?$string_output_adapter@_W@__crt_stdio_output@@@2@@__crt_stdio_output@@AEAA_NXZ 0000000180013700 f i libucrtd:output.obj
 0001:00012750       ?state_case_normal_tchar@?$output_processor@DV?$string_output_adapter@D@__crt_stdio_output@@V?$format_validation_base@DV?$string_output_adapter@D@__crt_stdio_output@@@2@@__crt_stdio_output@@AEAA_ND@Z 0000000180013750 f i libucrtd:output.obj
 0001:00012890       ?state_case_normal_tchar@?$output_processor@_WV?$string_output_adapter@_W@__crt_stdio_output@@V?$format_validation_base@_WV?$string_output_adapter@_W@__crt_stdio_output@@@2@@__crt_stdio_output@@AEAA_N_W@Z 0000000180013890 f i libucrtd:output.obj
 0001:000128b0       ?state_case_percent@?$output_processor@_WV?$string_output_adapter@_W@__crt_stdio_output@@V?$format_validation_base@_WV?$string_output_adapter@_W@__crt_stdio_output@@@2@@__crt_stdio_output@@AEAA_NXZ 00000001800138b0 f i libucrtd:output.obj
 0001:000128b0       ?state_case_percent@?$output_processor@DV?$string_output_adapter@D@__crt_stdio_output@@V?$format_validation_base@DV?$string_output_adapter@D@__crt_stdio_output@@@2@@__crt_stdio_output@@AEAA_NXZ 00000001800138b0 f i libucrtd:output.obj
 0001:00012900       ?state_case_precision@?$output_processor@DV?$string_output_adapter@D@__crt_stdio_output@@V?$format_validation_base@DV?$string_output_adapter@D@__crt_stdio_output@@@2@@__crt_stdio_output@@AEAA_NXZ 0000000180013900 f i libucrtd:output.obj
 0001:00012980       ?state_case_precision@?$output_processor@_WV?$string_output_adapter@_W@__crt_stdio_output@@V?$format_validation_base@_WV?$string_output_adapter@_W@__crt_stdio_output@@@2@@__crt_stdio_output@@AEAA_NXZ 0000000180013980 f i libucrtd:output.obj
 0001:00012a00       ?state_case_size@?$output_processor@DV?$string_output_adapter@D@__crt_stdio_output@@V?$format_validation_base@DV?$string_output_adapter@D@__crt_stdio_output@@@2@@__crt_stdio_output@@AEAA_NXZ 0000000180013a00 f i libucrtd:output.obj
 0001:00012e80       ?state_case_size@?$output_processor@_WV?$string_output_adapter@_W@__crt_stdio_output@@V?$format_validation_base@_WV?$string_output_adapter@_W@__crt_stdio_output@@@2@@__crt_stdio_output@@AEAA_NXZ 0000000180013e80 f i libucrtd:output.obj
 0001:00013300       ?state_case_type@?$output_processor@DV?$string_output_adapter@D@__crt_stdio_output@@V?$format_validation_base@DV?$string_output_adapter@D@__crt_stdio_output@@@2@@__crt_stdio_output@@AEAA_NXZ 0000000180014300 f i libucrtd:output.obj
 0001:000137a0       ?state_case_type@?$output_processor@_WV?$string_output_adapter@_W@__crt_stdio_output@@V?$format_validation_base@_WV?$string_output_adapter@_W@__crt_stdio_output@@@2@@__crt_stdio_output@@AEAA_NXZ 00000001800147a0 f i libucrtd:output.obj
[...]
 0002:00011fa0       $unwind$_query_new_handler 000000018004afa0     libucrtd:new_handler.obj
 0002:00011fc0       $unwind$_isctype_l         000000018004afc0     libucrtd:isctype.obj
 0002:00011fd4       $unwind$_chvalidator_l     000000018004afd4     libucrtd:isctype.obj
 0002:00011fdc       $unwind$_expand_base       000000018004afdc     libucrtd:expand.obj
 0002:00011fe4       $unwind$?return_illegal_sequence@__crt_mbstring@@YA_KPEAU_Mbstatet@@@Z 000000018004afe4     libucrtd:c32rtomb.obj
 0002:00011fe4       $unwind$??R<lambda_3e16ef9562a7dcce91392c22ab16ea36>@@QEBA@XZ 000000018004afe4     libucrtd:wsetlocale.obj
 0002:00011fe4       $unwind$fesetenv           000000018004afe4     libucrtd:fesetenv.obj
 0002:00011fec       $unwind$??$?RV<lambda_410d79af7f07d98d83a3f525b3859a53>@@AEAV<lambda_3e16ef9562a7dcce91392c22ab16ea36>@@V<lambda_38119f0e861e05405d8a144b9b982f0a>@@@?$__crt_seh_guarded_call@X@@QEAAX$$QEAV<lambda_410d79af7f07d98d83a3f525b3859a53>@@AEAV<lambda_3e16ef9562a7dcce91392c22ab16ea36>@@$$QEAV<lambda_38119f0e861e05405d8a144b9b982f0a>@@@Z 000000018004afec     libucrtd:wsetlocale.obj
 0002:0001200c       $unwind$?write_string_to_console@@YAXQEB_W@Z 000000018004b00c     libucrtd:report_runtime_error.obj
 0002:0001201c       $unwind$?fp_format_g@@YAHQEBNQEAD_K12H_NIW4__acrt_rounding_mode@@QEAU__crt_locale_pointers@@@Z 000000018004b01c     libucrtd:cvt.obj
 0002:0001201c       $unwind$_mbtowc_l          000000018004b01c     libucrtd:mbtowc.obj
 0002:00012028       $unwind$_wctomb_s_l        000000018004b028     libucrtd:wctomb.obj
 0002:00012034       $unwind$?fp_format_nan_or_infinity@@YAHW4__acrt_fp_class@@_NPEAD_K1@Z 000000018004b034     libucrtd:cvt.obj
 0002:0001203c       $unwind$?fe_to_nearest@@YA_NQEBN_KF@Z 000000018004b03c     libucrtd:cvt.obj
 0002:00012044       $unwind$?should_round_up@@YA_NQEBN_KFW4__acrt_rounding_mode@@@Z 000000018004b044     libucrtd:cvt.obj
 0002:0001204c       $unwind$?fp_format_a@@YAHQEBNPEAD_KQEAD2H_NIQEAU__crt_locale_pointers@@W4__acrt_rounding_mode@@@Z 000000018004b04c     libucrtd:cvt.obj
 0002:0001205c       $stateUnwindMap$?fp_format_a@@YAHQEBNPEAD_KQEAD2H_NIQEAU__crt_locale_pointers@@W4__acrt_rounding_mode@@@Z 000000018004b05c     libucrtd:cvt.obj
 0002:00012070       $ip2state$?fp_format_a@@YAHQEBNPEAD_KQEAD2H_NIQEAU__crt_locale_pointers@@W4__acrt_rounding_mode@@@Z 000000018004b070     libucrtd:cvt.obj
 0002:000120b8       $unwind$?fp_format_f@@YAHQEBNQEAD_K12HQEAU__crt_locale_pointers@@W4__acrt_rounding_mode@@@Z 000000018004b0b8     libucrtd:cvt.obj
 0002:000120c0       $unwind$__acrt_update_thread_locale_data 000000018004b0c0     libucrtd:locale_refcounting.obj
 0002:000120e0       $unwind$??$common_xtox_s@KD@@YAHKQEAD_KI_N@Z 000000018004b0e0     libucrtd:xtoa.obj
 0002:000120e0       $unwind$??$common_xtox_s@K_W@@YAHKQEA_W_KI_N@Z 000000018004b0e0     libucrtd:xtoa.obj
 0002:000120e8       $unwind$_mbstowcs_s_l      000000018004b0e8     libucrtd:mbstowcs.obj
 0002:000120e8       $unwind$?__acrt_LCMapStringA_stat@@YAHPEAU__crt_locale_pointers@@PEB_WKPEBDHPEADHHH@Z 000000018004b0e8     libucrtd:lcmapstringa.obj
 0002:000120f0       $unwind$?_mbstowcs_l_helper@@YA_KPEA_WPEBD_KPEAU__crt_locale_pointers@@@Z 000000018004b0f0     libucrtd:mbstowcs.obj
 0002:000120fc       $unwind$?_wcstombs_l_helper@@YA_KPEADPEB_W_KPEAU__crt_locale_pointers@@@Z 000000018004b0fc     libucrtd:wcstombs.obj
 0002:00012114       $stateUnwindMap$?_wcstombs_l_helper@@YA_KPEADPEB_W_KPEAU__crt_locale_pointers@@@Z 000000018004b114     libucrtd:wcstombs.obj
 0002:00012120       $ip2state$?_wcstombs_l_helper@@YA_KPEADPEB_W_KPEAU__crt_locale_pointers@@@Z 000000018004b120     libucrtd:wcstombs.obj
 0002:00012238       $unwind$??$common_tcscat_s@D@@YAHQEAD_KQEBD@Z 000000018004b238     libucrtd:strcat_s.obj
 0002:00012238       $unwind$??$common_tcscat_s@_W@@YAHQEA_W_KQEB_W@Z 000000018004b238     libucrtd:wcscat_s.obj
 0002:00012240       $unwind$__acrt_OutputDebugStringA 000000018004b240     libucrtd:outputdebugstringa.obj
 0002:00012254       $unwind$qsort              000000018004b254     libucrtd:qsort.obj
 0002:00012264       $unwind$?shortsort@@YAXPEAD0_KP6AHPEBX2@Z@Z 000000018004b264     libucrtd:qsort.obj
 0002:00012274       $stateUnwindMap$?shortsort@@YAXPEAD0_KP6AHPEBX2@Z@Z 000000018004b274     libucrtd:qsort.obj
 0002:00012280       $ip2state$?shortsort@@YAXPEAD0_KP6AHPEBX2@Z@Z 000000018004b280     libucrtd:qsort.obj
 0002:00012298       $unwind$??$common_tcsncpy_s@D@@YAHQEAD_KQEBD1@Z 000000018004b298     libucrtd:strncpy_s.obj
 0002:00012298       $unwind$??$common_tcsncpy_s@_W@@YAHQEA_W_KQEB_W1@Z 000000018004b298     libucrtd:wcsncpy_s.obj
 0002:000122a0       $unwind$strpbrk            000000018004b2a0     libucrtd:strpbrk.obj
 0002:000122a8       $unwind$fallbackMethod     000000018004b2a8     libucrtd:strpbrk.obj
 0002:000122b8       $unwind$_mbsdec_l          000000018004b2b8     libucrtd:mbsdec.obj
 0002:000122c4       $unwind$__acrt_GetStringTypeA 000000018004b2c4     libucrtd:getstringtypea.obj
 0002:000122cc       $unwind$__acrt_LCMapStringA 000000018004b2cc     libucrtd:lcmapstringa.obj
 0002:000122d4       $unwind$__acrt_lowio_create_handle_array 000000018004b2d4     libucrtd:osfinfo.obj
 0002:000122dc       $unwind$__acrt_lowio_ensure_fh_exists 000000018004b2dc     libucrtd:osfinfo.obj
 0002:000122fc       $unwind$??R<lambda_ab61a845afdef5b7c387490eaf3616ee>@@QEBA@XZ 000000018004b2fc     libucrtd:fflush.obj
 0002:00012304       $unwind$??$?RV<lambda_842d9ff0dc9ef11c61343bbaebe7f885>@@AEAV<lambda_c5860995281e5c4ce005b3de8f5874ee>@@V<lambda_d90129c13df834fdcbf8d2b88dafcf2d>@@@?$__crt_seh_guarded_call@X@@QEAAX$$QEAV<lambda_842d9ff0dc9ef11c61343bbaebe7f885>@@AEAV<lambda_c5860995281e5c4ce005b3de8f5874ee>@@$$QEAV<lambda_d90129c13df834fdcbf8d2b88dafcf2d>@@@Z 000000018004b304     libucrtd:fflush.obj
 0002:00012324       $unwind$??$?RV<lambda_886d6c58226a84441f68b9f2b8217b83>@@AEAV<lambda_ab61a845afdef5b7c387490eaf3616ee>@@V<lambda_f7f22ab5edc0698d5f6905b0d3f44752>@@@?$__crt_seh_guarded_call@X@@QEAAX$$QEAV<lambda_886d6c58226a84441f68b9f2b8217b83>@@AEAV<lambda_ab61a845afdef5b7c387490eaf3616ee>@@$$QEAV<lambda_f7f22ab5edc0698d5f6905b0d3f44752>@@@Z 000000018004b324     libucrtd:fflush.obj
 0002:00012344       $unwind$_isleadbyte_l      000000018004b344     libucrtd:_wctype.obj
 0002:0001234c       $unwind$?__mbsrtowcs_utf8@__crt_mbstring@@YA_KPEA_WPEAPEBD_KPEAU_Mbstatet@@@Z 000000018004b34c     libucrtd:mbrtowc.obj
 0002:00012354       $unwind$?__c32rtomb_utf8@__crt_mbstring@@YA_KPEAD_UPEAU_Mbstatet@@@Z 000000018004b354     libucrtd:c32rtomb.obj
 0002:0001235c       $unwind$?reset_and_return@__crt_mbstring@@YA_K_KPEAU_Mbstatet@@@Z 000000018004b35c     libucrtd:c32rtomb.obj
 0002:00012364       $unwind$__acrt_fltout      000000018004b364     libucrtd:cfout.obj
 0002:0001236c       $unwind$?make_big_integer@__crt_strtox@@YA?AUbig_integer@1@_K@Z 000000018004b36c     libucrtd:cfout.obj
 0002:0001237c       $unwind$?make_big_integer_power_of_two@__crt_strtox@@YA?AUbig_integer@1@I@Z 000000018004b37c     libucrtd:cfout.obj
 0002:0001238c       $unwind$?shift_left@__crt_strtox@@YA_NAEAUbig_integer@1@I@Z 000000018004b38c     libucrtd:cfout.obj
 0002:0001239c       $unwind$?add_multiply_carry@__crt_strtox@@YAIAEAIIII@Z 000000018004b39c     libucrtd:cfout.obj
 0002:000123a4       $unwind$?multiply@__crt_strtox@@YA_NAEAUbig_integer@1@I@Z 000000018004b3a4     libucrtd:cfout.obj
 0002:000123b4       $unwind$?multiply@__crt_strtox@@YA_NAEAUbig_integer@1@AEBU21@@Z 000000018004b3b4     libucrtd:cfout.obj
 0002:000123c4       $unwind$?multiply_by_power_of_ten@__crt_strtox@@YA_NAEAUbig_integer@1@I@Z 000000018004b3c4     libucrtd:cfout.obj
 0002:000123d4       $unwind$?divide@__crt_strtox@@YA_KAEAUbig_integer@1@AEBU21@@Z 000000018004b3d4     libucrtd:cfout.obj
 0002:000123e4       $unwind$??$convert_to_fos_high_precision@N@@YA?AW4__acrt_has_trailing_digits@@NIQEAHQEAD_K@Z 000000018004b3e4     libucrtd:cfout.obj
 0002:000123f4       $unwind$_fcloseall         000000018004b3f4     libucrtd:closeall.obj
 0002:00012414       $unwind$?__wcsrtombs_utf8@__crt_mbstring@@YA_KPEADPEAPEB_W_KPEAU_Mbstatet@@@Z 000000018004b414     libucrtd:wcrtomb.obj
 0002:00012424       $unwind$??$?RV<lambda_4e3dbe6921bc0b5a1a6bc6573fdc859e>@@AEAV<lambda_5533cddd4bda0037814beee657757329>@@V<lambda_47cffbaa968af5c721c38a4a6f8da44d>@@@?$__crt_seh_guarded_call@H@@QEAAH$$QEAV<lambda_4e3dbe6921bc0b5a1a6bc6573fdc859e>@@AEAV<lambda_5533cddd4bda0037814beee657757329>@@$$QEAV<lambda_47cffbaa968af5c721c38a4a6f8da44d>@@@Z 000000018004b424     libucrtd:commit.obj
 0002:00012444       $unwind$_write             000000018004b444     libucrtd:write.obj
 0002:00012464       $unwind$_write_nolock      000000018004b464     libucrtd:write.obj
 0002:00012478       $unwind$?write_double_translated_ansi_nolock@@YA?AUwrite_result@?A0x17268360@@HQEBDI@Z 000000018004b478     libucrtd:write.obj
 0002:0001248c       $unwind$?write_double_translated_unicode_nolock@@YA?AUwrite_result@?A0x17268360@@QEBDI@Z 000000018004b48c     libucrtd:write.obj
 0002:000124a0       $unwind$?write_text_ansi_nolock@@YA?AUwrite_result@?A0x17268360@@HQEBDI@Z 000000018004b4a0     libucrtd:write.obj
 0002:000124a0       $unwind$?write_text_utf16le_nolock@@YA?AUwrite_result@?A0x17268360@@HQEBDI@Z 000000018004b4a0     libucrtd:write.obj
 0002:000124b4       $unwind$?write_text_utf8_nolock@@YA?AUwrite_result@?A0x17268360@@HQEBDI@Z 000000018004b4b4     libucrtd:write.obj
 0002:000124c8       $unwind$?write_binary_nolock@@YA?AUwrite_result@?A0x17268360@@HQEBDI@Z 000000018004b4c8     libucrtd:write.obj
 0002:000124dc       $unwind$?__mbrtoc32_utf8@__crt_mbstring@@YA_KPEA_UPEBD_KPEAU_Mbstatet@@@Z 000000018004b4dc     libucrtd:mbrtoc32.obj
 0002:000124f0       $xdatasym                  000000018004b4f0     libucrtd:log10.obj
 0002:000124fc       $unwind$ceil               000000018004b4fc     libucrtd:ceil.obj
 0002:00012504       $unwind$fclose             000000018004b504     libucrtd:fclose.obj
 0002:00012524       $unwind$?__c16rtomb_utf8@__crt_mbstring@@YA_KPEAD_SPEAU_Mbstatet@@@Z 000000018004b524     libucrtd:c16rtomb.obj
 0002:0001252c       $unwind$__acrt_initialize_fma3 000000018004b52c     libucrtd:fma3_available.obj
 0002:0001253c       $unwind$_log_special_common 000000018004b53c     libucrtd:log_special.obj
 0002:0001254c       $unwind$_log10_special     000000018004b54c     libucrtd:log_special.obj
 0002:00012554       $unwind$_handle_error      000000018004b554     libucrtd:libm_error.obj
 0002:00012564       $unwind$common_control87   000000018004b564     libucrtd:ieee.obj
 0002:00012584       $unwind$??$?RV<lambda_53fc7fc888e23d815d7080162c0aeeb2>@@AEAV<lambda_4e7105787b7b0e0227fbf2b2d883fa65>@@V<lambda_8ddc48ad9d26c778cb15812d1d88fc8a>@@@?$__crt_seh_guarded_call@H@@QEAAH$$QEAV<lambda_53fc7fc888e23d815d7080162c0aeeb2>@@AEAV<lambda_4e7105787b7b0e0227fbf2b2d883fa65>@@$$QEAV<lambda_8ddc48ad9d26c778cb15812d1d88fc8a>@@@Z 000000018004b584     libucrtd:close.obj
 0002:000125a4       $unwind$__dcrt_lowio_ensure_console_output_initialized 000000018004b5a4     libucrtd:initcon.obj
 0002:000125ac       $unwind$__dcrt_write_console 000000018004b5ac     libucrtd:initcon.obj
 0002:000125c0       $unwind$_ctrlfp            000000018004b5c0     libucrtd:fpctrl.obj
 0002:000125e0       $xdatasym                  000000018004b5e0     libucrtd:fpsr.obj
 0002:000125e8       $unwind$_IsNonwritableInCurrentImage 000000018004b5e8     LIBCMTD:pesect.obj
 0002:00012608       $xdatasym                  000000018004b608     LIBCMTD:chkstk.obj
 0002:00012610       $xdatasym                  000000018004b610     libvcruntimed:memcmp.obj
 0002:00012614       $unwind$strrchr            000000018004b614     libvcruntimed:strrchr.obj
 0002:000126b0       .edata                     000000018004b6b0     hy3d_engine.exp
 0002:000126d8       rgpv                       000000018004b6d8     hy3d_engine.exp
 0002:000126dc       rgszName                   000000018004b6dc     hy3d_engine.exp
 0002:000126e0       rgwOrd                     000000018004b6e0     hy3d_engine.exp
 0002:000126e2       szName                     000000018004b6e2     hy3d_engine.exp
 0002:000126f2       $N00001                    000000018004b6f2     hy3d_engine.exp
 0002:00012b1e       .idata$6                   000000018004bb1e     kernel32:KERNEL32.dll
 0003:00000050       ?__vcrt_flsindex@@3KA      000000018004c050     libvcruntimed:per_thread_data.obj
 0003:00000060       ?__acrt_current_request_number@@3JA 000000018004c060     libucrtd:debug_heap.obj
 0003:00000080       ?__acrt_flsindex@@3KA      000000018004c080     libucrtd:per_thread_data.obj
 0003:000000b0       ?errno_no_memory@@3HA      000000018004c0b0     libucrtd:errno.obj
 0003:000000b4       ?doserrno_no_memory@@3KA   000000018004c0b4     libucrtd:errno.obj
 0003:000002f0       _mbctypes                  000000018004c2f0     libucrtd:mbctype.obj
 0003:00000400       _mbcasemaps                000000018004c400     libucrtd:mbctype.obj
 0003:00000500       ?__rgctypeflag@@3PADA      000000018004c500     libucrtd:mbctype.obj
 0003:00000510       ?__rgcode_page_info@@3PAUcode_page_info@@A 000000018004c510     libucrtd:mbctype.obj
 0003:00000778       ?__acrt_debug_fill_threshold@@3_KA 000000018004c778     libucrtd:debug_fill_threshold.obj
 0003:00000a40       ?dazSupported@?1??common_control87@@9@9 000000018004ca40     libucrtd:ieee.obj
 0003:00000a48       ?__dcrt_lowio_console_output_handle@@3PEAXEA 000000018004ca48     libucrtd:initcon.obj
 0003:00000a50       ?dazSupported@?1??_ctrlfp@@9@9 000000018004ca50     libucrtd:fpctrl.obj
 0003:00000ad0       ?freq_cached@?1??_Query_perf_frequency@@9@4U?$atomic@_J@std@@A 000000018004cad0     libcpmtd:xtime.obj
 0003:00000c20       ?__proc_attached@@3HA      000000018004cc20     LIBCMTD:dll_dllmain.obj
 0003:00000c60       ?is_initialized_as_dll@@3_NA 000000018004cc60     LIBCMTD:utility.obj
 0003:00000c61       ?module_local_atexit_table_initialized@@3_NA 000000018004cc61     LIBCMTD:utility.obj
 0003:00000c68       ?module_local_atexit_table@@3U_onexit_table_t@@A 000000018004cc68     LIBCMTD:utility.obj
 0003:00000c80       ?module_local_at_quick_exit_table@@3U_onexit_table_t@@A 000000018004cc80     LIBCMTD:utility.obj
 0003:00000ca0       GS_ExceptionRecord         000000018004cca0     LIBCMTD:gs_report.obj
 0003:00000d40       GS_ContextRecord           000000018004cd40     LIBCMTD:gs_report.obj
 0003:00001260       ?heap@@3V_HeapManager@@A   000000018004d260     libvcruntimed:undname.obj
 0003:00001290       ?__vcrt_startup_thread_ptd@@3U__vcrt_ptd@@A 000000018004d290     libvcruntimed:per_thread_data.obj
 0003:00001310       __vcrt_lock_table          000000018004d310     libvcruntimed:locks.obj
 0003:00001338       __vcrt_locks_initialized   000000018004d338     libvcruntimed:locks.obj
 0003:00001340       ?module_handles@@3PAPEAUHINSTANCE__@@A 000000018004d340     libvcruntimed:winapi_downlevel.obj
 0003:00001358       ?function_pointers@@3PAPEAXA 000000018004d358     libvcruntimed:winapi_downlevel.obj
 0003:00001388       ?__acrt_invalid_parameter_handler@@3V?$dual_state_global@P6AXPEB_W00I_K@Z@__crt_state_management@@A 000000018004d388     libucrtd:invalid_parameter.obj
 0003:00001390       ?c_termination_complete@@3JA 000000018004d390     libucrtd:exit.obj
 0003:00001398       ?thread_local_exit_callback_func@@3P6AXPEAXK0@ZEA 000000018004d398     libucrtd:exit.obj
 0003:000013b0       ?program_name@?1???$common_configure_argv@D@@YAHW4_crt_argv_mode@@@Z@4PADA 000000018004d3b0     libucrtd:argv_parsing.obj
 0003:00001508       ?__acrt_first_block@@3PEAU_CrtMemBlockHeader@@EA 000000018004d508     libucrtd:debug_heap.obj
 0003:00001510       ?__acrt_last_block@@3PEAU_CrtMemBlockHeader@@EA 000000018004d510     libucrtd:debug_heap.obj
 0003:00001518       ?__acrt_total_allocations@@3_KA 000000018004d518     libucrtd:debug_heap.obj
 0003:00001520       ?__acrt_current_allocations@@3_KA 000000018004d520     libucrtd:debug_heap.obj
 0003:00001528       ?__acrt_max_allocations@@3_KA 000000018004d528     libucrtd:debug_heap.obj
 0003:00001530       ?__acrt_check_frequency@@3IA 000000018004d530     libucrtd:debug_heap.obj
 0003:00001534       ?__acrt_check_counter@@3IA 000000018004d534     libucrtd:debug_heap.obj
 0003:00001540       ?heap_validation_pending@@3_NA 000000018004d540     libucrtd:debug_heap.obj
 0003:00001560       ?__acrt_lock_table@@3PAU_RTL_CRITICAL_SECTION@@A 000000018004d560     libucrtd:locks.obj
 0003:00001790       ?__acrt_locks_initialized@@3IA 000000018004d790     libucrtd:locks.obj
 0003:00001798       ?ctrlc_action@@3V?$dual_state_global@P6AXH@Z@__crt_state_management@@A 000000018004d798     libucrtd:signal.obj
 0003:000017a0       ?ctrlbreak_action@@3V?$dual_state_global@P6AXH@Z@__crt_state_management@@A 000000018004d7a0     libucrtd:signal.obj
 0003:000017a8       ?abort_action@@3V?$dual_state_global@P6AXH@Z@__crt_state_management@@A 000000018004d7a8     libucrtd:signal.obj
 0003:000017b0       ?term_action@@3V?$dual_state_global@P6AXH@Z@__crt_state_management@@A 000000018004d7b0     libucrtd:signal.obj
 0003:000017b8       ?state_cache@?1???$get_cached_win_policy@Udeveloper_information_policy_properties@?1??__acrt_get_developer_information_policy@@YA?AW4developer_information_policy@@XZ@@@YA?AW4developer_information_policy@@W4AppPolicyShowDeveloperDiagnostic@@@Z@4JA 000000018004d7b8     libucrtd:win_policies.obj
 0003:000017bc       ?state_cache@?1???$get_cached_win_policy@Uwindowing_model_policy_properties@?1??__acrt_get_windowing_model_policy@@YA?AW4windowing_model_policy@@XZ@@@YA?AW4windowing_model_policy@@W4AppPolicyWindowingModel@@@Z@4JA 000000018004d7bc     libucrtd:win_policies.obj
 0003:000017d8       ?fSystemSet@@3HA           000000018004d7d8     libucrtd:mbctype.obj
 0003:000017dc       ?initialized@?1??__acrt_initialize_multibyte@@9@4_NA 000000018004d7dc     libucrtd:mbctype.obj
 0003:00001810       ?module_handles@@3PAPEAUHINSTANCE__@@A 000000018004d810     libucrtd:winapi_thunks.obj
 0003:000018b0       ?encoded_function_pointers@@3PAPEAXA 000000018004d8b0     libucrtd:winapi_thunks.obj
 0003:00001dd8       ?__acrt_new_handler@@3V?$dual_state_global@P6AH_K@Z@__crt_state_management@@A 000000018004ddd8     libucrtd:new_handler.obj
 0003:00001de0       ?user_matherr@@3V?$dual_state_global@P6AHPEAU_exception@@@Z@__crt_state_management@@A 000000018004dde0     libucrtd:matherr.obj
 0003:00001e00       ?__acrt_global_new_mode@@3V?$dual_state_global@J@__crt_state_management@@A 000000018004de00     libucrtd:new_mode.obj
 0003:00001e08       ?__acrt_app_type@@3W4_crt_app_type@@A 000000018004de08     libucrtd:report_runtime_error.obj
 0003:00001e10       ?outmsg@?9??__acrt_report_runtime_error@@9@4PA_WA 000000018004de10     libucrtd:report_runtime_error.obj
 0003:00002438       ?internal_state@?1??_mbtowc_l@@9@4U_Mbstatet@@A 000000018004e438     libucrtd:mbtowc.obj
 0003:00002450       ?enable_percent_n@@3_KA    000000018004e450     libucrtd:printf_count_output.obj
 0003:00002460       __acrt_error_mode          000000018004e460     libucrtd:set_error_mode.obj
 0003:00002468       ?internal_pst@?1??__mbrtoc32_utf8@__crt_mbstring@@YA_KPEA_UPEBD_KPEAU_Mbstatet@@@Z@4U3@A 000000018004e468     libucrtd:mbrtoc32.obj
 0003:00002470       ?internal_pst@?1??__c16rtomb_utf8@__crt_mbstring@@YA_KPEAD_SPEAU_Mbstatet@@@Z@4U3@A 000000018004e470     libucrtd:c16rtomb.obj
 0005:00000000       MoveSmall                  0000000180052000     libvcruntimed:memcpy.obj
 0005:00000040       MoveSmallYmm               0000000180052040     libvcruntimed:memcpy.obj
 0005:00000064       MoveSmallYmmNT             0000000180052064     libvcruntimed:memcpy.obj
 0005:00000088       MoveSmallXmm               0000000180052088     libvcruntimed:memcpy.obj
 0005:000000b0       MsetTab                    00000001800520b0     libvcruntimed:memset.obj
