 hy3d_engine

 Timestamp is 615a007c (Sun Oct  3 22:11:56 2021)

 Preferred load address is 0000000180000000

 Start         Length     Name                   Class
 0001:00000000 00037ac0H .text$mn                CODE
 0001:00037ac0 00000040H .text$mn$00             CODE
 0001:00037b00 000006edH .text$x                 CODE
 0002:00000000 00000250H .idata$5                DATA
 0002:00000250 00000028H .00cfg                  DATA
 0002:00000278 00000008H .CRT$XCA                DATA
 0002:00000280 00000008H .CRT$XCZ                DATA
 0002:00000288 00000008H .CRT$XIA                DATA
 0002:00000290 00000020H .CRT$XIC                DATA
 0002:000002b0 00000008H .CRT$XIZ                DATA
 0002:000002b8 00000008H .CRT$XPA                DATA
 0002:000002c0 00000010H .CRT$XPX                DATA
 0002:000002d0 00000008H .CRT$XPXA               DATA
 0002:000002d8 00000008H .CRT$XPZ                DATA
 0002:000002e0 00000008H .CRT$XTA                DATA
 0002:000002e8 00000008H .CRT$XTZ                DATA
 0002:000002f0 00000000H .gehcont$y              DATA
 0002:000002f0 00000000H .gfids$y                DATA
 0002:000002f0 00010d10H .rdata                  DATA
 0002:00011000 00000000H .rdata$CastGuardVftablesA DATA
 0002:00011000 00000000H .rdata$CastGuardVftablesC DATA
 0002:00011000 0000016cH .rdata$r                DATA
 0002:0001116c 000000e4H .rdata$voltmd           DATA
 0002:00011250 00000320H .rdata$zzzdbg           DATA
 0002:00011570 00000008H .rtc$IAA                DATA
 0002:00011578 00000008H .rtc$IZZ                DATA
 0002:00011580 00000008H .rtc$TAA                DATA
 0002:00011588 00000008H .rtc$TZZ                DATA
 0002:00011590 00001090H .xdata                  DATA
 0002:00012620 00000090H .xdata$x                DATA
 0002:000126b0 00000054H .edata                  DATA
 0002:00012704 00000014H .idata$2                DATA
 0002:00012718 00000018H .idata$3                DATA
 0002:00012730 00000250H .idata$4                DATA
 0002:00012980 00000576H .idata$6                DATA
 0003:00000000 00000a60H .data                   DATA
 0003:00000a60 00000050H .data$r                 DATA
 0003:00000ab0 00000020H .data$rs                DATA
 0003:00000ad0 000019c0H .bss                    DATA
 0004:00000000 00002e14H .pdata                  DATA
 0005:00000000 000000f4H _RDATA                  DATA

  Address         Publics by Value              Rva+Base               Lib:Object

 0000:00000000       __x64_code_ranges_to_entry_points_count 0000000000000000     <absolute>
 0000:00000000       __arm64x_redirection_metadata 0000000000000000     <absolute>
 0000:00000000       __guard_iat_table          0000000000000000     <absolute>
 0000:00000000       __guard_longjmp_table      0000000000000000     <absolute>
 0000:00000000       __guard_iat_count          0000000000000000     <absolute>
 0000:00000000       __guard_longjmp_count      0000000000000000     <absolute>
 0000:00000000       __x64_code_ranges_to_entry_points 0000000000000000     <absolute>
 0000:00000000       __dynamic_value_reloc_table 0000000000000000     <absolute>
 0000:00000000       __hybrid_auxiliary_iat     0000000000000000     <absolute>
 0000:00000000       __guard_fids_count         0000000000000000     <absolute>
 0000:00000000       __hybrid_auxiliary_iat_copy 0000000000000000     <absolute>
 0000:00000000       ___safe_se_handler_table   0000000000000000     <absolute>
 0000:00000000       __arm64x_extra_rfe_table   0000000000000000     <absolute>
 0000:00000000       __hybrid_code_map          0000000000000000     <absolute>
 0000:00000000       __arm64x_extra_rfe_table_size 0000000000000000     <absolute>
 0000:00000000       __AbsoluteZero             0000000000000000     <absolute>
 0000:00000000       ___safe_se_handler_count   0000000000000000     <absolute>
 0000:00000000       __guard_check_icall_a64n_fptr 0000000000000000     <absolute>
 0000:00000000       __guard_fids_table         0000000000000000     <absolute>
 0000:00000000       __guard_eh_cont_count      0000000000000000     <absolute>
 0000:00000000       __arm64x_redirection_metadata_count 0000000000000000     <absolute>
 0000:00000000       __enclave_config           0000000000000000     <absolute>
 0000:00000000       __guard_eh_cont_table      0000000000000000     <absolute>
 0000:00000000       __arm64x_native_entrypoint 0000000000000000     <absolute>
 0000:00000000       __hybrid_code_map_count    0000000000000000     <absolute>
 0000:00000100       __guard_flags              0000000000000100     <absolute>
 0000:00000000       __ImageBase                0000000180000000     <linker-defined>
 0001:00000000       ?UpdateAndRenderStub@@YAXAEAUhy3d_engine@@PEAUengine_memory@@@Z 0000000180001000 f   hy3d_engine.obj
 0001:00000130       UpdateAndRender            0000000180001130 f   hy3d_engine.obj
 0001:000001d0       ??$?0M$0A@@?$duration@MU?$ratio@$00$00@std@@@chrono@std@@QEAA@AEBM@Z 00000001800011d0 f i hy3d_engine.obj
 0001:00000200       ??$?0_J$0A@@?$duration@_JU?$ratio@$00$0DLJKMKAA@@std@@@chrono@std@@QEAA@AEB_J@Z 0000000180001200 f i hy3d_engine.obj
 0001:00000220       ??$?0_JU?$ratio@$00$0DLJKMKAA@@std@@$0A@@?$duration@MU?$ratio@$00$00@std@@@chrono@std@@QEAA@AEBV?$duration@_JU?$ratio@$00$0DLJKMKAA@@std@@@12@@Z 0000000180001220 f i hy3d_engine.obj
 0001:00000260       ??$?GUsteady_clock@chrono@std@@V?$duration@_JU?$ratio@$00$0DLJKMKAA@@std@@@12@V312@@chrono@std@@YA?AV?$duration@_JU?$ratio@$00$0DLJKMKAA@@std@@@01@AEBV?$time_point@Usteady_clock@chrono@std@@V?$duration@_JU?$ratio@$00$0DLJKMKAA@@std@@@23@@01@0@Z 0000000180001260 f i hy3d_engine.obj
 0001:000002c0       ??$?G_JU?$ratio@$00$0DLJKMKAA@@std@@_JU01@@chrono@std@@YA?AV?$duration@_JU?$ratio@$00$0DLJKMKAA@@std@@@01@AEBV201@0@Z 00000001800012c0 f i hy3d_engine.obj
 0001:00000330       ??$duration_cast@V?$duration@MU?$ratio@$00$00@std@@@chrono@std@@_JU?$ratio@$00$0DLJKMKAA@@3@$0A@@chrono@std@@YA?AV?$duration@MU?$ratio@$00$00@std@@@01@AEBV?$duration@_JU?$ratio@$00$0DLJKMKAA@@std@@@01@@Z 0000000180001330 f i hy3d_engine.obj
 0001:00000440       ??0?$time_point@Usteady_clock@chrono@std@@V?$duration@_JU?$ratio@$00$0DLJKMKAA@@std@@@23@@chrono@std@@QEAA@AEBV?$duration@_JU?$ratio@$00$0DLJKMKAA@@std@@@12@@Z 0000000180001440 f i hy3d_engine.obj
 0001:00000460       ?count@?$duration@MU?$ratio@$00$00@std@@@chrono@std@@QEBAMXZ 0000000180001460 f i hy3d_engine.obj
 0001:00000470       ?get@?$__crt_unique_handle_t@U__crt_hmodule_traits@@@@QEBAPEAUHINSTANCE__@@XZ 0000000180001470 f i libucrtd:exit.obj
 0001:00000470       ?get@?$__crt_scoped_stack_ptr@_W@@QEBAPEA_WXZ 0000000180001470 f i libucrtd:getstringtypea.obj
 0001:00000470       ?get@?$__crt_unique_handle_t@U__crt_findfile_traits@@@@QEBAPEAXXZ 0000000180001470 f i libucrtd:argv_wildcards.obj
 0001:00000470       ?get@?$__crt_unique_heap_ptr@U__acrt_ptd@@U__crt_internal_free_policy@@@@QEBAPEAU__acrt_ptd@@XZ 0000000180001470 f i libucrtd:per_thread_data.obj
 0001:00000470       ?get@?$__crt_unique_heap_ptr@U__crt_lowio_handle_data@@U__crt_internal_free_policy@@@@QEBAPEAU__crt_lowio_handle_data@@XZ 0000000180001470 f i libucrtd:osfinfo.obj
 0001:00000470       ?get@?$__crt_unique_heap_ptr@DU__crt_public_free_policy@@@@QEBAPEADXZ 0000000180001470 f i libvcruntimed:std_exception.obj
 0001:00000470       ?get@?$__crt_unique_heap_ptr@U__crt_multibyte_data@@U__crt_internal_free_policy@@@@QEBAPEAU__crt_multibyte_data@@XZ 0000000180001470 f i libucrtd:mbctype.obj
 0001:00000470       ?save_state@?$c_string_character_source@D@__crt_strtox@@QEBAPEBDXZ 0000000180001470 f i libucrtd:atox.obj
 0001:00000470       ?public_stream@__crt_stdio_stream@@QEBAPEAU_iobuf@@XZ 0000000180001470 f i libucrtd:output.obj
 0001:00000470       ??$_Atomic_reinterpret_as@_J_J@std@@YA_JAEB_J@Z 0000000180001470 f i libcpmtd:xtime.obj
 0001:00000470       ?count@?$duration@_JU?$ratio@$00$0DLJKMKAA@@std@@@chrono@std@@QEBA_JXZ 0000000180001470 f i hy3d_engine.obj
 0001:00000470       ?save_state@?$c_string_character_source@_W@__crt_strtox@@QEBAPEB_WXZ 0000000180001470 f i libucrtd:atox.obj
 0001:00000470       ?get@?$__crt_unique_heap_ptr@DU__crt_internal_free_policy@@@@QEBAPEADXZ 0000000180001470 f i libvcruntimed:std_type_info.obj
 0001:00000470       ?get@?$__crt_unique_heap_ptr@PEADU__crt_internal_free_policy@@@@QEBAPEAPEADXZ 0000000180001470 f i libucrtd:argv_parsing.obj
 0001:00000470       ?get@?$__crt_unique_heap_ptr@EU__crt_internal_free_policy@@@@QEBAPEAEXZ 0000000180001470 f i libucrtd:argv_parsing.obj
 0001:00000470       ?get@?$__crt_unique_heap_ptr@U__vcrt_ptd@@U__crt_internal_free_policy@@@@QEBAPEAU__vcrt_ptd@@XZ 0000000180001470 f i libvcruntimed:per_thread_data.obj
 0001:00000470       ??C__crt_stdio_stream@@QEBAPEAU__crt_stdio_stream_data@@XZ 0000000180001470 f i libucrtd:output.obj
 0001:00000480       ?now@steady_clock@chrono@std@@SA?AV?$time_point@Usteady_clock@chrono@std@@V?$duration@_JU?$ratio@$00$0DLJKMKAA@@std@@@23@@23@XZ 0000000180001480 f i hy3d_engine.obj
 0001:00000520       ?time_since_epoch@?$time_point@Usteady_clock@chrono@std@@V?$duration@_JU?$ratio@$00$0DLJKMKAA@@std@@@23@@chrono@std@@QEBA?AV?$duration@_JU?$ratio@$00$0DLJKMKAA@@std@@@23@XZ 0000000180001520 f i hy3d_engine.obj
 0001:00000540       ?debug_info@?$__crt_win32_buffer@_WU__crt_win32_buffer_internal_dynamic_resizing@@@@QEBAAEBV__crt_win32_buffer_empty_debug_info@@XZ 0000000180001540 f i libucrtd:argv_wildcards.obj
 0001:00000540       ?get_address_of@?$__crt_unique_handle_t@U__crt_hmodule_traits@@@@QEAAPEAPEAUHINSTANCE__@@XZ 0000000180001540 f i libucrtd:exit.obj
 0001:00000540       ??$_Atomic_address_as@_JU?$_Atomic_padded@_J@std@@@std@@YAPEC_JAEAU?$_Atomic_padded@_J@0@@Z 0000000180001540 f i libcpmtd:xtime.obj
 0001:00000540       ?dangerous_get_state_array@?$dual_state_global@P6AXPEB_W00I_K@Z@__crt_state_management@@QEAAPEAP6AXPEB_W00I_K@ZXZ 0000000180001540 f i libucrtd:invalid_parameter.obj
 0001:00000540       ?dangerous_get_state_array@?$dual_state_global@PEAE@__crt_state_management@@QEAAPEAPEAEXZ 0000000180001540 f i libucrtd:mbctype.obj
 0001:00000540       ?dangerous_get_state_array@?$dual_state_global@PEAU__crt_multibyte_data@@@__crt_state_management@@QEAAPEAPEAU__crt_multibyte_data@@XZ 0000000180001540 f i libucrtd:mbctype.obj
 0001:00000540       ??$forward@AEAViterator@TryBlockMap@__FrameHandler3@@@std@@YAAEAViterator@TryBlockMap@__FrameHandler3@@AEAV123@@Z 0000000180001540 f i libvcruntimed:risctrnsctrl.obj
 0001:00000540       ?debug_info@?$__crt_win32_buffer@DU__crt_win32_buffer_internal_dynamic_resizing@@@@QEBAAEBV__crt_win32_buffer_empty_debug_info@@XZ 0000000180001540 f i libucrtd:argv_wildcards.obj
 0001:00000540       ?get_address_of@?$__crt_unique_heap_ptr@PEADU__crt_internal_free_policy@@@@QEAAPEAPEAPEADXZ 0000000180001540 f i libucrtd:argv_parsing.obj
 0001:00000540       ?dangerous_get_state_array@?$dual_state_global@PEAU__crt_locale_data@@@__crt_state_management@@QEAAPEAPEAU__crt_locale_data@@XZ 0000000180001540 f i libucrtd:per_thread_data.obj
 0001:00000540       ??$_Atomic_address_as@_JU?$_Atomic_padded@_J@std@@@std@@YAPED_JAEBU?$_Atomic_padded@_J@0@@Z 0000000180001540 f i libcpmtd:xtime.obj
 0001:00000540       ?debug_info@?$__crt_win32_buffer@DU__crt_win32_buffer_no_resizing@@@@QEBAAEBV__crt_win32_buffer_empty_debug_info@@XZ 0000000180001540 f i libucrtd:getmodulefilenamea.obj
 0001:00000550       ?_Load_barrier@std@@YAXW4memory_order@1@@Z 0000000180001550 f i libcpmtd:xtime.obj
 0001:00000610       ?load@?$_Atomic_storage@_J$07@std@@QEBA_JW4memory_order@2@@Z 0000000180001610 f i libcpmtd:xtime.obj
 0001:00000650       ?store@?$_Atomic_storage@_J$07@std@@QEAAX_J@Z 0000000180001650 f i libcpmtd:xtime.obj
 0001:000006a0       ?store@?$_Atomic_storage@_J$07@std@@QEAAX_JW4memory_order@2@@Z 00000001800016a0 f i libcpmtd:xtime.obj
 0001:000007c0       _Query_perf_counter        00000001800017c0 f   libcpmtd:xtime.obj
 0001:000007e0       _Query_perf_frequency      00000001800017e0 f   libcpmtd:xtime.obj
 0001:00001260       _DllMainCRTStartup         0000000180002260 f   LIBCMTD:dll_dllmain.obj
 0001:000012a0       __GSHandlerCheck           00000001800022a0 f   LIBCMTD:gshandler.obj
 0001:000012e0       __GSHandlerCheckCommon     00000001800022e0 f   LIBCMTD:gshandler.obj
 0001:000013f0       __security_check_cookie    00000001800023f0 f   LIBCMTD:amdsecgs.obj
 0001:00001410       _guard_check_icall_nop     0000000180002410 f i LIBCMTD:guard_support.obj
 0001:00001410       ??1?$__crt_simd_cleanup_guard@$0A@@@QEAA@XZ 0000000180002410 f i libucrtd:strnlen.obj
 0001:00001410       ??1scoped_global_state_reset@__crt_state_management@@QEAA@XZ 0000000180002410 f i libucrtd:onexit.obj
 0001:00001420       ReadNoFence64              0000000180002420 f i LIBCMTD:guard_support.obj
 0001:00001440       ReadPointerNoFence         0000000180002440 f i LIBCMTD:guard_support.obj
 0001:00001460       _guard_icall_checks_enforced 0000000180002460 f i LIBCMTD:guard_support.obj
 0001:00001560       __security_init_cookie     0000000180002560 f   LIBCMTD:gs_support.obj
 0001:000015e0       DllMain                    00000001800025e0 f   LIBCMTD:dll_dllmain_stub.obj
 0001:00001600       ?__scrt_initialize_type_info@@YAXXZ 0000000180002600 f   LIBCMTD:tncleanup.obj
 0001:00001620       ?__scrt_uninitialize_type_info@@YAXXZ 0000000180002620 f   LIBCMTD:tncleanup.obj
 0001:00001640       __local_stdio_printf_options 0000000180002640 f i LIBCMTD:default_local_stdio_options.obj
 0001:00001650       __local_stdio_scanf_options 0000000180002650 f i LIBCMTD:default_local_stdio_options.obj
 0001:00001660       __scrt_initialize_default_local_stdio_options 0000000180002660 f   LIBCMTD:default_local_stdio_options.obj
 0001:000016b0       ?configure_argv@__scrt_narrow_argv_policy@@SAHXZ 00000001800026b0 f i LIBCMTD:utility.obj
 0001:000017a0       ?initialize_environment@__scrt_narrow_environment_policy@@SAHXZ 00000001800027a0 f i LIBCMTD:utility.obj
 0001:00001840       NtCurrentTeb               0000000180002840 f i LIBCMTD:utility.obj
 0001:00001850       __scrt_acquire_startup_lock 0000000180002850 f   LIBCMTD:utility.obj
 0001:000018c0       __scrt_dllmain_after_initialize_c 00000001800028c0 f   LIBCMTD:utility.obj
 0001:000018f0       __scrt_dllmain_before_initialize_c 00000001800028f0 f   LIBCMTD:utility.obj
 0001:00001910       __scrt_dllmain_crt_thread_attach 0000000180002910 f   LIBCMTD:utility.obj
 0001:00001940       __scrt_dllmain_crt_thread_detach 0000000180002940 f   LIBCMTD:utility.obj
 0001:00001960       __scrt_dllmain_exception_filter 0000000180002960 f   LIBCMTD:utility.obj
 0001:000019d0       __scrt_dllmain_uninitialize_c 00000001800029d0 f   LIBCMTD:utility.obj
 0001:00001a00       __scrt_dllmain_uninitialize_critical 0000000180002a00 f   LIBCMTD:utility.obj
 0001:00001a20       __scrt_initialize_crt      0000000180002a20 f   LIBCMTD:utility.obj
 0001:00001a70       __scrt_initialize_onexit_tables 0000000180002a70 f   LIBCMTD:utility.obj
 0001:00001b80       __scrt_is_nonwritable_in_current_image 0000000180002b80 f   LIBCMTD:utility.obj
 0001:00001c10       __scrt_release_startup_lock 0000000180002c10 f   LIBCMTD:utility.obj
 0001:00001c40       __scrt_uninitialize_crt    0000000180002c40 f   LIBCMTD:utility.obj
 0001:00001c80       __scrt_get_dyn_tls_init_callback 0000000180002c80 f   LIBCMTD:dyn_tls_init.obj
 0001:00001c90       __crt_debugger_hook        0000000180002c90 f   LIBCMTD:utility_desktop.obj
 0001:00001ca0       __scrt_fastfail            0000000180002ca0 f   LIBCMTD:utility_desktop.obj
 0001:00001e40       _RTC_Initialize            0000000180002e40 f   LIBCMTD:initsect.obj
 0001:00001e90       _RTC_Terminate             0000000180002e90 f   LIBCMTD:initsect.obj
 0001:00001ee0       __raise_securityfailure    0000000180002ee0 f   LIBCMTD:gs_report.obj
 0001:00001f20       __report_gsfailure         0000000180002f20 f   LIBCMTD:gs_report.obj
 0001:00002000       __report_rangecheckfailure 0000000180003000 f   LIBCMTD:gs_report.obj
 0001:00002020       __report_securityfailure   0000000180003020 f   LIBCMTD:gs_report.obj
 0001:00002220       __isa_available_init       0000000180003220 f   LIBCMTD:cpu_disp.obj
 0001:000025c0       _get_startup_argv_mode     00000001800035c0 f   LIBCMTD:argv_mode.obj
 0001:000025d0       __scrt_is_ucrt_dll_in_use  00000001800035d0 f   LIBCMTD:ucrt_detection.obj
 0001:00002600       __C_specific_handler       0000000180003600 f   libvcruntimed:riscchandler.obj
 0001:00002a70       ??$?RE@__crt_internal_free_policy@@QEBAXQEBE@Z 0000000180003a70 f i libucrtd:argv_parsing.obj
 0001:00002a70       ??$?RPEAD@__crt_internal_free_policy@@QEBAXQEBQEAD@Z 0000000180003a70 f i libucrtd:argv_parsing.obj
 0001:00002a70       ??$?RU__crt_lowio_handle_data@@@__crt_internal_free_policy@@QEBAXQEBU__crt_lowio_handle_data@@@Z 0000000180003a70 f i libucrtd:osfinfo.obj
 0001:00002a70       ??$?RU__crt_multibyte_data@@@__crt_internal_free_policy@@QEBAXQEBU__crt_multibyte_data@@@Z 0000000180003a70 f i libucrtd:mbctype.obj
 0001:00002a70       ??$?RD@__crt_internal_free_policy@@QEBAXQEBD@Z 0000000180003a70 f i libvcruntimed:std_type_info.obj
 0001:00002a70       ??$?RU__vcrt_ptd@@@__crt_internal_free_policy@@QEBAXQEBU__vcrt_ptd@@@Z 0000000180003a70 f i libvcruntimed:per_thread_data.obj
 0001:00002a70       ??$?RPEAU__crt_stdio_stream_data@@@__crt_internal_free_policy@@QEBAXQEBQEAU__crt_stdio_stream_data@@@Z 0000000180003a70 f i libucrtd:_file.obj
 0001:00002a70       ??$?RU__acrt_ptd@@@__crt_internal_free_policy@@QEBAXQEBU__acrt_ptd@@@Z 0000000180003a70 f i libucrtd:per_thread_data.obj
 0001:00002aa0       ??0?$__crt_unique_heap_ptr@U__vcrt_ptd@@U__crt_internal_free_policy@@@@QEAA@QEAU__vcrt_ptd@@@Z 0000000180003aa0 f i libvcruntimed:per_thread_data.obj
 0001:00002aa0       ??0?$__crt_scoped_stack_ptr@_W@@QEAA@U?$__crt_scoped_stack_ptr_tag@_W@@@Z 0000000180003aa0 f i libucrtd:getstringtypea.obj
 0001:00002aa0       ??0?$__crt_unique_heap_ptr@U__crt_lowio_handle_data@@U__crt_internal_free_policy@@@@QEAA@QEAU__crt_lowio_handle_data@@@Z 0000000180003aa0 f i libucrtd:osfinfo.obj
 0001:00002aa0       ??0?$__crt_scoped_stack_ptr_tag@_W@@QEAA@QEA_W@Z 0000000180003aa0 f i libucrtd:getstringtypea.obj
 0001:00002aa0       ??0?$__crt_unique_heap_ptr@EU__crt_internal_free_policy@@@@QEAA@QEAE@Z 0000000180003aa0 f i libucrtd:argv_parsing.obj
 0001:00002aa0       ??0?$__crt_unique_heap_ptr@DU__crt_internal_free_policy@@@@QEAA@QEAD@Z 0000000180003aa0 f i libvcruntimed:std_type_info.obj
 0001:00002aa0       ??0?$string_output_adapter@D@__crt_stdio_output@@QEAA@QEAU?$string_output_adapter_context@D@1@@Z 0000000180003aa0 f i libucrtd:output.obj
 0001:00002aa0       ??0?$__crt_unique_heap_ptr@U__crt_multibyte_data@@U__crt_internal_free_policy@@@@QEAA@QEAU__crt_multibyte_data@@@Z 0000000180003aa0 f i libucrtd:mbctype.obj
 0001:00002aa0       ??0__crt_stdio_stream@@QEAA@QEAU__crt_stdio_stream_data@@@Z 0000000180003aa0 f i libucrtd:fflush.obj
 0001:00002aa0       ??0?$string_output_adapter@_W@__crt_stdio_output@@QEAA@QEAU?$string_output_adapter_context@_W@1@@Z 0000000180003aa0 f i libucrtd:output.obj
 0001:00002aa0       ??0?$__crt_unique_heap_ptr@DU__crt_public_free_policy@@@@QEAA@QEAD@Z 0000000180003aa0 f i libvcruntimed:std_exception.obj
 0001:00002aa0       ??0__crt_stdio_stream@@QEAA@QEAU_iobuf@@@Z 0000000180003aa0 f i libucrtd:output.obj
 0001:00002aa0       ??0?$__crt_unique_handle_t@U__crt_hmodule_traits@@@@QEAA@QEAUHINSTANCE__@@@Z 0000000180003aa0 f i libucrtd:exit.obj
 0001:00002aa0       ??0?$__crt_unique_heap_ptr@PEAU__crt_stdio_stream_data@@U__crt_internal_free_policy@@@@QEAA@QEAPEAU__crt_stdio_stream_data@@@Z 0000000180003aa0 f i libucrtd:_file.obj
 0001:00002aa0       ??0?$__crt_unique_handle_t@U__crt_findfile_traits@@@@QEAA@QEAX@Z 0000000180003aa0 f i libucrtd:argv_wildcards.obj
 0001:00002aa0       ??0?$__crt_unique_heap_ptr@U__acrt_ptd@@U__crt_internal_free_policy@@@@QEAA@QEAU__acrt_ptd@@@Z 0000000180003aa0 f i libucrtd:per_thread_data.obj
 0001:00002aa0       ??0?$__crt_unique_heap_ptr@PEADU__crt_internal_free_policy@@@@QEAA@QEAPEAD@Z 0000000180003aa0 f i libucrtd:argv_parsing.obj
 0001:00002ac0       ??1?$__crt_unique_heap_ptr@PEAU__crt_stdio_stream_data@@U__crt_internal_free_policy@@@@QEAA@XZ 0000000180003ac0 f i libucrtd:_file.obj
 0001:00002ac0       ??1?$__crt_unique_heap_ptr@PEADU__crt_internal_free_policy@@@@QEAA@XZ 0000000180003ac0 f i libucrtd:argv_parsing.obj
 0001:00002ac0       ??1?$__crt_unique_heap_ptr@U__acrt_ptd@@U__crt_internal_free_policy@@@@QEAA@XZ 0000000180003ac0 f i libucrtd:per_thread_data.obj
 0001:00002ac0       ??1?$__crt_unique_heap_ptr@U__crt_multibyte_data@@U__crt_internal_free_policy@@@@QEAA@XZ 0000000180003ac0 f i libucrtd:mbctype.obj
 0001:00002ac0       ??1?$__crt_unique_heap_ptr@DU__crt_internal_free_policy@@@@QEAA@XZ 0000000180003ac0 f i libvcruntimed:std_type_info.obj
 0001:00002ac0       ??1?$__crt_unique_heap_ptr@EU__crt_internal_free_policy@@@@QEAA@XZ 0000000180003ac0 f i libucrtd:argv_parsing.obj
 0001:00002ac0       ??1?$__crt_unique_heap_ptr@U__crt_lowio_handle_data@@U__crt_internal_free_policy@@@@QEAA@XZ 0000000180003ac0 f i libucrtd:osfinfo.obj
 0001:00002ac0       ??1?$__crt_unique_heap_ptr@U__vcrt_ptd@@U__crt_internal_free_policy@@@@QEAA@XZ 0000000180003ac0 f i libvcruntimed:per_thread_data.obj
 0001:00002ae0       ??B?$__crt_unique_heap_ptr@DU__crt_internal_free_policy@@@@QEBA_NXZ 0000000180003ae0 f i libvcruntimed:std_type_info.obj
 0001:00002ae0       ??B?$__crt_unique_heap_ptr@U__acrt_ptd@@U__crt_internal_free_policy@@@@QEBA_NXZ 0000000180003ae0 f i libucrtd:per_thread_data.obj
 0001:00002ae0       ??B?$__crt_unique_heap_ptr@U__crt_lowio_handle_data@@U__crt_internal_free_policy@@@@QEBA_NXZ 0000000180003ae0 f i libucrtd:osfinfo.obj
 0001:00002ae0       ??B?$__crt_unique_heap_ptr@DU__crt_public_free_policy@@@@QEBA_NXZ 0000000180003ae0 f i libvcruntimed:std_exception.obj
 0001:00002ae0       ??B?$__crt_unique_heap_ptr@U__vcrt_ptd@@U__crt_internal_free_policy@@@@QEBA_NXZ 0000000180003ae0 f i libvcruntimed:per_thread_data.obj
 0001:00002ae0       ??B?$__crt_unique_heap_ptr@EU__crt_internal_free_policy@@@@QEBA_NXZ 0000000180003ae0 f i libucrtd:argv_parsing.obj
 0001:00002ae0       ??B?$__crt_unique_heap_ptr@U__crt_multibyte_data@@U__crt_internal_free_policy@@@@QEBA_NXZ 0000000180003ae0 f i libucrtd:mbctype.obj
 0001:00002b00       ?__crt_interlocked_read_64@@YA_JPED_J@Z 0000000180003b00 f i libvcruntimed:std_type_info.obj
 0001:00002b20       ?is_valid@?$__crt_unique_heap_ptr@U__crt_multibyte_data@@U__crt_internal_free_policy@@@@QEBA_NXZ 0000000180003b20 f i libucrtd:mbctype.obj
 0001:00002b20       ?is_valid@?$__crt_unique_heap_ptr@EU__crt_internal_free_policy@@@@QEBA_NXZ 0000000180003b20 f i libucrtd:argv_parsing.obj
 0001:00002b20       ??B?$__crt_scoped_stack_ptr@_W@@QEBA_NXZ 0000000180003b20 f i libucrtd:lcmapstringa.obj
 0001:00002b20       ?is_valid@?$__crt_unique_heap_ptr@DU__crt_internal_free_policy@@@@QEBA_NXZ 0000000180003b20 f i libvcruntimed:std_type_info.obj
 0001:00002b20       ?is_valid@?$__crt_unique_heap_ptr@U__crt_lowio_handle_data@@U__crt_internal_free_policy@@@@QEBA_NXZ 0000000180003b20 f i libucrtd:osfinfo.obj
 0001:00002b20       ?valid@__crt_stdio_stream@@QEBA_NXZ 0000000180003b20 f i libucrtd:output.obj
 0001:00002b20       ?is_valid@?$__crt_unique_heap_ptr@U__vcrt_ptd@@U__crt_internal_free_policy@@@@QEBA_NXZ 0000000180003b20 f i libvcruntimed:per_thread_data.obj
 0001:00002b20       ?is_valid@?$__crt_unique_heap_ptr@U__acrt_ptd@@U__crt_internal_free_policy@@@@QEBA_NXZ 0000000180003b20 f i libucrtd:per_thread_data.obj
 0001:00002b20       ?is_valid@?$__crt_unique_heap_ptr@DU__crt_public_free_policy@@@@QEBA_NXZ 0000000180003b20 f i libvcruntimed:std_exception.obj
 0001:00002b50       ?release@?$__crt_unique_heap_ptr@DU__crt_internal_free_policy@@@@QEAAXXZ 0000000180003b50 f i libvcruntimed:std_type_info.obj
 0001:00002b50       ?release@?$__crt_unique_heap_ptr@U__vcrt_ptd@@U__crt_internal_free_policy@@@@QEAAXXZ 0000000180003b50 f i libvcruntimed:per_thread_data.obj
 0001:00002b50       ?release@?$__crt_unique_heap_ptr@EU__crt_internal_free_policy@@@@QEAAXXZ 0000000180003b50 f i libucrtd:argv_parsing.obj
 0001:00002b50       ?release@?$__crt_unique_heap_ptr@U__crt_lowio_handle_data@@U__crt_internal_free_policy@@@@QEAAXXZ 0000000180003b50 f i libucrtd:osfinfo.obj
 0001:00002b50       ?release@?$__crt_unique_heap_ptr@U__crt_multibyte_data@@U__crt_internal_free_policy@@@@QEAAXXZ 0000000180003b50 f i libucrtd:mbctype.obj
 0001:00002b50       ?release@?$__crt_unique_heap_ptr@U__acrt_ptd@@U__crt_internal_free_policy@@@@QEAAXXZ 0000000180003b50 f i libucrtd:per_thread_data.obj
 0001:00002b50       ?release@?$__crt_unique_heap_ptr@PEADU__crt_internal_free_policy@@@@QEAAXXZ 0000000180003b50 f i libucrtd:argv_parsing.obj
 0001:00002b50       ?release@?$__crt_unique_heap_ptr@PEAU__crt_stdio_stream_data@@U__crt_internal_free_policy@@@@QEAAXXZ 0000000180003b50 f i libucrtd:_file.obj
 0001:00002b80       __std_type_info_compare    0000000180003b80 f   libvcruntimed:std_type_info.obj
 0001:00002bc0       __std_type_info_destroy_list 0000000180003bc0 f   libvcruntimed:std_type_info.obj
 0001:00002c20       __vcrt_initialize          0000000180003c20 f   libvcruntimed:initialization.obj
 0001:00002c60       __vcrt_thread_attach       0000000180003c60 f   libvcruntimed:initialization.obj
 0001:00002c80       __vcrt_thread_detach       0000000180003c80 f   libvcruntimed:initialization.obj
 0001:00002ca0       __vcrt_uninitialize        0000000180003ca0 f   libvcruntimed:initialization.obj
 0001:00002cc0       __vcrt_uninitialize_critical 0000000180003cc0 f   libvcruntimed:initialization.obj
 0001:00002ce0       __DestructExceptionObject  0000000180003ce0 f   libvcruntimed:ehhelpers.obj
 0001:00002de0       ?_CallMemberFunction0@@YAXQEAX0@Z 0000000180003de0 f i libvcruntimed:ehhelpers.obj
 0001:00002eb0       _IsExceptionObjectToBeDestroyed 0000000180003eb0 f   libvcruntimed:ehhelpers.obj
 0001:00002f00       __AdjustPointer            0000000180003f00 f   libvcruntimed:ehhelpers.obj
 0001:00002f80       __FrameUnwindFilter        0000000180003f80 f   libvcruntimed:ehhelpers.obj
 0001:00003040       _NLG_Notify                0000000180004040 f   libvcruntimed:notify.obj
 0001:00003060       __NLG_Dispatch2            0000000180004060 f   libvcruntimed:notify.obj
 0001:00003070       __NLG_Return2              0000000180004070 f   libvcruntimed:notify.obj
 0001:00003080       __except_validate_context_record 0000000180004080 f   libvcruntimed:jbcxrval.obj
 0001:000030e0       _vsprintf_s_l              00000001800040e0 f i libvcruntimed:undname.obj
 0001:00003150       sprintf_s                  0000000180004150 f i libvcruntimed:undname.obj
 0001:000031f0       ?detach@?$__crt_unique_heap_ptr@U__vcrt_ptd@@U__crt_internal_free_policy@@@@QEAAPEAU__vcrt_ptd@@XZ 00000001800041f0 f i libvcruntimed:per_thread_data.obj
 0001:000031f0       ?detach@?$__crt_unique_heap_ptr@U__acrt_ptd@@U__crt_internal_free_policy@@@@QEAAPEAU__acrt_ptd@@XZ 00000001800041f0 f i libucrtd:per_thread_data.obj
 0001:000031f0       ?detach@?$__crt_unique_heap_ptr@PEAU__crt_stdio_stream_data@@U__crt_internal_free_policy@@@@QEAAPEAPEAU__crt_stdio_stream_data@@XZ 00000001800041f0 f i libucrtd:_file.obj
 0001:000031f0       ?detach@?$__crt_unique_heap_ptr@DU__crt_public_free_policy@@@@QEAAPEADXZ 00000001800041f0 f i libvcruntimed:std_exception.obj
 0001:000031f0       ?detach@?$__crt_unique_heap_ptr@PEADU__crt_internal_free_policy@@@@QEAAPEAPEADXZ 00000001800041f0 f i libucrtd:argv_parsing.obj
 0001:000031f0       ?detach@?$__crt_unique_heap_ptr@U__crt_lowio_handle_data@@U__crt_internal_free_policy@@@@QEAAPEAU__crt_lowio_handle_data@@XZ 00000001800041f0 f i libucrtd:osfinfo.obj
 0001:000031f0       ?detach@?$__crt_unique_heap_ptr@U__crt_multibyte_data@@U__crt_internal_free_policy@@@@QEAAPEAU__crt_multibyte_data@@XZ 00000001800041f0 f i libucrtd:mbctype.obj
 0001:000031f0       ?detach@?$__crt_unique_heap_ptr@EU__crt_internal_free_policy@@@@QEAAPEAEXZ 00000001800041f0 f i libucrtd:argv_parsing.obj
 0001:00003260       __vcrt_freefls             0000000180004260 f   libvcruntimed:per_thread_data.obj
 0001:000032a0       __vcrt_freeptd             00000001800042a0 f   libvcruntimed:per_thread_data.obj
 0001:00003300       __vcrt_getptd              0000000180004300 f   libvcruntimed:per_thread_data.obj
 0001:00003330       __vcrt_getptd_noexit       0000000180004330 f   libvcruntimed:per_thread_data.obj
 0001:000034d0       __vcrt_initialize_ptd      00000001800044d0 f   libvcruntimed:per_thread_data.obj
 0001:00003520       __vcrt_uninitialize_ptd    0000000180004520 f   libvcruntimed:per_thread_data.obj
 0001:00003550       __vcrt_initialize_locks    0000000180004550 f   libvcruntimed:locks.obj
 0001:000035c0       __vcrt_uninitialize_locks  00000001800045c0 f   libvcruntimed:locks.obj
 0001:00003630       memcpy_repmovs             0000000180004630 f   libvcruntimed:memcpy.obj
 0001:00003650       memmove                    0000000180004650 f   libvcruntimed:memcpy.obj
 0001:00003650       memcpy                     0000000180004650 f   libvcruntimed:memcpy.obj
 0001:00003cd0       ??$?0AEAViterator@TryBlockMap@__FrameHandler3@@AEAV012@$0A@@?$pair@Viterator@TryBlockMap@__FrameHandler3@@V123@@std@@QEAA@AEAViterator@TryBlockMap@__FrameHandler3@@0@Z 0000000180004cd0 f i libvcruntimed:risctrnsctrl.obj
 0001:00003de0       ??$_CallSETranslator@V__FrameHandler3@@@@YAHPEAUEHExceptionRecord@@PEA_KPEAU_CONTEXT@@PEAU_xDISPATCHER_CONTEXT@@PEBU_s_FuncInfo@@K1H@Z 0000000180004de0 f i libvcruntimed:risctrnsctrl.obj
 0001:00003e70       ??0iterator@HandlerMap@__FrameHandler3@@QEAA@AEAV12@I@Z 0000000180004e70 f i libvcruntimed:frame.obj
 0001:00003e70       ??0iterator@TryBlockMap@__FrameHandler3@@QEAA@AEAV12@I@Z 0000000180004e70 f i libvcruntimed:risctrnsctrl.obj
 0001:00003ea0       ?CatchTryBlock@__FrameHandler3@@SAPEBU_s_TryBlockMapEntry@@PEBU_s_FuncInfo@@H@Z 0000000180004ea0 f   libvcruntimed:risctrnsctrl.obj
 0001:00003f30       ?ExecutionInCatch@__FrameHandler3@@SA_NPEAU_xDISPATCHER_CONTEXT@@PEBU_s_FuncInfo@@@Z 0000000180004f30 f   libvcruntimed:risctrnsctrl.obj
 0001:00003f80       ?FrameUnwindToEmptyState@__FrameHandler3@@SAXPEA_KPEAU_xDISPATCHER_CONTEXT@@PEBU_s_FuncInfo@@@Z 0000000180004f80 f   libvcruntimed:risctrnsctrl.obj
 0001:00004020       ?GetEstablisherFrame@__FrameHandler3@@SAPEA_KPEA_KPEAU_xDISPATCHER_CONTEXT@@PEBU_s_FuncInfo@@0@Z 0000000180005020 f   libvcruntimed:risctrnsctrl.obj
 0001:00004190       ?GetRangeOfTrysToCheck@__FrameHandler3@@SA?AU?$pair@Viterator@TryBlockMap@__FrameHandler3@@V123@@std@@AEAVTryBlockMap@1@HPEAU_xDISPATCHER_CONTEXT@@PEBU_s_FuncInfo@@H@Z 0000000180005190 f   libvcruntimed:risctrnsctrl.obj
 0001:000043d0       ?UnwindNestedFrames@__FrameHandler3@@SAXPEA_KPEAUEHExceptionRecord@@PEAU_CONTEXT@@0PEAXPEBU_s_FuncInfo@@HHPEBU_s_HandlerType@@PEAU_xDISPATCHER_CONTEXT@@E@Z 00000001800053d0 f   libvcruntimed:risctrnsctrl.obj
 0001:00004540       _CreateFrameInfo           0000000180005540 f   libvcruntimed:risctrnsctrl.obj
 0001:000045b0       _FindAndUnlinkFrame        00000001800055b0 f   libvcruntimed:risctrnsctrl.obj
 0001:00004630       _GetImageBase              0000000180005630 f   libvcruntimed:risctrnsctrl.obj
 0001:00004650       _GetThrowImageBase         0000000180005650 f   libvcruntimed:risctrnsctrl.obj
 0001:00004670       _SetImageBase              0000000180005670 f   libvcruntimed:risctrnsctrl.obj
 0001:00004690       _SetThrowImageBase         0000000180005690 f   libvcruntimed:risctrnsctrl.obj
 0001:000046b0       __CxxFrameHandler3         00000001800056b0 f   libvcruntimed:risctrnsctrl.obj
 0001:00004790       ??$__crt_interlocked_exchange_pointer@XPEAX@@YAPEAXPEDSEAXQEAX@Z 0000000180005790 f i libvcruntimed:winapi_downlevel.obj
 0001:00004790       ??$__crt_interlocked_exchange_pointer@UHINSTANCE__@@PEAU1@@@YAPEAUHINSTANCE__@@PEDSEAU0@QEAU0@@Z 0000000180005790 f i libvcruntimed:winapi_downlevel.obj
 0001:00004790       ??$__crt_interlocked_exchange_pointer@UHINSTANCE__@@PEAX@@YAPEAUHINSTANCE__@@PEDSEAU0@QEAX@Z 0000000180005790 f i libvcruntimed:winapi_downlevel.obj
 0001:000047b0       ??$__crt_interlocked_read_pointer@UHINSTANCE__@@@@YAPEAUHINSTANCE__@@PEDSEAU0@@Z 00000001800057b0 f i libvcruntimed:winapi_downlevel.obj
 0001:000047b0       ??$__crt_interlocked_read_pointer@X@@YAPEAXPEDSEAX@Z 00000001800057b0 f i libvcruntimed:winapi_downlevel.obj
 0001:000047d0       ?get_invalid_value@__crt_findfile_traits@@SAPEAXXZ 00000001800057d0 f   libucrtd:argv_wildcards.obj
 0001:00004cc0       __vcrt_FlsAlloc            0000000180005cc0 f   libvcruntimed:winapi_downlevel.obj
 0001:00004d10       __vcrt_FlsFree             0000000180005d10 f   libvcruntimed:winapi_downlevel.obj
 0001:00004d60       __vcrt_FlsGetValue         0000000180005d60 f   libvcruntimed:winapi_downlevel.obj
 0001:00004db0       __vcrt_FlsSetValue         0000000180005db0 f   libvcruntimed:winapi_downlevel.obj
 0001:00004e10       __vcrt_InitializeCriticalSectionEx 0000000180005e10 f   libvcruntimed:winapi_downlevel.obj
 0001:00004e80       ?GetCurrentState@__FrameHandler3@@SAHPEA_KPEAU_xDISPATCHER_CONTEXT@@PEBU_s_FuncInfo@@@Z 0000000180005e80 f   libvcruntimed:ehstate.obj
 0001:00004ee0       ?GetUnwindTryBlock@__FrameHandler3@@SAHPEA_KPEAU_xDISPATCHER_CONTEXT@@PEBU_s_FuncInfo@@@Z 0000000180005ee0 f   libvcruntimed:ehstate.obj
 0001:00004f30       ?SetState@__FrameHandler3@@SAXPEA_KPEBU_s_FuncInfo@@H@Z 0000000180005f30 f   libvcruntimed:ehstate.obj
 0001:00004f60       ?SetUnwindTryBlock@__FrameHandler3@@SAXPEA_KPEAU_xDISPATCHER_CONTEXT@@PEBU_s_FuncInfo@@H@Z 0000000180005f60 f   libvcruntimed:ehstate.obj
 0001:00004fd0       ?StateFromControlPc@__FrameHandler3@@SAHPEBU_s_FuncInfo@@PEAU_xDISPATCHER_CONTEXT@@@Z 0000000180005fd0 f   libvcruntimed:ehstate.obj
 0001:00005010       ?StateFromIp@__FrameHandler3@@SAHPEBU_s_FuncInfo@@PEAU_xDISPATCHER_CONTEXT@@_K@Z 0000000180006010 f   libvcruntimed:ehstate.obj
 0001:00005100       ?__RVAtoRealOffset@@YA_KPEAU_xDISPATCHER_CONTEXT@@H@Z 0000000180006100 f i libvcruntimed:ehstate.obj
 0001:000062d0       ??$TypeMatchHelper@V__FrameHandler3@@@@YAHPEBU_s_HandlerType@@PEBU_s_CatchableType@@PEBU_s_ThrowInfo@@@Z 00000001800072d0 f i libvcruntimed:frame.obj
 0001:000064d0       ??$__InternalCxxFrameHandler@V__FrameHandler3@@@@YA?AW4_EXCEPTION_DISPOSITION@@PEAUEHExceptionRecord@@PEA_KPEAU_CONTEXT@@PEAU_xDISPATCHER_CONTEXT@@PEBU_s_FuncInfo@@H1E@Z 00000001800074d0 f i libvcruntimed:frame.obj
 0001:00006940       ??0HandlerMap@__FrameHandler3@@QEAA@PEBU_s_TryBlockMapEntry@@_KI@Z 0000000180007940 f i libvcruntimed:frame.obj
 0001:00006990       ??0TryBlockMap@__FrameHandler3@@QEAA@PEBU_s_FuncInfo@@_K@Z 0000000180007990 f i libvcruntimed:frame.obj
 0001:000069c0       ??0bad_exception@std@@QEAA@AEBV01@@Z 00000001800079c0 f i libvcruntimed:frame.obj
 0001:00006a00       ??0bad_exception@std@@QEAA@XZ 0000000180007a00 f i libvcruntimed:frame.obj
 0001:00006a40       ??0exception@std@@QEAA@AEBV01@@Z 0000000180007a40 f i libvcruntimed:frame.obj
 0001:00006aa0       ??0exception@std@@QEAA@QEBDH@Z 0000000180007aa0 f i libvcruntimed:frame.obj
 0001:00006af0       ??1bad_exception@std@@UEAA@XZ 0000000180007af0 f i libvcruntimed:frame.obj
 0001:00006b10       ??1exception@std@@UEAA@XZ  0000000180007b10 f i libvcruntimed:frame.obj
 0001:00006b40       ??8iterator@HandlerMap@__FrameHandler3@@QEBA_NAEBV012@@Z 0000000180007b40 f i libvcruntimed:frame.obj
 0001:00006b80       ??8type_info@@QEBA_NAEBV0@@Z 0000000180007b80 f i libvcruntimed:frame.obj
 0001:00006bd0       ??9iterator@HandlerMap@__FrameHandler3@@QEBA_NAEBV012@@Z 0000000180007bd0 f i libvcruntimed:frame.obj
 0001:00006c10       ??Diterator@HandlerMap@__FrameHandler3@@QEAA?BU_s_HandlerType@@XZ 0000000180007c10 f i libvcruntimed:frame.obj
 0001:00006c50       ??Diterator@TryBlockMap@__FrameHandler3@@QEAA?BU_s_TryBlockMapEntry@@XZ 0000000180007c50 f i libvcruntimed:frame.obj
 0001:00006ca0       ??Eiterator@HandlerMap@__FrameHandler3@@QEAAAEAV012@XZ 0000000180007ca0 f i libvcruntimed:frame.obj
 0001:00006ca0       ??Eiterator@TryBlockMap@__FrameHandler3@@QEAAAEAV012@XZ 0000000180007ca0 f i libvcruntimed:frame.obj
 0001:00006cc0       ??Miterator@TryBlockMap@__FrameHandler3@@QEBA_NAEBV012@@Z 0000000180007cc0 f i libvcruntimed:frame.obj
 0001:00006d00       ??_Gbad_exception@std@@UEAAPEAXI@Z 0000000180007d00 f i libvcruntimed:frame.obj
 0001:00006d00       ??_Ebad_exception@std@@UEAAPEAXI@Z 0000000180007d00 f i libvcruntimed:frame.obj
 0001:00006d40       ??_Gexception@std@@UEAAPEAXI@Z 0000000180007d40 f i libvcruntimed:frame.obj
 0001:00006d40       ??_Eexception@std@@UEAAPEAXI@Z 0000000180007d40 f i libvcruntimed:frame.obj
 0001:00006d80       ?BuildCatchObject@__FrameHandler3@@SAXPEAUEHExceptionRecord@@PEAXPEBU_s_HandlerType@@PEBU_s_CatchableType@@@Z 0000000180007d80 f   libvcruntimed:frame.obj
 0001:00006dc0       ?CxxCallCatchBlock@__FrameHandler3@@SAPEAXPEAU_EXCEPTION_RECORD@@@Z 0000000180007dc0 f   libvcruntimed:frame.obj
 0001:00007120       ?FrameUnwindToState@__FrameHandler3@@SAXPEA_KPEAU_xDISPATCHER_CONTEXT@@PEBU_s_FuncInfo@@H@Z 0000000180008120 f   libvcruntimed:frame.obj
 0001:00007370       ?GetHandlerSearchState@__FrameHandler3@@SAHPEA_KPEAU_xDISPATCHER_CONTEXT@@PEBU_s_FuncInfo@@@Z 0000000180008370 f i libvcruntimed:frame.obj
 0001:00007420       ?GetMaxState@__FrameHandler3@@SAHPEAU_xDISPATCHER_CONTEXT@@PEBU_s_FuncInfo@@@Z 0000000180008420 f i libvcruntimed:frame.obj
 0001:00007620       __TypeMatch                0000000180008620 f   libvcruntimed:frame.obj
 0001:00007620       ?TypeMatch@__FrameHandler3@@SAHPEBU_s_HandlerType@@PEBU_s_CatchableType@@PEBU_s_ThrowInfo@@@Z 0000000180008620 f   libvcruntimed:frame.obj
 0001:00007650       ?_CallMemberFunction1@@YAXQEAX00@Z 0000000180008650 f i libvcruntimed:frame.obj
 0001:00007690       ?_CallMemberFunction2@@YAXQEAX00H@Z 0000000180008690 f i libvcruntimed:frame.obj
 0001:00007720       ?begin@HandlerMap@__FrameHandler3@@QEAA?AViterator@12@XZ 0000000180008720 f i libvcruntimed:frame.obj
 0001:00007750       ?end@HandlerMap@__FrameHandler3@@QEAA?AViterator@12@XZ 0000000180008750 f i libvcruntimed:frame.obj
 0001:00007780       ?getESTypes@__FrameHandler3@@SAPEBU_s_ESTypeList@@PEBU_s_FuncInfo@@@Z 0000000180008780 f i libvcruntimed:frame.obj
 0001:000077c0       ?getLastEntry@HandlerMap@__FrameHandler3@@QEAAPEBU_s_HandlerType@@XZ 00000001800087c0 f i libvcruntimed:frame.obj
 0001:000077e0       ?getMagicNum@__FrameHandler3@@SAIPEBU_s_FuncInfo@@@Z 00000001800087e0 f i libvcruntimed:frame.obj
 0001:00007800       ?getNumTryBlocks@TryBlockMap@__FrameHandler3@@QEAAIXZ 0000000180008800 f i libvcruntimed:frame.obj
 0001:00007820       ?isEHs@__FrameHandler3@@SA_NPEBU_s_FuncInfo@@@Z 0000000180008820 f i libvcruntimed:frame.obj
 0001:00007860       ?isNoExcept@__FrameHandler3@@SA_NPEBU_s_FuncInfo@@@Z 0000000180008860 f i libvcruntimed:frame.obj
 0001:000078a0       ?what@exception@std@@UEBAPEBDXZ 00000001800088a0 f i libvcruntimed:frame.obj
 0001:000078e0       __vcrt_EncodePointer       00000001800088e0 f i libvcruntimed:frame.obj
 0001:00007910       memset_repmovs             0000000180008910 f   libvcruntimed:memset.obj
 0001:00007930       memset                     0000000180008930 f   libvcruntimed:memset.obj
 0001:00007ad0       _CallSettingFrame          0000000180008ad0 f   libvcruntimed:handlers.obj
 0001:00007b20       _CallSettingFrame_LookupContinuationIndex 0000000180008b20 f   libvcruntimed:handlers.obj
 0001:00007b50       _CallSettingFrame_NotifyContinuationAddr 0000000180008b50 f   libvcruntimed:handlers.obj
 0001:00007b80       _CallSettingFrameEncoded   0000000180008b80 f   libvcruntimed:handlers.obj
 0001:00007bd0       ??$?RD@__crt_public_free_policy@@QEBAXQEBD@Z 0000000180008bd0 f i libvcruntimed:std_exception.obj
 0001:00007bf0       ??1?$__crt_unique_heap_ptr@DU__crt_public_free_policy@@@@QEAA@XZ 0000000180008bf0 f i libvcruntimed:std_exception.obj
 0001:00007c10       ?release@?$__crt_unique_heap_ptr@DU__crt_public_free_policy@@@@QEAAXXZ 0000000180008c10 f i libvcruntimed:std_exception.obj
 0001:00007c40       __std_exception_copy       0000000180008c40 f   libvcruntimed:std_exception.obj
 0001:00007d80       __std_exception_destroy    0000000180008d80 f   libvcruntimed:std_exception.obj
 0001:00007dc0       _CxxThrowException         0000000180008dc0 f   libvcruntimed:throw.obj
 0001:00007ef0       ??$__crt_fast_decode_pointer@P6AHPEAU_exception@@@Z@@YAP6AHPEAU_exception@@@ZQ6AH0@Z@Z 0000000180008ef0 f i libucrtd:matherr.obj
 0001:00007ef0       ??$__crt_fast_decode_pointer@PEAX@@YAPEAXQEAX@Z 0000000180008ef0 f i libucrtd:winapi_thunks.obj
 0001:00007ef0       ??$__crt_fast_decode_pointer@P6AH_K@Z@@YAP6AH_K@ZQ6AH0@Z@Z 0000000180008ef0 f i libucrtd:new_handler.obj
 0001:00007ef0       ??$__crt_fast_decode_pointer@P6AXH@Z@@YAP6AXH@ZQ6AXH@Z@Z 0000000180008ef0 f i libucrtd:signal.obj
 0001:00007ef0       ??$__crt_fast_decode_pointer@P6AXXZ@@YAP6AXXZQ6AXXZ@Z 0000000180008ef0 f i libucrtd:onexit.obj
 0001:00007ef0       ??$__crt_fast_decode_pointer@P6AXPEB_W00I_K@Z@@YAP6AXPEB_W00I_K@ZQ6AX000I1@Z@Z 0000000180008ef0 f i libucrtd:invalid_parameter.obj
 0001:00007ef0       ??$__crt_fast_decode_pointer@PEAP6AXXZ@@YAPEAP6AXXZQEAP6AXXZ@Z 0000000180008ef0 f i libucrtd:onexit.obj
 0001:00007ef0       ??$__crt_fast_decode_pointer@P6AXPEAXK0@Z@@YAP6AXPEAXK0@ZQ6AX0K0@Z@Z 0000000180008ef0 f i libucrtd:exit.obj
 0001:00007f30       ??$initialize_from_array@$$BY00Q6AXPEB_W00I_K@Z@?$dual_state_global@P6AXPEB_W00I_K@Z@__crt_state_management@@QEAAXAEAY00Q6AXPEB_W00I_K@Z@Z 0000000180008f30 f i libucrtd:invalid_parameter.obj
 0001:00007f90       ?__crt_rotate_pointer_value@@YA_K_KH@Z 0000000180008f90 f i libucrtd:invalid_parameter.obj
 0001:00007fb0       ?get_invalid_value@__crt_hmodule_traits@@SAPEAUHINSTANCE__@@XZ 0000000180008fb0 f i libucrtd:exit.obj
 0001:00007fb0       ?get_current_state_index@__crt_state_management@@YA_KXZ 0000000180008fb0 f i libucrtd:invalid_parameter.obj
 0001:00007fc0       ?value@?$dual_state_global@P6AXH@Z@__crt_state_management@@QEAAAEAP6AXH@ZXZ 0000000180008fc0 f i libucrtd:signal.obj
 0001:00007fc0       ?value@?$dual_state_global@PEAU__crt_multibyte_data@@@__crt_state_management@@QEAAAEAPEAU__crt_multibyte_data@@XZ 0000000180008fc0 f i libucrtd:mbctype.obj
 0001:00007fc0       ?value@?$dual_state_global@P6AH_K@Z@__crt_state_management@@QEAAAEAP6AH_K@ZXZ 0000000180008fc0 f i libucrtd:new_handler.obj
 0001:00007fc0       ?value@?$dual_state_global@P6AXPEB_W00I_K@Z@__crt_state_management@@QEAAAEAP6AXPEB_W00I_K@ZXZ 0000000180008fc0 f i libucrtd:invalid_parameter.obj
 0001:00007fc0       ?value@?$dual_state_global@P6AHPEAU_exception@@@Z@__crt_state_management@@QEAAAEAP6AHPEAU_exception@@@ZXZ 0000000180008fc0 f i libucrtd:matherr.obj
 0001:00007fc0       ?value@?$dual_state_global@PEAE@__crt_state_management@@QEAAAEAPEAEXZ 0000000180008fc0 f i libucrtd:mbctype.obj
 0001:00007fc0       ?value@?$dual_state_global@PEAU__crt_locale_data@@@__crt_state_management@@QEAAAEAPEAU__crt_locale_data@@XZ 0000000180008fc0 f i libucrtd:per_thread_data.obj
 0001:00007fe0       __acrt_call_reportfault    0000000180008fe0 f   libucrtd:invalid_parameter.obj
 0001:00008110       __acrt_initialize_invalid_parameter_handler 0000000180009110 f   libucrtd:invalid_parameter.obj
 0001:00008140       _invalid_parameter         0000000180009140 f   libucrtd:invalid_parameter.obj
 0001:00008240       _invalid_parameter_noinfo  0000000180009240 f   libucrtd:invalid_parameter.obj
 0001:00008270       _invoke_watson             0000000180009270 f   libucrtd:invalid_parameter.obj
 0001:00009080       ??$get_module_file_name@AEAPEAUHINSTANCE__@@AEAY0BAF@DK@?$__crt_char_traits@D@@SAKAEAPEAUHINSTANCE__@@AEAY0BAF@D$$QEAK@Z 000000018000a080 f i libucrtd:dbgrpt.obj
 0001:00009080       ??$get_module_file_name@$$TAEAY0BAF@DH@?$__crt_char_traits@D@@SAK$$QEA$$TAEAY0BAF@D$$QEAH@Z 000000018000a080 f i libucrtd:argv_parsing.obj
 0001:000090c0       ??$get_module_file_name@AEAPEAUHINSTANCE__@@AEAY0BAF@_WK@?$__crt_char_traits@_W@@SAKAEAPEAUHINSTANCE__@@AEAY0BAF@_W$$QEAK@Z 000000018000a0c0 f i libucrtd:dbgrpt.obj
 0001:00009100       ??$tcscpy_s@AEAY0BAF@D_KPEBD@?$__crt_char_traits@D@@SAHAEAY0BAF@D$$QEA_K$$QEAPEBD@Z 000000018000a100 f i libucrtd:dbgrpt.obj
 0001:00009140       ??$tcscpy_s@AEAY0BAF@_W_KPEB_W@?$__crt_char_traits@_W@@SAHAEAY0BAF@_W$$QEA_K$$QEAPEB_W@Z 000000018000a140 f i libucrtd:dbgrpt.obj
 0001:00009180       ??$tcslen@AEAY0BAF@D@?$__crt_char_traits@D@@SA_KAEAY0BAF@D@Z 000000018000a180 f i libucrtd:dbgrpt.obj
 0001:000091a0       ??$tcslen@AEAY0BAF@_W@?$__crt_char_traits@_W@@SA_KAEAY0BAF@_W@Z 000000018000a1a0 f i libucrtd:dbgrpt.obj
 0001:000091c0       ??$tcslen@AEBQEBD@?$__crt_char_traits@D@@SA_KAEBQEBD@Z 000000018000a1c0 f i libucrtd:dbgrpt.obj
 0001:000091e0       ??$tcslen@AEBQEB_W@?$__crt_char_traits@_W@@SA_KAEBQEB_W@Z 000000018000a1e0 f i libucrtd:dbgrpt.obj
 0001:00009240       _CrtDbgReport              000000018000a240 f   libucrtd:dbgrpt.obj
 0001:000092c0       _CrtDbgReportW             000000018000a2c0 f   libucrtd:dbgrpt.obj
 0001:00009340       __acrt_MessageWindowA      000000018000a340 f   libucrtd:dbgrpt.obj
 0001:00009390       __acrt_MessageWindowW      000000018000a390 f   libucrtd:dbgrpt.obj
 0001:000093e0       _invoke_watson_if_error    000000018000a3e0 f i libucrtd:dbgrpt.obj
 0001:00009430       _invoke_watson_if_oneof    000000018000a430 f i libucrtd:dbgrpt.obj
 0001:00009490       _snwprintf_s               000000018000a490 f i libucrtd:dbgrpt.obj
 0001:00009500       _vsnwprintf_s_l            000000018000a500 f i libucrtd:dbgrpt.obj
 0001:00009580       _initterm                  000000018000a580 f   libucrtd:initterm.obj
 0001:000095e0       _initterm_e                000000018000a5e0 f   libucrtd:initterm.obj
 0001:000096d0       _seh_filter_dll            000000018000a6d0 f   libucrtd:exception_filter.obj
 0001:00009700       _seh_filter_exe            000000018000a700 f   libucrtd:exception_filter.obj
 0001:000099a0       ??$?B$$A6AXPEAXK0@Z@__crt_fast_encoded_nullptr_t@@QEBAP6AXPEAXK0@ZXZ 000000018000a9a0 f i libucrtd:exit.obj
 0001:000099a0       ??$?BX@__crt_fast_encoded_nullptr_t@@QEBAPEAXXZ 000000018000a9a0 f i libucrtd:initialization.obj
 0001:000099a0       ??$?BP6AXXZ@__crt_fast_encoded_nullptr_t@@QEBAPEAP6AXXZXZ 000000018000a9a0 f i libucrtd:onexit.obj
 0001:000099a0       ??$?B$$A6AXXZ@__crt_fast_encoded_nullptr_t@@QEBAP6AXXZXZ 000000018000a9a0 f i libucrtd:onexit.obj
 0001:000099a0       ??$?B$$A6AXH@Z@__crt_fast_encoded_nullptr_t@@QEBAP6AXH@ZXZ 000000018000a9a0 f i libucrtd:signal.obj
 0001:00009a50       ??$__crt_fast_encode_pointer@P6AXXZ@@YAP6AXXZQ6AXXZ@Z 000000018000aa50 f i libucrtd:onexit.obj
 0001:00009a50       ??$__crt_fast_encode_pointer@PEAX@@YAPEAXQEAX@Z 000000018000aa50 f i libucrtd:initialization.obj
 0001:00009a50       ??$__crt_fast_encode_pointer@P6AXH@Z@@YAP6AXH@ZQ6AXH@Z@Z 000000018000aa50 f i libucrtd:signal.obj
 0001:00009a50       ??$__crt_fast_encode_pointer@P6AXPEAXK0@Z@@YAP6AXPEAXK0@ZQ6AX0K0@Z@Z 000000018000aa50 f i libucrtd:exit.obj
 0001:00009a50       ??$__crt_fast_encode_pointer@PEAP6AXXZ@@YAPEAP6AXXZQEAP6AXXZ@Z 000000018000aa50 f i libucrtd:onexit.obj
 0001:00009a90       ??$__crt_get_proc_address@P6AXI@Z@@YAP6AXI@ZQEAUHINSTANCE__@@QEBD@Z 000000018000aa90 f i libucrtd:exit.obj
 0001:00009ac0       ??$__crt_interlocked_read@J@@YAJPEDJ@Z 000000018000aac0 f i libucrtd:exit.obj
 0001:00009b50       ??1?$__crt_unique_handle_t@U__crt_hmodule_traits@@@@QEAA@XZ 000000018000ab50 f i libucrtd:exit.obj
 0001:00009cb0       ?__acrt_select_exit_lock@@YA?AW4__acrt_lock_id@@XZ 000000018000acb0 f i libucrtd:exit.obj
 0001:00009cc0       ?__crt_fast_encode_pointer@@YA?AU__crt_fast_encoded_nullptr_t@@$$T@Z 000000018000acc0 f i libucrtd:exit.obj
 0001:00009ce0       ?__crt_interlocked_read_32@@YAHPEDH@Z 000000018000ace0 f i libucrtd:exit.obj
 0001:00009d20       ?close@?$__crt_unique_handle_t@U__crt_hmodule_traits@@@@QEAAXXZ 000000018000ad20 f i libucrtd:exit.obj
 0001:00009d60       ?close@__crt_hmodule_traits@@SA_NPEAUHINSTANCE__@@@Z 000000018000ad60 f i libucrtd:exit.obj
 0001:0000a020       __acrt_initialize_thread_local_exit_callback 000000018000b020 f   libucrtd:exit.obj
 0001:0000a040       _cexit                     000000018000b040 f   libucrtd:exit.obj
 0001:0000a060       _exit                      000000018000b060 f   libucrtd:exit.obj
 0001:0000a080       _is_c_termination_complete 000000018000b080 f   libucrtd:exit.obj
 0001:0000a8c0       ??$set_program_name@PEAD@?$__crt_char_traits@D@@SAX$$QEAPEAD@Z 000000018000b8c0 f i libucrtd:argv_parsing.obj
 0001:0000a9f0       __acrt_allocate_buffer_for_argv 000000018000b9f0 f   libucrtd:argv_parsing.obj
 0001:0000ab10       _configure_narrow_argv     000000018000bb10 f   libucrtd:argv_parsing.obj
 0001:0000ab30       _set_pgmptr                000000018000bb30 f i libucrtd:argv_parsing.obj
 0001:0000ad60       ??$tcslen@AEAPEAD@?$__crt_char_traits@D@@SA_KAEAPEAD@Z 000000018000bd60 f i libucrtd:environment_initialization.obj
 0001:0000adac       ??B?$__crt_unique_heap_ptr@PEADU__crt_internal_free_policy@@@@QEBA_NXZ 000000018000bdac f i libucrtd:environment_initialization.obj
 0001:0000adb4       ?detach@?$__crt_unique_heap_ptr@DU__crt_internal_free_policy@@@@QEAAPEADXZ 000000018000bdb4 f i libucrtd:environment_initialization.obj
 0001:0000adbc       __dcrt_uninitialize_environments_nolock 000000018000bdbc f   libucrtd:environment_initialization.obj
 0001:0000adf4       _initialize_narrow_environment 000000018000bdf4 f   libucrtd:environment_initialization.obj
 0001:0000b0d0       _execute_onexit_table      000000018000c0d0 f   libucrtd:onexit.obj
 0001:0000b110       _initialize_onexit_table   000000018000c110 f   libucrtd:onexit.obj
 0001:0000b1e0       __acrt_uninitialize_command_line 000000018000c1e0 f   libucrtd:argv_data.obj
 0001:0000b450       ?initialize@?$dual_state_global@PEAU__crt_multibyte_data@@@__crt_state_management@@QEAAXQEAU__crt_multibyte_data@@@Z 000000018000c450 f i libucrtd:mbctype.obj
 0001:0000b450       ?initialize@?$dual_state_global@P6AH_K@Z@__crt_state_management@@QEAAXQ6AH_K@Z@Z 000000018000c450 f i libucrtd:new_handler.obj
 0001:0000b450       ?initialize@?$dual_state_global@P6AXH@Z@__crt_state_management@@QEAAXQ6AXH@Z@Z 000000018000c450 f i libucrtd:signal.obj
 0001:0000b450       ?initialize@?$dual_state_global@P6AHPEAU_exception@@@Z@__crt_state_management@@QEAAXQ6AHPEAU_exception@@@Z@Z 000000018000c450 f i libucrtd:matherr.obj
 0001:0000b450       ?initialize@?$dual_state_global@PEAU__crt_locale_data@@@__crt_state_management@@QEAAXQEAU__crt_locale_data@@@Z 000000018000c450 f i libucrtd:initialization.obj
 0001:0000b4a0       __acrt_initialize          000000018000c4a0 f   libucrtd:initialization.obj
 0001:0000b4d0       __acrt_thread_attach       000000018000c4d0 f   libucrtd:initialization.obj
 0001:0000b4f0       __acrt_thread_detach       000000018000c4f0 f   libucrtd:initialization.obj
 0001:0000b500       __acrt_uninitialize        000000018000c500 f   libucrtd:initialization.obj
 0001:0000b530       __acrt_uninitialize_critical 000000018000c530 f   libucrtd:initialization.obj
 0001:0000b550       terminate                  000000018000c550 f   libucrtd:terminate.obj
 0001:0000b590       ??0_LocaleUpdate@@QEAA@QEAU__crt_locale_pointers@@@Z 000000018000c590 f i libucrtd:debug_heap.obj
 0001:0000b6b0       ??1_LocaleUpdate@@QEAA@XZ  000000018000c6b0 f i libucrtd:debug_heap.obj
 0001:0000b6e0       ?GetLocaleT@_LocaleUpdate@@QEAAPEAU__crt_locale_pointers@@XZ 000000018000c6e0 f i libucrtd:debug_heap.obj
 0001:0000d6c0       _CrtCheckMemory            000000018000e6c0 f   libucrtd:debug_heap.obj
 0001:0000d850       _CrtDumpMemoryLeaks        000000018000e850 f   libucrtd:debug_heap.obj
 0001:0000d910       _CrtIsValidHeapPointer     000000018000e910 f   libucrtd:debug_heap.obj
 0001:0000d950       _CrtIsValidPointer         000000018000e950 f   libucrtd:debug_heap.obj
 0001:0000d990       _CrtMemCheckpoint          000000018000e990 f   libucrtd:debug_heap.obj
 0001:0000dc10       _CrtMemDumpAllObjectsSince 000000018000ec10 f   libucrtd:debug_heap.obj
 0001:0000dc70       _CrtSetDbgFlag             000000018000ec70 f   libucrtd:debug_heap.obj
 0001:0000ddd0       _CrtSetDumpClient          000000018000edd0 f   libucrtd:debug_heap.obj
 0001:0000de00       __acrt_disable_global_locale_sync 000000018000ee00 f i libucrtd:debug_heap.obj
 0001:0000de30       __acrt_enable_global_locale_sync 000000018000ee30 f i libucrtd:debug_heap.obj
 0001:0000de60       __acrt_get_locale_data_prefix 000000018000ee60 f i libucrtd:debug_heap.obj
 0001:0000de80       __acrt_locale_changed      000000018000ee80 f i libucrtd:debug_heap.obj
 0001:0000deb0       _calloc_dbg                000000018000eeb0 f   libucrtd:debug_heap.obj
 0001:0000df50       _chvalidchk_l              000000018000ef50 f i libucrtd:debug_heap.obj
 0001:0000df80       _free_dbg                  000000018000ef80 f   libucrtd:debug_heap.obj
 0001:0000dff0       _ischartype_l              000000018000eff0 f i libucrtd:debug_heap.obj
 0001:0000e080       _malloc_dbg                000000018000f080 f   libucrtd:debug_heap.obj
 0001:0000e0c0       _msize_dbg                 000000018000f0c0 f   libucrtd:debug_heap.obj
 0001:0000e260       _realloc_dbg               000000018000f260 f   libucrtd:debug_heap.obj
 0001:0000e2d0       _recalloc_dbg              000000018000f2d0 f   libucrtd:debug_heap.obj
 0001:0000e8a0       strcpy_s                   000000018000f8a0 f   libucrtd:strcpy_s.obj
 0001:0000e8e0       strcmp                     000000018000f8e0 f   libucrtd:strcmp.obj
 0001:0000e960       strlen                     000000018000f960 f   libucrtd:strlen.obj
 0001:0000ea10       abort                      000000018000fa10 f   libucrtd:abort.obj
 0001:0000ea90       ??$?0AEBV?$string_output_adapter@D@__crt_stdio_output@@AEB_KAEBQEBDAEBQEAU__crt_locale_pointers@@AEBQEAD@?$format_validation_base@DV?$string_output_adapter@D@__crt_stdio_output@@@__crt_stdio_output@@IEAA@AEBV?$string_output_adapter@D@1@AEB_KAEBQEBDAEBQEAU__crt_locale_pointers@@AEBQEAD@Z 000000018000fa90 f i libucrtd:output.obj
 0001:0000eae0       ??$?0AEBV?$string_output_adapter@D@__crt_stdio_output@@AEB_KAEBQEBDAEBQEAU__crt_locale_pointers@@AEBQEAD@?$standard_base@DV?$string_output_adapter@D@__crt_stdio_output@@@__crt_stdio_output@@IEAA@AEBV?$string_output_adapter@D@1@AEB_KAEBQEBDAEBQEAU__crt_locale_pointers@@AEBQEAD@Z 000000018000fae0 f i libucrtd:output.obj
 0001:0000eb50       ??$?0AEBV?$string_output_adapter@_W@__crt_stdio_output@@AEB_KAEBQEB_WAEBQEAU__crt_locale_pointers@@AEBQEAD@?$format_validation_base@_WV?$string_output_adapter@_W@__crt_stdio_output@@@__crt_stdio_output@@IEAA@AEBV?$string_output_adapter@_W@1@AEB_KAEBQEB_WAEBQEAU__crt_locale_pointers@@AEBQEAD@Z 000000018000fb50 f i libucrtd:output.obj
 0001:0000eba0       ??$?0AEBV?$string_output_adapter@_W@__crt_stdio_output@@AEB_KAEBQEB_WAEBQEAU__crt_locale_pointers@@AEBQEAD@?$standard_base@_WV?$string_output_adapter@_W@__crt_stdio_output@@@__crt_stdio_output@@IEAA@AEBV?$string_output_adapter@_W@1@AEB_KAEBQEB_WAEBQEAU__crt_locale_pointers@@AEBQEAD@Z 000000018000fba0 f i libucrtd:output.obj
 0001:00010520       ??$count@D@formatting_buffer@__crt_stdio_output@@QEBA_KXZ 0000000180011520 f i libucrtd:output.obj
 0001:00010570       ??$count@_W@formatting_buffer@__crt_stdio_output@@QEBA_KXZ 0000000180011570 f i libucrtd:output.obj
 0001:000105c0       ??$data@_W@formatting_buffer@__crt_stdio_output@@QEAAPEA_WXZ 00000001800115c0 f i libucrtd:output.obj
 0001:000105c0       ??$data@D@formatting_buffer@__crt_stdio_output@@QEAAPEADXZ 00000001800115c0 f i libucrtd:output.obj
 0001:00010610       ??$ensure_buffer_is_big_enough@D@formatting_buffer@__crt_stdio_output@@QEAA_N_K@Z 0000000180011610 f i libucrtd:output.obj
 0001:00010740       ??$ensure_buffer_is_big_enough@_W@formatting_buffer@__crt_stdio_output@@QEAA_N_K@Z 0000000180011740 f i libucrtd:output.obj
 0001:00010870       ??$extract_argument_from_va_list@C_J@?$standard_base@DV?$string_output_adapter@D@__crt_stdio_output@@@__crt_stdio_output@@IEAA_NAEA_J@Z 0000000180011870 f i libucrtd:output.obj
 0001:00010870       ??$extract_argument_from_va_list@C_J@?$standard_base@_WV?$string_output_adapter@_W@__crt_stdio_output@@@__crt_stdio_output@@IEAA_NAEA_J@Z 0000000180011870 f i libucrtd:output.obj
 0001:000108b0       ??$extract_argument_from_va_list@E_J@?$standard_base@DV?$string_output_adapter@D@__crt_stdio_output@@@__crt_stdio_output@@IEAA_NAEA_J@Z 00000001800118b0 f i libucrtd:output.obj
 0001:000108b0       ??$extract_argument_from_va_list@E_J@?$standard_base@_WV?$string_output_adapter@_W@__crt_stdio_output@@@__crt_stdio_output@@IEAA_NAEA_J@Z 00000001800118b0 f i libucrtd:output.obj
 0001:000108f0       ??$extract_argument_from_va_list@F_J@?$standard_base@_WV?$string_output_adapter@_W@__crt_stdio_output@@@__crt_stdio_output@@IEAA_NAEA_J@Z 00000001800118f0 f i libucrtd:output.obj
 0001:000108f0       ??$extract_argument_from_va_list@F_J@?$standard_base@DV?$string_output_adapter@D@__crt_stdio_output@@@__crt_stdio_output@@IEAA_NAEA_J@Z 00000001800118f0 f i libucrtd:output.obj
 0001:00010930       ??$extract_argument_from_va_list@GD@?$standard_base@DV?$string_output_adapter@D@__crt_stdio_output@@@__crt_stdio_output@@IEAA_NAEAD@Z 0000000180011930 f i libucrtd:output.obj
 0001:00010960       ??$extract_argument_from_va_list@G_J@?$standard_base@_WV?$string_output_adapter@_W@__crt_stdio_output@@@__crt_stdio_output@@IEAA_NAEA_J@Z 0000000180011960 f i libucrtd:output.obj
 0001:00010960       ??$extract_argument_from_va_list@G_J@?$standard_base@DV?$string_output_adapter@D@__crt_stdio_output@@@__crt_stdio_output@@IEAA_NAEA_J@Z 0000000180011960 f i libucrtd:output.obj
 0001:000109a0       ??$extract_argument_from_va_list@H_J@?$standard_base@_WV?$string_output_adapter@_W@__crt_stdio_output@@@__crt_stdio_output@@IEAA_NAEA_J@Z 00000001800119a0 f i libucrtd:output.obj
 0001:000109a0       ??$extract_argument_from_va_list@H_J@?$standard_base@DV?$string_output_adapter@D@__crt_stdio_output@@@__crt_stdio_output@@IEAA_NAEA_J@Z 00000001800119a0 f i libucrtd:output.obj
 0001:000109d0       ??$extract_argument_from_va_list@I_J@?$standard_base@DV?$string_output_adapter@D@__crt_stdio_output@@@__crt_stdio_output@@IEAA_NAEA_J@Z 00000001800119d0 f i libucrtd:output.obj
 0001:000109d0       ??$extract_argument_from_va_list@I_J@?$standard_base@_WV?$string_output_adapter@_W@__crt_stdio_output@@@__crt_stdio_output@@IEAA_NAEA_J@Z 00000001800119d0 f i libucrtd:output.obj
 0001:00010a00       ??$extract_argument_from_va_list@PEAXPEAX@?$standard_base@DV?$string_output_adapter@D@__crt_stdio_output@@@__crt_stdio_output@@IEAA_NAEAPEAX@Z 0000000180011a00 f i libucrtd:output.obj
 0001:00010a00       ??$extract_argument_from_va_list@PEAUansi_string@?1??type_case_Z@?$output_processor@DV?$string_output_adapter@D@__crt_stdio_output@@V?$format_validation_base@DV?$string_output_adapter@D@__crt_stdio_output@@@2@@__crt_stdio_output@@AEAA_NXZ@PEAU1?1??234@AEAA_NXZ@@?$standard_base@DV?$string_output_adapter@D@__crt_stdio_output@@@__crt_stdio_output@@IEAA_NAEAPEAUansi_string@?1??type_case_Z@?$output_processor@DV?$string_output_adapter@D@__crt_stdio_output@@V?$format_validation_base@DV?$string_output_adapter@D@__crt_stdio_output@@@2@@1@AEAA_NXZ@@Z 0000000180011a00 f i libucrtd:output.obj
 0001:00010a00       ??$extract_argument_from_va_list@_K_J@?$standard_base@_WV?$string_output_adapter@_W@__crt_stdio_output@@@__crt_stdio_output@@IEAA_NAEA_J@Z 0000000180011a00 f i libucrtd:output.obj
 0001:00010a00       ??$extract_argument_from_va_list@_J_J@?$standard_base@_WV?$string_output_adapter@_W@__crt_stdio_output@@@__crt_stdio_output@@IEAA_NAEA_J@Z 0000000180011a00 f i libucrtd:output.obj
 0001:00010a00       ??$extract_argument_from_va_list@PEAUansi_string@?1??type_case_Z@?$output_processor@_WV?$string_output_adapter@_W@__crt_stdio_output@@V?$format_validation_base@_WV?$string_output_adapter@_W@__crt_stdio_output@@@2@@__crt_stdio_output@@AEAA_NXZ@PEAU1?1??234@AEAA_NXZ@@?$standard_base@_WV?$string_output_adapter@_W@__crt_stdio_output@@@__crt_stdio_output@@IEAA_NAEAPEAUansi_string@?1??type_case_Z@?$output_processor@_WV?$string_output_adapter@_W@__crt_stdio_output@@V?$format_validation_base@_WV?$string_output_adapter@_W@__crt_stdio_output@@@2@@1@AEAA_NXZ@@Z 0000000180011a00 f i libucrtd:output.obj
 0001:00010a00       ??$extract_argument_from_va_list@PEADPEAD@?$standard_base@DV?$string_output_adapter@D@__crt_stdio_output@@@__crt_stdio_output@@IEAA_NAEAPEAD@Z 0000000180011a00 f i libucrtd:output.obj
 0001:00010a00       ??$extract_argument_from_va_list@PEADPEAD@?$standard_base@_WV?$string_output_adapter@_W@__crt_stdio_output@@@__crt_stdio_output@@IEAA_NAEAPEAD@Z 0000000180011a00 f i libucrtd:output.obj
 0001:00010a00       ??$extract_argument_from_va_list@_J_J@?$standard_base@DV?$string_output_adapter@D@__crt_stdio_output@@@__crt_stdio_output@@IEAA_NAEA_J@Z 0000000180011a00 f i libucrtd:output.obj
 0001:00010a00       ??$extract_argument_from_va_list@_K_J@?$standard_base@DV?$string_output_adapter@D@__crt_stdio_output@@@__crt_stdio_output@@IEAA_NAEA_J@Z 0000000180011a00 f i libucrtd:output.obj
 0001:00010a00       ??$extract_argument_from_va_list@PEAXPEAX@?$standard_base@_WV?$string_output_adapter@_W@__crt_stdio_output@@@__crt_stdio_output@@IEAA_NAEAPEAX@Z 0000000180011a00 f i libucrtd:output.obj
 0001:00010a30       ??$extract_argument_from_va_list@U_CRT_DOUBLE@@U1@@?$standard_base@_WV?$string_output_adapter@_W@__crt_stdio_output@@@__crt_stdio_output@@IEAA_NAEAU_CRT_DOUBLE@@@Z 0000000180011a30 f i libucrtd:output.obj
 0001:00010a30       ??$extract_argument_from_va_list@U_CRT_DOUBLE@@U1@@?$standard_base@DV?$string_output_adapter@D@__crt_stdio_output@@@__crt_stdio_output@@IEAA_NAEAU_CRT_DOUBLE@@@Z 0000000180011a30 f i libucrtd:output.obj
 0001:00010a80       ??$extract_argument_from_va_list@_W_W@?$standard_base@_WV?$string_output_adapter@_W@__crt_stdio_output@@@__crt_stdio_output@@IEAA_NAEA_W@Z 0000000180011a80 f i libucrtd:output.obj
 0001:00010a80       ??$extract_argument_from_va_list@_W_W@?$standard_base@DV?$string_output_adapter@D@__crt_stdio_output@@@__crt_stdio_output@@IEAA_NAEA_W@Z 0000000180011a80 f i libucrtd:output.obj
 0001:00010ab0       ??$is_wide_character_specifier@D@__crt_stdio_output@@YA_N_KDW4length_modifier@0@@Z 0000000180011ab0 f i libucrtd:output.obj
 0001:00010b50       ??$is_wide_character_specifier@_W@__crt_stdio_output@@YA_N_K_WW4length_modifier@0@@Z 0000000180011b50 f i libucrtd:output.obj
 0001:00010c20       ??$read_va_arg@E@__crt_stdio_output@@YAEAEAPEAD@Z 0000000180011c20 f i libucrtd:output.obj
 0001:00010c20       ??$read_va_arg@C@__crt_stdio_output@@YACAEAPEAD@Z 0000000180011c20 f i libucrtd:output.obj
 0001:00010c90       ??$read_va_arg@G@__crt_stdio_output@@YAGAEAPEAD@Z 0000000180011c90 f i libucrtd:output.obj
 0001:00010c90       ??$read_va_arg@F@__crt_stdio_output@@YAFAEAPEAD@Z 0000000180011c90 f i libucrtd:output.obj
 0001:00010c90       ??$read_va_arg@_W@__crt_stdio_output@@YA_WAEAPEAD@Z 0000000180011c90 f i libucrtd:output.obj
 0001:00010d00       ??$read_va_arg@H@__crt_stdio_output@@YAHAEAPEAD@Z 0000000180011d00 f i libucrtd:output.obj
 0001:00010d00       ??$read_va_arg@I@__crt_stdio_output@@YAIAEAPEAD@Z 0000000180011d00 f i libucrtd:output.obj
 0001:00010d60       ??$read_va_arg@PEAUansi_string@?1??type_case_Z@?$output_processor@_WV?$string_output_adapter@_W@__crt_stdio_output@@V?$format_validation_base@_WV?$string_output_adapter@_W@__crt_stdio_output@@@2@@__crt_stdio_output@@AEAA_NXZ@@__crt_stdio_output@@YAPEAUansi_string@?1??type_case_Z@?$output_processor@_WV?$string_output_adapter@_W@__crt_stdio_output@@V?$format_validation_base@_WV?$string_output_adapter@_W@__crt_stdio_output@@@2@@0@AEAA_NXZ@AEAPEAD@Z 0000000180011d60 f i libucrtd:output.obj
 0001:00010d60       ??$read_va_arg@PEAUansi_string@?1??type_case_Z@?$output_processor@DV?$string_output_adapter@D@__crt_stdio_output@@V?$format_validation_base@DV?$string_output_adapter@D@__crt_stdio_output@@@2@@__crt_stdio_output@@AEAA_NXZ@@__crt_stdio_output@@YAPEAUansi_string@?1??type_case_Z@?$output_processor@DV?$string_output_adapter@D@__crt_stdio_output@@V?$format_validation_base@DV?$string_output_adapter@D@__crt_stdio_output@@@2@@0@AEAA_NXZ@AEAPEAD@Z 0000000180011d60 f i libucrtd:output.obj
 0001:00010d60       ??$read_va_arg@PEAD@__crt_stdio_output@@YAPEADAEAPEAD@Z 0000000180011d60 f i libucrtd:output.obj
 0001:00010d60       ??$read_va_arg@PEAX@__crt_stdio_output@@YAPEAXAEAPEAD@Z 0000000180011d60 f i libucrtd:output.obj
 0001:00010d60       ??$read_va_arg@U_CRT_DOUBLE@@@__crt_stdio_output@@YA?AU_CRT_DOUBLE@@AEAPEAD@Z 0000000180011d60 f i libucrtd:output.obj
 0001:00010d60       ??$read_va_arg@_J@__crt_stdio_output@@YA_JAEAPEAD@Z 0000000180011d60 f i libucrtd:output.obj
 0001:00010d60       ??$read_va_arg@_K@__crt_stdio_output@@YA_KAEAPEAD@Z 0000000180011d60 f i libucrtd:output.obj
 0001:00010dd0       ??$scratch_count@D@formatting_buffer@__crt_stdio_output@@QEBA_KXZ 0000000180011dd0 f i libucrtd:output.obj
 0001:00010df0       ??$scratch_data@D@formatting_buffer@__crt_stdio_output@@QEAAPEADXZ 0000000180011df0 f i libucrtd:output.obj
 0001:00010e60       ??$tcstol@PEBDPEAPEADH@?$__crt_char_traits@D@@SAJ$$QEAPEBD$$QEAPEAPEAD$$QEAH@Z 0000000180011e60 f i libucrtd:output.obj
 0001:00010ea0       ??$tcstol@PEB_WPEAPEA_WH@?$__crt_char_traits@_W@@SAJ$$QEAPEB_W$$QEAPEAPEA_W$$QEAH@Z 0000000180011ea0 f i libucrtd:output.obj
 0001:00010ee0       ??$type_case_integer_parse_into_buffer@I@?$output_processor@DV?$string_output_adapter@D@__crt_stdio_output@@V?$format_validation_base@DV?$string_output_adapter@D@__crt_stdio_output@@@2@@__crt_stdio_output@@AEAAXII_N@Z 0000000180011ee0 f i libucrtd:output.obj
 0001:00011010       ??$type_case_integer_parse_into_buffer@I@?$output_processor@_WV?$string_output_adapter@_W@__crt_stdio_output@@V?$format_validation_base@_WV?$string_output_adapter@_W@__crt_stdio_output@@@2@@__crt_stdio_output@@AEAAXII_N@Z 0000000180012010 f i libucrtd:output.obj
 0001:00011150       ??$type_case_integer_parse_into_buffer@_K@?$output_processor@DV?$string_output_adapter@D@__crt_stdio_output@@V?$format_validation_base@DV?$string_output_adapter@D@__crt_stdio_output@@@2@@__crt_stdio_output@@AEAAX_KI_N@Z 0000000180012150 f i libucrtd:output.obj
 0001:000112a0       ??$type_case_integer_parse_into_buffer@_K@?$output_processor@_WV?$string_output_adapter@_W@__crt_stdio_output@@V?$format_validation_base@_WV?$string_output_adapter@_W@__crt_stdio_output@@@2@@__crt_stdio_output@@AEAAX_KI_N@Z 00000001800122a0 f i libucrtd:output.obj
 0001:00011400       ??$write_multiple_characters@V?$string_output_adapter@D@__crt_stdio_output@@D@__crt_stdio_output@@YAXAEBV?$string_output_adapter@D@0@DHQEAH@Z 0000000180012400 f i libucrtd:output.obj
 0001:00011460       ??$write_multiple_characters@V?$string_output_adapter@_W@__crt_stdio_output@@D@__crt_stdio_output@@YAXAEBV?$string_output_adapter@_W@0@DHQEAH@Z 0000000180012460 f i libucrtd:output.obj
 0001:000114c0       ??0?$common_data@D@__crt_stdio_output@@IEAA@XZ 00000001800124c0 f i libucrtd:output.obj
 0001:00011590       ??0?$common_data@_W@__crt_stdio_output@@IEAA@XZ 0000000180012590 f i libucrtd:output.obj
 0001:00011660       ??0?$output_adapter_data@DV?$string_output_adapter@D@__crt_stdio_output@@@__crt_stdio_output@@IEAA@AEBV?$string_output_adapter@D@1@_KQEBDQEAU__crt_locale_pointers@@QEAD@Z 0000000180012660 f i libucrtd:output.obj
 0001:000116e0       ??0?$output_adapter_data@_WV?$string_output_adapter@_W@__crt_stdio_output@@@__crt_stdio_output@@IEAA@AEBV?$string_output_adapter@_W@1@_KQEB_WQEAU__crt_locale_pointers@@QEAD@Z 00000001800126e0 f i libucrtd:output.obj
 0001:00011760       ??0?$output_processor@DV?$string_output_adapter@D@__crt_stdio_output@@V?$format_validation_base@DV?$string_output_adapter@D@__crt_stdio_output@@@2@@__crt_stdio_output@@QEAA@AEBV?$string_output_adapter@D@1@_KQEBDQEAU__crt_locale_pointers@@QEAD@Z 0000000180012760 f i libucrtd:output.obj
 0001:000117b0       ??0?$output_processor@_WV?$string_output_adapter@_W@__crt_stdio_output@@V?$format_validation_base@_WV?$string_output_adapter@_W@__crt_stdio_output@@@2@@__crt_stdio_output@@QEAA@AEBV?$string_output_adapter@_W@1@_KQEB_WQEAU__crt_locale_pointers@@QEAD@Z 00000001800127b0 f i libucrtd:output.obj
 0001:00011800       ??0__crt_deferred_errno_cache@@QEAA@XZ 0000000180012800 f i libucrtd:output.obj
 0001:00011820       ??0__crt_errno_guard@@QEAA@QEAH@Z 0000000180012820 f i libucrtd:output.obj
 0001:00011860       ??0formatting_buffer@__crt_stdio_output@@QEAA@XZ 0000000180012860 f i libucrtd:output.obj
 0001:000118a0       ??1?$common_data@_W@__crt_stdio_output@@QEAA@XZ 00000001800128a0 f i libucrtd:output.obj
 0001:000118a0       ??1?$common_data@D@__crt_stdio_output@@QEAA@XZ 00000001800128a0 f i libucrtd:output.obj
 0001:000118c0       ??1?$format_validation_base@_WV?$string_output_adapter@_W@__crt_stdio_output@@@__crt_stdio_output@@QEAA@XZ 00000001800128c0 f i libucrtd:output.obj
 0001:000118c0       ??1?$format_validation_base@DV?$string_output_adapter@D@__crt_stdio_output@@@__crt_stdio_output@@QEAA@XZ 00000001800128c0 f i libucrtd:output.obj
 0001:000118e0       ??1?$output_adapter_data@DV?$string_output_adapter@D@__crt_stdio_output@@@__crt_stdio_output@@QEAA@XZ 00000001800128e0 f i libucrtd:output.obj
 0001:000118e0       ??1?$output_adapter_data@_WV?$string_output_adapter@_W@__crt_stdio_output@@@__crt_stdio_output@@QEAA@XZ 00000001800128e0 f i libucrtd:output.obj
 0001:00011900       ??1?$output_processor@_WV?$string_output_adapter@_W@__crt_stdio_output@@V?$format_validation_base@_WV?$string_output_adapter@_W@__crt_stdio_output@@@2@@__crt_stdio_output@@QEAA@XZ 0000000180012900 f i libucrtd:output.obj
 0001:00011900       ??1?$output_processor@DV?$string_output_adapter@D@__crt_stdio_output@@V?$format_validation_base@DV?$string_output_adapter@D@__crt_stdio_output@@@2@@__crt_stdio_output@@QEAA@XZ 0000000180012900 f i libucrtd:output.obj
 0001:00011920       ??1?$standard_base@DV?$string_output_adapter@D@__crt_stdio_output@@@__crt_stdio_output@@QEAA@XZ 0000000180012920 f i libucrtd:output.obj
 0001:00011920       ??1?$standard_base@_WV?$string_output_adapter@_W@__crt_stdio_output@@@__crt_stdio_output@@QEAA@XZ 0000000180012920 f i libucrtd:output.obj
 0001:00011940       ??1__crt_errno_guard@@QEAA@XZ 0000000180012940 f i libucrtd:output.obj
 0001:00011970       ??1formatting_buffer@__crt_stdio_output@@QEAA@XZ 0000000180012970 f i libucrtd:output.obj
 0001:000119a0       ??4?$__crt_unique_heap_ptr@DU__crt_internal_free_policy@@@@QEAAAEAV0@$$QEAV0@@Z 00000001800129a0 f i libucrtd:output.obj
 0001:000119e0       ??A?$spectre_mitigated_lookup_table@Ustate_transition_pair@__crt_stdio_output@@$0IA@@__crt_stdio_output@@QEBAAEBUstate_transition_pair@1@_K@Z 00000001800129e0 f i libucrtd:output.obj
 0001:00011a00       ?adjust_hexit@?$output_processor@_WV?$string_output_adapter@_W@__crt_stdio_output@@V?$format_validation_base@_WV?$string_output_adapter@_W@__crt_stdio_output@@@2@@__crt_stdio_output@@CADH_N@Z 0000000180012a00 f i libucrtd:output.obj
 0001:00011a00       ?adjust_hexit@?$output_processor@DV?$string_output_adapter@D@__crt_stdio_output@@V?$format_validation_base@DV?$string_output_adapter@D@__crt_stdio_output@@@2@@__crt_stdio_output@@CADH_N@Z 0000000180012a00 f i libucrtd:output.obj
 0001:00011a50       ?advance_to_next_pass@?$standard_base@_WV?$string_output_adapter@_W@__crt_stdio_output@@@__crt_stdio_output@@IEAA_NXZ 0000000180012a50 f i libucrtd:output.obj
 0001:00011a50       ?advance_to_next_pass@?$standard_base@DV?$string_output_adapter@D@__crt_stdio_output@@@__crt_stdio_output@@IEAA_NXZ 0000000180012a50 f i libucrtd:output.obj
 0001:00011aa0       ?crop_zeroes@__crt_stdio_output@@YAXPEADQEAU__crt_locale_pointers@@@Z 0000000180012aa0 f i libucrtd:output.obj
 0001:00011be0       ?find_next_state@?$output_processor@DV?$string_output_adapter@D@__crt_stdio_output@@V?$format_validation_base@DV?$string_output_adapter@D@__crt_stdio_output@@@2@@__crt_stdio_output@@AEBA?AW4state@2@DW432@@Z 0000000180012be0 f i libucrtd:output.obj
 0001:00011c70       ?find_next_state@?$output_processor@_WV?$string_output_adapter@_W@__crt_stdio_output@@V?$format_validation_base@_WV?$string_output_adapter@_W@__crt_stdio_output@@@2@@__crt_stdio_output@@AEBA?AW4state@2@_WW432@@Z 0000000180012c70 f i libucrtd:output.obj
 0001:00011d00       ?force_decimal_point@__crt_stdio_output@@YAXPEADQEAU__crt_locale_pointers@@@Z 0000000180012d00 f i libucrtd:output.obj
 0001:00011e00       ?get@__crt_deferred_errno_cache@@QEAAAEAHXZ 0000000180012e00 f i libucrtd:output.obj
 0001:00011e30       ?get_flags@__crt_stdio_stream@@QEBAJXZ 0000000180012e30 f i libucrtd:output.obj
 0001:00011e60       ?has_flag@?$output_processor@DV?$string_output_adapter@D@__crt_stdio_output@@V?$format_validation_base@DV?$string_output_adapter@D@__crt_stdio_output@@@2@@__crt_stdio_output@@AEBA_NI@Z 0000000180012e60 f i libucrtd:output.obj
 0001:00011e60       ?has_flag@?$output_processor@_WV?$string_output_adapter@_W@__crt_stdio_output@@V?$format_validation_base@_WV?$string_output_adapter@_W@__crt_stdio_output@@@2@@__crt_stdio_output@@AEBA_NI@Z 0000000180012e60 f i libucrtd:output.obj
 0001:00011ea0       ?is_string_backed@__crt_stdio_stream@@QEBA_NXZ 0000000180012ea0 f i libucrtd:output.obj
 0001:00011ee0       ?narrow_null_string@?$output_processor@DV?$string_output_adapter@D@__crt_stdio_output@@V?$format_validation_base@DV?$string_output_adapter@D@__crt_stdio_output@@@2@@__crt_stdio_output@@CAPEADXZ 0000000180012ee0 f i libucrtd:output.obj
 0001:00011ee0       ?narrow_null_string@?$output_processor@_WV?$string_output_adapter@_W@__crt_stdio_output@@V?$format_validation_base@_WV?$string_output_adapter@_W@__crt_stdio_output@@@2@@__crt_stdio_output@@CAPEADXZ 0000000180012ee0 f i libucrtd:output.obj
 0001:00011ef0       ?parse_int_from_format_string@?$output_processor@DV?$string_output_adapter@D@__crt_stdio_output@@V?$format_validation_base@DV?$string_output_adapter@D@__crt_stdio_output@@@2@@__crt_stdio_output@@AEAA_NQEAH@Z 0000000180012ef0 f i libucrtd:output.obj
 0001:00011fe0       ?parse_int_from_format_string@?$output_processor@_WV?$string_output_adapter@_W@__crt_stdio_output@@V?$format_validation_base@_WV?$string_output_adapter@_W@__crt_stdio_output@@@2@@__crt_stdio_output@@AEAA_NQEAH@Z 0000000180012fe0 f i libucrtd:output.obj
 0001:000120d0       ?process@?$output_processor@DV?$string_output_adapter@D@__crt_stdio_output@@V?$format_validation_base@DV?$string_output_adapter@D@__crt_stdio_output@@@2@@__crt_stdio_output@@QEAAHXZ 00000001800130d0 f i libucrtd:output.obj
 0001:00012430       ?process@?$output_processor@_WV?$string_output_adapter@_W@__crt_stdio_output@@V?$format_validation_base@_WV?$string_output_adapter@_W@__crt_stdio_output@@@2@@__crt_stdio_output@@QEAAHXZ 0000000180013430 f i libucrtd:output.obj
 0001:00012790       ?set_flag@?$output_processor@_WV?$string_output_adapter@_W@__crt_stdio_output@@V?$format_validation_base@_WV?$string_output_adapter@_W@__crt_stdio_output@@@2@@__crt_stdio_output@@AEAAXI@Z 0000000180013790 f i libucrtd:output.obj
 0001:00012790       ?set_flag@?$output_processor@DV?$string_output_adapter@D@__crt_stdio_output@@V?$format_validation_base@DV?$string_output_adapter@D@__crt_stdio_output@@@2@@__crt_stdio_output@@AEAAXI@Z 0000000180013790 f i libucrtd:output.obj
 0001:000127b0       ?should_format@?$standard_base@DV?$string_output_adapter@D@__crt_stdio_output@@@__crt_stdio_output@@IEAA_NXZ 00000001800137b0 f i libucrtd:output.obj
 0001:000127b0       ?validate_state_for_type_case_a@?$standard_base@DV?$string_output_adapter@D@__crt_stdio_output@@@__crt_stdio_output@@IEBA_NXZ 00000001800137b0 f i libucrtd:output.obj
 0001:000127b0       ?validate_and_update_state_at_beginning_of_format_character@?$standard_base@DV?$string_output_adapter@D@__crt_stdio_output@@@__crt_stdio_output@@IEAA_NXZ 00000001800137b0 f i libucrtd:output.obj
 0001:000127b0       ?validate_and_update_state_at_beginning_of_format_character@?$standard_base@_WV?$string_output_adapter@_W@__crt_stdio_output@@@__crt_stdio_output@@IEAA_NXZ 00000001800137b0 f i libucrtd:output.obj
 0001:000127b0       ?validate_state_for_type_case_a@?$standard_base@_WV?$string_output_adapter@_W@__crt_stdio_output@@@__crt_stdio_output@@IEBA_NXZ 00000001800137b0 f i libucrtd:output.obj
 0001:000127b0       ?should_format@?$standard_base@_WV?$string_output_adapter@_W@__crt_stdio_output@@@__crt_stdio_output@@IEAA_NXZ 00000001800137b0 f i libucrtd:output.obj
 0001:000127c0       ?should_skip_type_state_output@?$standard_base@DV?$string_output_adapter@D@__crt_stdio_output@@@__crt_stdio_output@@IEBA_NXZ 00000001800137c0 f i libucrtd:output.obj
 0001:000127c0       ?should_skip_type_state_output@?$standard_base@_WV?$string_output_adapter@_W@__crt_stdio_output@@@__crt_stdio_output@@IEBA_NXZ 00000001800137c0 f i libucrtd:output.obj
 0001:000127c0       ?should_skip_normal_state_processing@?$standard_base@_WV?$string_output_adapter@_W@__crt_stdio_output@@@__crt_stdio_output@@IEAA_NXZ 00000001800137c0 f i libucrtd:output.obj
 0001:000127c0       ?should_skip_normal_state_processing@?$standard_base@DV?$string_output_adapter@D@__crt_stdio_output@@@__crt_stdio_output@@IEAA_NXZ 00000001800137c0 f i libucrtd:output.obj
 0001:000127d0       ?state_case_dot@?$output_processor@DV?$string_output_adapter@D@__crt_stdio_output@@V?$format_validation_base@DV?$string_output_adapter@D@__crt_stdio_output@@@2@@__crt_stdio_output@@AEAA_NXZ 00000001800137d0 f i libucrtd:output.obj
 0001:000127d0       ?state_case_dot@?$output_processor@_WV?$string_output_adapter@_W@__crt_stdio_output@@V?$format_validation_base@_WV?$string_output_adapter@_W@__crt_stdio_output@@@2@@__crt_stdio_output@@AEAA_NXZ 00000001800137d0 f i libucrtd:output.obj
 0001:000127f0       ?state_case_flag@?$output_processor@DV?$string_output_adapter@D@__crt_stdio_output@@V?$format_validation_base@DV?$string_output_adapter@D@__crt_stdio_output@@@2@@__crt_stdio_output@@AEAA_NXZ 00000001800137f0 f i libucrtd:output.obj
 0001:00012890       ?state_case_flag@?$output_processor@_WV?$string_output_adapter@_W@__crt_stdio_output@@V?$format_validation_base@_WV?$string_output_adapter@_W@__crt_stdio_output@@@2@@__crt_stdio_output@@AEAA_NXZ 0000000180013890 f i libucrtd:output.obj
 0001:00012930       ?state_case_normal@?$output_processor@DV?$string_output_adapter@D@__crt_stdio_output@@V?$format_validation_base@DV?$string_output_adapter@D@__crt_stdio_output@@@2@@__crt_stdio_output@@AEAA_NXZ 0000000180013930 f i libucrtd:output.obj
 0001:00012a10       ?state_case_normal@?$output_processor@_WV?$string_output_adapter@_W@__crt_stdio_output@@V?$format_validation_base@_WV?$string_output_adapter@_W@__crt_stdio_output@@@2@@__crt_stdio_output@@AEAA_NXZ 0000000180013a10 f i libucrtd:output.obj
 0001:00012af0       ?state_case_normal_common@?$output_processor@DV?$string_output_adapter@D@__crt_stdio_output@@V?$format_validation_base@DV?$string_output_adapter@D@__crt_stdio_output@@@2@@__crt_stdio_output@@AEAA_NXZ 0000000180013af0 f i libucrtd:output.obj
 0001:00012b40       ?state_case_normal_common@?$output_processor@_WV?$string_output_adapter@_W@__crt_stdio_output@@V?$format_validation_base@_WV?$string_output_adapter@_W@__crt_stdio_output@@@2@@__crt_stdio_output@@AEAA_NXZ 0000000180013b40 f i libucrtd:output.obj
 0001:00012b90       ?state_case_normal_tchar@?$output_processor@DV?$string_output_adapter@D@__crt_stdio_output@@V?$format_validation_base@DV?$string_output_adapter@D@__crt_stdio_output@@@2@@__crt_stdio_output@@AEAA_ND@Z 0000000180013b90 f i libucrtd:output.obj
[...]
 0002:00011fa8       $unwind$_query_new_handler 000000018004bfa8     libucrtd:new_handler.obj
 0002:00011fc8       $unwind$_isctype_l         000000018004bfc8     libucrtd:isctype.obj
 0002:00011fdc       $unwind$_chvalidator_l     000000018004bfdc     libucrtd:isctype.obj
 0002:00011fe4       $unwind$_expand_base       000000018004bfe4     libucrtd:expand.obj
 0002:00011fec       $unwind$?return_illegal_sequence@__crt_mbstring@@YA_KPEAU_Mbstatet@@@Z 000000018004bfec     libucrtd:c32rtomb.obj
 0002:00011fec       $unwind$??R<lambda_3e16ef9562a7dcce91392c22ab16ea36>@@QEBA@XZ 000000018004bfec     libucrtd:wsetlocale.obj
 0002:00011fec       $unwind$fesetenv           000000018004bfec     libucrtd:fesetenv.obj
 0002:00011ff4       $unwind$??$?RV<lambda_410d79af7f07d98d83a3f525b3859a53>@@AEAV<lambda_3e16ef9562a7dcce91392c22ab16ea36>@@V<lambda_38119f0e861e05405d8a144b9b982f0a>@@@?$__crt_seh_guarded_call@X@@QEAAX$$QEAV<lambda_410d79af7f07d98d83a3f525b3859a53>@@AEAV<lambda_3e16ef9562a7dcce91392c22ab16ea36>@@$$QEAV<lambda_38119f0e861e05405d8a144b9b982f0a>@@@Z 000000018004bff4     libucrtd:wsetlocale.obj
 0002:00012014       $unwind$?write_string_to_console@@YAXQEB_W@Z 000000018004c014     libucrtd:report_runtime_error.obj
 0002:00012024       $unwind$?fp_format_g@@YAHQEBNQEAD_K12H_NIW4__acrt_rounding_mode@@QEAU__crt_locale_pointers@@@Z 000000018004c024     libucrtd:cvt.obj
 0002:00012024       $unwind$_mbtowc_l          000000018004c024     libucrtd:mbtowc.obj
 0002:00012030       $unwind$_wctomb_s_l        000000018004c030     libucrtd:wctomb.obj
 0002:0001203c       $unwind$?fp_format_nan_or_infinity@@YAHW4__acrt_fp_class@@_NPEAD_K1@Z 000000018004c03c     libucrtd:cvt.obj
 0002:00012044       $unwind$?fe_to_nearest@@YA_NQEBN_KF@Z 000000018004c044     libucrtd:cvt.obj
 0002:0001204c       $unwind$?should_round_up@@YA_NQEBN_KFW4__acrt_rounding_mode@@@Z 000000018004c04c     libucrtd:cvt.obj
 0002:00012054       $unwind$?fp_format_a@@YAHQEBNPEAD_KQEAD2H_NIQEAU__crt_locale_pointers@@W4__acrt_rounding_mode@@@Z 000000018004c054     libucrtd:cvt.obj
 0002:00012064       $stateUnwindMap$?fp_format_a@@YAHQEBNPEAD_KQEAD2H_NIQEAU__crt_locale_pointers@@W4__acrt_rounding_mode@@@Z 000000018004c064     libucrtd:cvt.obj
 0002:00012070       $ip2state$?fp_format_a@@YAHQEBNPEAD_KQEAD2H_NIQEAU__crt_locale_pointers@@W4__acrt_rounding_mode@@@Z 000000018004c070     libucrtd:cvt.obj
 0002:000120b8       $unwind$?fp_format_f@@YAHQEBNQEAD_K12HQEAU__crt_locale_pointers@@W4__acrt_rounding_mode@@@Z 000000018004c0b8     libucrtd:cvt.obj
 0002:000120c0       $unwind$__acrt_update_thread_locale_data 000000018004c0c0     libucrtd:locale_refcounting.obj
 0002:000120e0       $unwind$??$common_xtox_s@KD@@YAHKQEAD_KI_N@Z 000000018004c0e0     libucrtd:xtoa.obj
 0002:000120e0       $unwind$??$common_xtox_s@K_W@@YAHKQEA_W_KI_N@Z 000000018004c0e0     libucrtd:xtoa.obj
 0002:000120e8       $unwind$_mbstowcs_s_l      000000018004c0e8     libucrtd:mbstowcs.obj
 0002:000120e8       $unwind$?__acrt_LCMapStringA_stat@@YAHPEAU__crt_locale_pointers@@PEB_WKPEBDHPEADHHH@Z 000000018004c0e8     libucrtd:lcmapstringa.obj
 0002:000120f0       $unwind$?_mbstowcs_l_helper@@YA_KPEA_WPEBD_KPEAU__crt_locale_pointers@@@Z 000000018004c0f0     libucrtd:mbstowcs.obj
 0002:000120fc       $unwind$?_wcstombs_l_helper@@YA_KPEADPEB_W_KPEAU__crt_locale_pointers@@@Z 000000018004c0fc     libucrtd:wcstombs.obj
 0002:00012114       $stateUnwindMap$?_wcstombs_l_helper@@YA_KPEADPEB_W_KPEAU__crt_locale_pointers@@@Z 000000018004c114     libucrtd:wcstombs.obj
 0002:00012120       $ip2state$?_wcstombs_l_helper@@YA_KPEADPEB_W_KPEAU__crt_locale_pointers@@@Z 000000018004c120     libucrtd:wcstombs.obj
 0002:00012238       $unwind$??$common_tcscat_s@D@@YAHQEAD_KQEBD@Z 000000018004c238     libucrtd:strcat_s.obj
 0002:00012238       $unwind$??$common_tcscat_s@_W@@YAHQEA_W_KQEB_W@Z 000000018004c238     libucrtd:wcscat_s.obj
 0002:00012240       $unwind$__acrt_OutputDebugStringA 000000018004c240     libucrtd:outputdebugstringa.obj
 0002:00012254       $unwind$qsort              000000018004c254     libucrtd:qsort.obj
 0002:00012264       $unwind$?shortsort@@YAXPEAD0_KP6AHPEBX2@Z@Z 000000018004c264     libucrtd:qsort.obj
 0002:00012274       $stateUnwindMap$?shortsort@@YAXPEAD0_KP6AHPEBX2@Z@Z 000000018004c274     libucrtd:qsort.obj
 0002:00012280       $ip2state$?shortsort@@YAXPEAD0_KP6AHPEBX2@Z@Z 000000018004c280     libucrtd:qsort.obj
 0002:00012298       $unwind$??$common_tcsncpy_s@D@@YAHQEAD_KQEBD1@Z 000000018004c298     libucrtd:strncpy_s.obj
 0002:00012298       $unwind$??$common_tcsncpy_s@_W@@YAHQEA_W_KQEB_W1@Z 000000018004c298     libucrtd:wcsncpy_s.obj
 0002:000122a0       $unwind$strpbrk            000000018004c2a0     libucrtd:strpbrk.obj
 0002:000122a8       $unwind$fallbackMethod     000000018004c2a8     libucrtd:strpbrk.obj
 0002:000122b8       $unwind$_mbsdec_l          000000018004c2b8     libucrtd:mbsdec.obj
 0002:000122c4       $unwind$__acrt_GetStringTypeA 000000018004c2c4     libucrtd:getstringtypea.obj
 0002:000122cc       $unwind$__acrt_LCMapStringA 000000018004c2cc     libucrtd:lcmapstringa.obj
 0002:000122d4       $unwind$__acrt_lowio_create_handle_array 000000018004c2d4     libucrtd:osfinfo.obj
 0002:000122dc       $unwind$__acrt_lowio_ensure_fh_exists 000000018004c2dc     libucrtd:osfinfo.obj
 0002:000122fc       $unwind$??R<lambda_ab61a845afdef5b7c387490eaf3616ee>@@QEBA@XZ 000000018004c2fc     libucrtd:fflush.obj
 0002:00012304       $unwind$??$?RV<lambda_842d9ff0dc9ef11c61343bbaebe7f885>@@AEAV<lambda_c5860995281e5c4ce005b3de8f5874ee>@@V<lambda_d90129c13df834fdcbf8d2b88dafcf2d>@@@?$__crt_seh_guarded_call@X@@QEAAX$$QEAV<lambda_842d9ff0dc9ef11c61343bbaebe7f885>@@AEAV<lambda_c5860995281e5c4ce005b3de8f5874ee>@@$$QEAV<lambda_d90129c13df834fdcbf8d2b88dafcf2d>@@@Z 000000018004c304     libucrtd:fflush.obj
 0002:00012324       $unwind$??$?RV<lambda_886d6c58226a84441f68b9f2b8217b83>@@AEAV<lambda_ab61a845afdef5b7c387490eaf3616ee>@@V<lambda_f7f22ab5edc0698d5f6905b0d3f44752>@@@?$__crt_seh_guarded_call@X@@QEAAX$$QEAV<lambda_886d6c58226a84441f68b9f2b8217b83>@@AEAV<lambda_ab61a845afdef5b7c387490eaf3616ee>@@$$QEAV<lambda_f7f22ab5edc0698d5f6905b0d3f44752>@@@Z 000000018004c324     libucrtd:fflush.obj
 0002:00012344       $unwind$_isleadbyte_l      000000018004c344     libucrtd:_wctype.obj
 0002:0001234c       $unwind$?__mbsrtowcs_utf8@__crt_mbstring@@YA_KPEA_WPEAPEBD_KPEAU_Mbstatet@@@Z 000000018004c34c     libucrtd:mbrtowc.obj
 0002:00012354       $unwind$?__c32rtomb_utf8@__crt_mbstring@@YA_KPEAD_UPEAU_Mbstatet@@@Z 000000018004c354     libucrtd:c32rtomb.obj
 0002:0001235c       $unwind$?reset_and_return@__crt_mbstring@@YA_K_KPEAU_Mbstatet@@@Z 000000018004c35c     libucrtd:c32rtomb.obj
 0002:00012364       $unwind$__acrt_fltout      000000018004c364     libucrtd:cfout.obj
 0002:0001236c       $unwind$?make_big_integer@__crt_strtox@@YA?AUbig_integer@1@_K@Z 000000018004c36c     libucrtd:cfout.obj
 0002:0001237c       $unwind$?make_big_integer_power_of_two@__crt_strtox@@YA?AUbig_integer@1@I@Z 000000018004c37c     libucrtd:cfout.obj
 0002:0001238c       $unwind$?shift_left@__crt_strtox@@YA_NAEAUbig_integer@1@I@Z 000000018004c38c     libucrtd:cfout.obj
 0002:0001239c       $unwind$?add_multiply_carry@__crt_strtox@@YAIAEAIIII@Z 000000018004c39c     libucrtd:cfout.obj
 0002:000123a4       $unwind$?multiply@__crt_strtox@@YA_NAEAUbig_integer@1@I@Z 000000018004c3a4     libucrtd:cfout.obj
 0002:000123b4       $unwind$?multiply@__crt_strtox@@YA_NAEAUbig_integer@1@AEBU21@@Z 000000018004c3b4     libucrtd:cfout.obj
 0002:000123c4       $unwind$?multiply_by_power_of_ten@__crt_strtox@@YA_NAEAUbig_integer@1@I@Z 000000018004c3c4     libucrtd:cfout.obj
 0002:000123d4       $unwind$?divide@__crt_strtox@@YA_KAEAUbig_integer@1@AEBU21@@Z 000000018004c3d4     libucrtd:cfout.obj
 0002:000123e4       $unwind$??$convert_to_fos_high_precision@N@@YA?AW4__acrt_has_trailing_digits@@NIQEAHQEAD_K@Z 000000018004c3e4     libucrtd:cfout.obj
 0002:000123f4       $unwind$_fcloseall         000000018004c3f4     libucrtd:closeall.obj
 0002:00012414       $unwind$?__wcsrtombs_utf8@__crt_mbstring@@YA_KPEADPEAPEB_W_KPEAU_Mbstatet@@@Z 000000018004c414     libucrtd:wcrtomb.obj
 0002:00012424       $unwind$??$?RV<lambda_4e3dbe6921bc0b5a1a6bc6573fdc859e>@@AEAV<lambda_5533cddd4bda0037814beee657757329>@@V<lambda_47cffbaa968af5c721c38a4a6f8da44d>@@@?$__crt_seh_guarded_call@H@@QEAAH$$QEAV<lambda_4e3dbe6921bc0b5a1a6bc6573fdc859e>@@AEAV<lambda_5533cddd4bda0037814beee657757329>@@$$QEAV<lambda_47cffbaa968af5c721c38a4a6f8da44d>@@@Z 000000018004c424     libucrtd:commit.obj
 0002:00012444       $unwind$_write             000000018004c444     libucrtd:write.obj
 0002:00012464       $unwind$_write_nolock      000000018004c464     libucrtd:write.obj
 0002:00012478       $unwind$?write_double_translated_ansi_nolock@@YA?AUwrite_result@?A0x17268360@@HQEBDI@Z 000000018004c478     libucrtd:write.obj
 0002:0001248c       $unwind$?write_double_translated_unicode_nolock@@YA?AUwrite_result@?A0x17268360@@QEBDI@Z 000000018004c48c     libucrtd:write.obj
 0002:000124a0       $unwind$?write_text_ansi_nolock@@YA?AUwrite_result@?A0x17268360@@HQEBDI@Z 000000018004c4a0     libucrtd:write.obj
 0002:000124a0       $unwind$?write_text_utf16le_nolock@@YA?AUwrite_result@?A0x17268360@@HQEBDI@Z 000000018004c4a0     libucrtd:write.obj
 0002:000124b4       $unwind$?write_text_utf8_nolock@@YA?AUwrite_result@?A0x17268360@@HQEBDI@Z 000000018004c4b4     libucrtd:write.obj
 0002:000124c8       $unwind$?write_binary_nolock@@YA?AUwrite_result@?A0x17268360@@HQEBDI@Z 000000018004c4c8     libucrtd:write.obj
 0002:000124dc       $unwind$?__mbrtoc32_utf8@__crt_mbstring@@YA_KPEA_UPEBD_KPEAU_Mbstatet@@@Z 000000018004c4dc     libucrtd:mbrtoc32.obj
 0002:000124f0       $xdatasym                  000000018004c4f0     libucrtd:log10.obj
 0002:000124fc       $unwind$ceil               000000018004c4fc     libucrtd:ceil.obj
 0002:00012504       $unwind$fclose             000000018004c504     libucrtd:fclose.obj
 0002:00012524       $unwind$?__c16rtomb_utf8@__crt_mbstring@@YA_KPEAD_SPEAU_Mbstatet@@@Z 000000018004c524     libucrtd:c16rtomb.obj
 0002:0001252c       $unwind$__acrt_initialize_fma3 000000018004c52c     libucrtd:fma3_available.obj
 0002:0001253c       $unwind$_log_special_common 000000018004c53c     libucrtd:log_special.obj
 0002:0001254c       $unwind$_log10_special     000000018004c54c     libucrtd:log_special.obj
 0002:00012554       $unwind$_handle_error      000000018004c554     libucrtd:libm_error.obj
 0002:00012564       $unwind$common_control87   000000018004c564     libucrtd:ieee.obj
 0002:00012584       $unwind$??$?RV<lambda_53fc7fc888e23d815d7080162c0aeeb2>@@AEAV<lambda_4e7105787b7b0e0227fbf2b2d883fa65>@@V<lambda_8ddc48ad9d26c778cb15812d1d88fc8a>@@@?$__crt_seh_guarded_call@H@@QEAAH$$QEAV<lambda_53fc7fc888e23d815d7080162c0aeeb2>@@AEAV<lambda_4e7105787b7b0e0227fbf2b2d883fa65>@@$$QEAV<lambda_8ddc48ad9d26c778cb15812d1d88fc8a>@@@Z 000000018004c584     libucrtd:close.obj
 0002:000125a4       $unwind$__dcrt_lowio_ensure_console_output_initialized 000000018004c5a4     libucrtd:initcon.obj
 0002:000125ac       $unwind$__dcrt_write_console 000000018004c5ac     libucrtd:initcon.obj
 0002:000125c0       $unwind$_ctrlfp            000000018004c5c0     libucrtd:fpctrl.obj
 0002:000125e0       $xdatasym                  000000018004c5e0     libucrtd:fpsr.obj
 0002:000125e8       $unwind$_IsNonwritableInCurrentImage 000000018004c5e8     LIBCMTD:pesect.obj
 0002:00012608       $xdatasym                  000000018004c608     LIBCMTD:chkstk.obj
 0002:00012610       $xdatasym                  000000018004c610     libvcruntimed:memcmp.obj
 0002:00012614       $unwind$strrchr            000000018004c614     libvcruntimed:strrchr.obj
 0002:000126b0       .edata                     000000018004c6b0     hy3d_engine.exp
 0002:000126d8       rgpv                       000000018004c6d8     hy3d_engine.exp
 0002:000126dc       rgszName                   000000018004c6dc     hy3d_engine.exp
 0002:000126e0       rgwOrd                     000000018004c6e0     hy3d_engine.exp
 0002:000126e2       szName                     000000018004c6e2     hy3d_engine.exp
 0002:000126f2       $N00001                    000000018004c6f2     hy3d_engine.exp
 0002:00012b1e       .idata$6                   000000018004cb1e     kernel32:KERNEL32.dll
 0003:00000050       ?__vcrt_flsindex@@3KA      000000018004d050     libvcruntimed:per_thread_data.obj
 0003:00000060       ?__acrt_current_request_number@@3JA 000000018004d060     libucrtd:debug_heap.obj
 0003:00000080       ?__acrt_flsindex@@3KA      000000018004d080     libucrtd:per_thread_data.obj
 0003:000000b0       ?errno_no_memory@@3HA      000000018004d0b0     libucrtd:errno.obj
 0003:000000b4       ?doserrno_no_memory@@3KA   000000018004d0b4     libucrtd:errno.obj
 0003:000002f0       _mbctypes                  000000018004d2f0     libucrtd:mbctype.obj
 0003:00000400       _mbcasemaps                000000018004d400     libucrtd:mbctype.obj
 0003:00000500       ?__rgctypeflag@@3PADA      000000018004d500     libucrtd:mbctype.obj
 0003:00000510       ?__rgcode_page_info@@3PAUcode_page_info@@A 000000018004d510     libucrtd:mbctype.obj
 0003:00000778       ?__acrt_debug_fill_threshold@@3_KA 000000018004d778     libucrtd:debug_fill_threshold.obj
 0003:00000a40       ?dazSupported@?1??common_control87@@9@9 000000018004da40     libucrtd:ieee.obj
 0003:00000a48       ?__dcrt_lowio_console_output_handle@@3PEAXEA 000000018004da48     libucrtd:initcon.obj
 0003:00000a50       ?dazSupported@?1??_ctrlfp@@9@9 000000018004da50     libucrtd:fpctrl.obj
 0003:00000ad0       ?freq_cached@?1??_Query_perf_frequency@@9@4U?$atomic@_J@std@@A 000000018004dad0     libcpmtd:xtime.obj
 0003:00000c20       ?__proc_attached@@3HA      000000018004dc20     LIBCMTD:dll_dllmain.obj
 0003:00000c60       ?is_initialized_as_dll@@3_NA 000000018004dc60     LIBCMTD:utility.obj
 0003:00000c61       ?module_local_atexit_table_initialized@@3_NA 000000018004dc61     LIBCMTD:utility.obj
 0003:00000c68       ?module_local_atexit_table@@3U_onexit_table_t@@A 000000018004dc68     LIBCMTD:utility.obj
 0003:00000c80       ?module_local_at_quick_exit_table@@3U_onexit_table_t@@A 000000018004dc80     LIBCMTD:utility.obj
 0003:00000ca0       GS_ExceptionRecord         000000018004dca0     LIBCMTD:gs_report.obj
 0003:00000d40       GS_ContextRecord           000000018004dd40     LIBCMTD:gs_report.obj
 0003:00001260       ?heap@@3V_HeapManager@@A   000000018004e260     libvcruntimed:undname.obj
 0003:00001290       ?__vcrt_startup_thread_ptd@@3U__vcrt_ptd@@A 000000018004e290     libvcruntimed:per_thread_data.obj
 0003:00001310       __vcrt_lock_table          000000018004e310     libvcruntimed:locks.obj
 0003:00001338       __vcrt_locks_initialized   000000018004e338     libvcruntimed:locks.obj
 0003:00001340       ?module_handles@@3PAPEAUHINSTANCE__@@A 000000018004e340     libvcruntimed:winapi_downlevel.obj
 0003:00001358       ?function_pointers@@3PAPEAXA 000000018004e358     libvcruntimed:winapi_downlevel.obj
 0003:00001388       ?__acrt_invalid_parameter_handler@@3V?$dual_state_global@P6AXPEB_W00I_K@Z@__crt_state_management@@A 000000018004e388     libucrtd:invalid_parameter.obj
 0003:00001390       ?c_termination_complete@@3JA 000000018004e390     libucrtd:exit.obj
 0003:00001398       ?thread_local_exit_callback_func@@3P6AXPEAXK0@ZEA 000000018004e398     libucrtd:exit.obj
 0003:000013b0       ?program_name@?1???$common_configure_argv@D@@YAHW4_crt_argv_mode@@@Z@4PADA 000000018004e3b0     libucrtd:argv_parsing.obj
 0003:00001508       ?__acrt_first_block@@3PEAU_CrtMemBlockHeader@@EA 000000018004e508     libucrtd:debug_heap.obj
 0003:00001510       ?__acrt_last_block@@3PEAU_CrtMemBlockHeader@@EA 000000018004e510     libucrtd:debug_heap.obj
 0003:00001518       ?__acrt_total_allocations@@3_KA 000000018004e518     libucrtd:debug_heap.obj
 0003:00001520       ?__acrt_current_allocations@@3_KA 000000018004e520     libucrtd:debug_heap.obj
 0003:00001528       ?__acrt_max_allocations@@3_KA 000000018004e528     libucrtd:debug_heap.obj
 0003:00001530       ?__acrt_check_frequency@@3IA 000000018004e530     libucrtd:debug_heap.obj
 0003:00001534       ?__acrt_check_counter@@3IA 000000018004e534     libucrtd:debug_heap.obj
 0003:00001540       ?heap_validation_pending@@3_NA 000000018004e540     libucrtd:debug_heap.obj
 0003:00001560       ?__acrt_lock_table@@3PAU_RTL_CRITICAL_SECTION@@A 000000018004e560     libucrtd:locks.obj
 0003:00001790       ?__acrt_locks_initialized@@3IA 000000018004e790     libucrtd:locks.obj
 0003:00001798       ?ctrlc_action@@3V?$dual_state_global@P6AXH@Z@__crt_state_management@@A 000000018004e798     libucrtd:signal.obj
 0003:000017a0       ?ctrlbreak_action@@3V?$dual_state_global@P6AXH@Z@__crt_state_management@@A 000000018004e7a0     libucrtd:signal.obj
 0003:000017a8       ?abort_action@@3V?$dual_state_global@P6AXH@Z@__crt_state_management@@A 000000018004e7a8     libucrtd:signal.obj
 0003:000017b0       ?term_action@@3V?$dual_state_global@P6AXH@Z@__crt_state_management@@A 000000018004e7b0     libucrtd:signal.obj
 0003:000017b8       ?state_cache@?1???$get_cached_win_policy@Udeveloper_information_policy_properties@?1??__acrt_get_developer_information_policy@@YA?AW4developer_information_policy@@XZ@@@YA?AW4developer_information_policy@@W4AppPolicyShowDeveloperDiagnostic@@@Z@4JA 000000018004e7b8     libucrtd:win_policies.obj
 0003:000017bc       ?state_cache@?1???$get_cached_win_policy@Uwindowing_model_policy_properties@?1??__acrt_get_windowing_model_policy@@YA?AW4windowing_model_policy@@XZ@@@YA?AW4windowing_model_policy@@W4AppPolicyWindowingModel@@@Z@4JA 000000018004e7bc     libucrtd:win_policies.obj
 0003:000017d8       ?fSystemSet@@3HA           000000018004e7d8     libucrtd:mbctype.obj
 0003:000017dc       ?initialized@?1??__acrt_initialize_multibyte@@9@4_NA 000000018004e7dc     libucrtd:mbctype.obj
 0003:00001810       ?module_handles@@3PAPEAUHINSTANCE__@@A 000000018004e810     libucrtd:winapi_thunks.obj
 0003:000018b0       ?encoded_function_pointers@@3PAPEAXA 000000018004e8b0     libucrtd:winapi_thunks.obj
 0003:00001dd8       ?__acrt_new_handler@@3V?$dual_state_global@P6AH_K@Z@__crt_state_management@@A 000000018004edd8     libucrtd:new_handler.obj
 0003:00001de0       ?user_matherr@@3V?$dual_state_global@P6AHPEAU_exception@@@Z@__crt_state_management@@A 000000018004ede0     libucrtd:matherr.obj
 0003:00001e00       ?__acrt_global_new_mode@@3V?$dual_state_global@J@__crt_state_management@@A 000000018004ee00     libucrtd:new_mode.obj
 0003:00001e08       ?__acrt_app_type@@3W4_crt_app_type@@A 000000018004ee08     libucrtd:report_runtime_error.obj
 0003:00001e10       ?outmsg@?9??__acrt_report_runtime_error@@9@4PA_WA 000000018004ee10     libucrtd:report_runtime_error.obj
 0003:00002438       ?internal_state@?1??_mbtowc_l@@9@4U_Mbstatet@@A 000000018004f438     libucrtd:mbtowc.obj
 0003:00002450       ?enable_percent_n@@3_KA    000000018004f450     libucrtd:printf_count_output.obj
 0003:00002460       __acrt_error_mode          000000018004f460     libucrtd:set_error_mode.obj
 0003:00002468       ?internal_pst@?1??__mbrtoc32_utf8@__crt_mbstring@@YA_KPEA_UPEBD_KPEAU_Mbstatet@@@Z@4U3@A 000000018004f468     libucrtd:mbrtoc32.obj
 0003:00002470       ?internal_pst@?1??__c16rtomb_utf8@__crt_mbstring@@YA_KPEAD_SPEAU_Mbstatet@@@Z@4U3@A 000000018004f470     libucrtd:c16rtomb.obj
 0005:00000000       MoveSmall                  0000000180053000     libvcruntimed:memcpy.obj
 0005:00000040       MoveSmallYmm               0000000180053040     libvcruntimed:memcpy.obj
 0005:00000064       MoveSmallYmmNT             0000000180053064     libvcruntimed:memcpy.obj
 0005:00000088       MoveSmallXmm               0000000180053088     libvcruntimed:memcpy.obj
 0005:000000b0       MsetTab                    00000001800530b0     libvcruntimed:memset.obj
