 main

 Timestamp is 6158929e (Sat Oct  2 20:10:54 2021)

 Preferred load address is 0000000140000000

 Start         Length     Name                   Class
 0001:00000000 00038440H .text$mn                CODE
 0001:00038440 00000040H .text$mn$00             CODE
 0001:00038480 0000067dH .text$x                 CODE
 0002:00000000 00000350H .idata$5                DATA
 0002:00000350 00000028H .00cfg                  DATA
 0002:00000378 00000008H .CRT$XCA                DATA
 0002:00000380 00000008H .CRT$XCAA               DATA
 0002:00000388 00000008H .CRT$XCZ                DATA
 0002:00000390 00000008H .CRT$XIA                DATA
 0002:00000398 00000008H .CRT$XIAA               DATA
 0002:000003a0 00000008H .CRT$XIAC               DATA
 0002:000003a8 00000020H .CRT$XIC                DATA
 0002:000003c8 00000008H .CRT$XIZ                DATA
 0002:000003d0 00000008H .CRT$XPA                DATA
 0002:000003d8 00000010H .CRT$XPX                DATA
 0002:000003e8 00000008H .CRT$XPXA               DATA
 0002:000003f0 00000008H .CRT$XPZ                DATA
 0002:000003f8 00000008H .CRT$XTA                DATA
 0002:00000400 00000010H .CRT$XTZ                DATA
 0002:00000408 00000000H .gehcont$y              DATA
 0002:00000408 00000000H .gfids$y                DATA
 0002:00000410 00010af0H .rdata                  DATA
 0002:00010f00 00000000H .rdata$CastGuardVftablesA DATA
 0002:00010f00 00000000H .rdata$CastGuardVftablesC DATA
 0002:00010f00 0000016cH .rdata$r                DATA
 0002:0001106c 000000d4H .rdata$voltmd           DATA
 0002:00011140 00000340H .rdata$zzzdbg           DATA
 0002:00011480 00000008H .rtc$IAA                DATA
 0002:00011488 00000008H .rtc$IZZ                DATA
 0002:00011490 00000008H .rtc$TAA                DATA
 0002:00011498 00000008H .rtc$TZZ                DATA
 0002:000114a0 00001150H .xdata                  DATA
 0002:000125f0 00000084H .xdata$x                DATA
 0002:00012674 00000000H .edata                  DATA
 0002:00012674 0000003cH .idata$2                DATA
 0002:000126b0 00000018H .idata$3                DATA
 0002:000126c8 00000350H .idata$4                DATA
 0002:00012a18 0000075eH .idata$6                DATA
 0003:00000000 00000a60H .data                   DATA
 0003:00000a60 00000050H .data$r                 DATA
 0003:00000ab0 00000020H .data$rs                DATA
 0003:00000ad0 00001880H .bss                    DATA
 0004:00000000 00002e74H .pdata                  DATA
 0005:00000000 000000f4H _RDATA                  DATA

  Address         Publics by Value              Rva+Base               Lib:Object

 0000:00000000       __x64_code_ranges_to_entry_points_count 0000000000000000     <absolute>
 0000:00000000       __arm64x_redirection_metadata 0000000000000000     <absolute>
 0000:00000000       __guard_iat_table          0000000000000000     <absolute>
 0000:00000000       __guard_iat_count          0000000000000000     <absolute>
 0000:00000000       __guard_longjmp_count      0000000000000000     <absolute>
 0000:00000000       __guard_longjmp_table      0000000000000000     <absolute>
 0000:00000000       __x64_code_ranges_to_entry_points 0000000000000000     <absolute>
 0000:00000000       __dynamic_value_reloc_table 0000000000000000     <absolute>
 0000:00000000       __hybrid_auxiliary_iat     0000000000000000     <absolute>
 0000:00000000       __hybrid_auxiliary_iat_copy 0000000000000000     <absolute>
 0000:00000000       __guard_fids_count         0000000000000000     <absolute>
 0000:00000000       ___safe_se_handler_table   0000000000000000     <absolute>
 0000:00000000       __arm64x_extra_rfe_table   0000000000000000     <absolute>
 0000:00000000       __AbsoluteZero             0000000000000000     <absolute>
 0000:00000000       __hybrid_code_map          0000000000000000     <absolute>
 0000:00000000       __arm64x_extra_rfe_table_size 0000000000000000     <absolute>
 0000:00000000       ___safe_se_handler_count   0000000000000000     <absolute>
 0000:00000000       __guard_check_icall_a64n_fptr 0000000000000000     <absolute>
 0000:00000000       __guard_fids_table         0000000000000000     <absolute>
 0000:00000000       __guard_eh_cont_count      0000000000000000     <absolute>
 0000:00000000       __arm64x_redirection_metadata_count 0000000000000000     <absolute>
 0000:00000000       __enclave_config           0000000000000000     <absolute>
 0000:00000000       __guard_eh_cont_table      0000000000000000     <absolute>
 0000:00000000       __arm64x_native_entrypoint 0000000000000000     <absolute>
 0000:00000000       __hybrid_code_map_count    0000000000000000     <absolute>
 0000:00000100       __guard_flags              0000000000000100     <absolute>
 0000:00000000       __ImageBase                0000000140000000     <linker-defined>
 0001:00000000       ?DEBUGFreeFileMemory@@YAXPEAX@Z 0000000140001000 f   win32_platform.obj
 0001:00000020       ?DEBUGReadFile@@YA?AUdebug_read_file_result@@PEAD@Z 0000000140001020 f   win32_platform.obj
 0001:00000120       ?DEBUGWriteFile@@YA_NPEADIPEAX@Z 0000000140001120 f   win32_platform.obj
 0001:000001c0       _initialize_invalid_parameter_handler 00000001400011c0 f   LIBCMTD:invalid_parameter_handler.obj
 0001:000001c0       ?UpdateAndRenderStub@@YAXAEAUhy3d_engine@@PEAUengine_memory@@@Z 00000001400011c0 f   win32_platform.obj
 0001:000001c0       _initialize_denormal_control 00000001400011c0 f   LIBCMTD:denormal_control.obj
 0001:00000c40       WinMain                    0000000140001c40 f   win32_platform.obj
 0001:000011c0       ?configure_argv@__scrt_narrow_argv_policy@@SAHXZ 00000001400021c0 f i LIBCMTD:exe_winmain.obj
 0001:000011e0       ?initialize_environment@__scrt_narrow_environment_policy@@SAHXZ 00000001400021e0 f i LIBCMTD:exe_winmain.obj
 0001:00001230       ?set_app_type@__scrt_winmain_policy@@SAXXZ 0000000140002230 f i LIBCMTD:exe_winmain.obj
 0001:00001250       ?set_commode@__scrt_file_policy@@SAXXZ 0000000140002250 f i LIBCMTD:exe_winmain.obj
 0001:00001270       ?set_fmode@__scrt_file_policy@@SAXXZ 0000000140002270 f i LIBCMTD:exe_winmain.obj
 0001:00001290       WinMainCRTStartup          0000000140002290 f   LIBCMTD:exe_winmain.obj
 0001:00001410       NtCurrentTeb               0000000140002410 f i LIBCMTD:utility.obj
 0001:00001420       __scrt_acquire_startup_lock 0000000140002420 f   LIBCMTD:utility.obj
 0001:00001490       __scrt_initialize_crt      0000000140002490 f   LIBCMTD:utility.obj
 0001:000014e0       __scrt_initialize_onexit_tables 00000001400024e0 f   LIBCMTD:utility.obj
 0001:000015f0       __scrt_is_nonwritable_in_current_image 00000001400025f0 f   LIBCMTD:utility.obj
 0001:00001680       __scrt_release_startup_lock 0000000140002680 f   LIBCMTD:utility.obj
 0001:000016b0       __scrt_uninitialize_crt    00000001400026b0 f   LIBCMTD:utility.obj
 0001:000016f0       _onexit                    00000001400026f0 f   LIBCMTD:utility.obj
 0001:00001770       atexit                     0000000140002770 f   LIBCMTD:utility.obj
 0001:00001870       __security_init_cookie     0000000140002870 f   LIBCMTD:gs_support.obj
 0001:000018f0       _matherr                   00000001400028f0 f   LIBCMTD:matherr.obj
 0001:000018f0       ?get_current_state_index@__crt_state_management@@YA_KAEBV__crt_scoped_get_last_error_reset@@@Z 00000001400028f0 f   libucrtd:per_thread_data.obj
 0001:00001900       _get_startup_argv_mode     0000000140002900 f   LIBCMTD:argv_mode.obj
 0001:00001910       _get_startup_thread_locale_mode 0000000140002910 f   LIBCMTD:thread_locale.obj
 0001:00001910       _get_startup_new_mode      0000000140002910 f   LIBCMTD:new_mode.obj
 0001:00001910       ?get_invalid_value@__crt_hmodule_traits@@SAPEAUHINSTANCE__@@XZ 0000000140002910 f   libucrtd:exit.obj
 0001:00001910       __scrt_initialize_winrt    0000000140002910 f   LIBCMTD:utility_desktop.obj
 0001:00001910       ?get_current_state_index@__crt_state_management@@YA_KXZ 0000000140002910 f   libucrtd:matherr.obj
 0001:00001910       __scrt_stub_for_initialize_mta 0000000140002910 f   LIBCMTD:utility_desktop.obj
 0001:00001910       _get_startup_commit_mode   0000000140002910 f   LIBCMTD:commit_mode.obj
 0001:00001910       __scrt_exe_initialize_mta  0000000140002910 f   LIBCMTD:utility_desktop.obj
 0001:00001920       _get_startup_file_mode     0000000140002920 f   LIBCMTD:file_mode.obj
 0001:00001930       ?__scrt_initialize_type_info@@YAXXZ 0000000140002930 f   LIBCMTD:tncleanup.obj
 0001:00001950       _should_initialize_environment 0000000140002950 f   LIBCMTD:env_mode.obj
 0001:00001960       __local_stdio_printf_options 0000000140002960 f i LIBCMTD:default_local_stdio_options.obj
 0001:00001970       __local_stdio_scanf_options 0000000140002970 f i LIBCMTD:default_local_stdio_options.obj
 0001:00001980       __scrt_initialize_default_local_stdio_options 0000000140002980 f   LIBCMTD:default_local_stdio_options.obj
 0001:000019d0       __scrt_is_user_matherr_present 00000001400029d0 f   LIBCMTD:matherr_detection.obj
 0001:00001a00       __scrt_get_dyn_tls_init_callback 0000000140002a00 f   LIBCMTD:dyn_tls_init.obj
 0001:00001a10       __scrt_get_dyn_tls_dtor_callback 0000000140002a10 f   LIBCMTD:dyn_tls_dtor.obj
 0001:00001a20       __crt_debugger_hook        0000000140002a20 f   LIBCMTD:utility_desktop.obj
 0001:00001a30       __scrt_fastfail            0000000140002a30 f   LIBCMTD:utility_desktop.obj
 0001:00001bd0       __scrt_get_show_window_mode 0000000140002bd0 f   LIBCMTD:utility_desktop.obj
 0001:00001c30       __scrt_initialize_mta      0000000140002c30 f   LIBCMTD:utility_desktop.obj
 0001:00001c40       __scrt_is_managed_app      0000000140002c40 f   LIBCMTD:utility_desktop.obj
 0001:00001cf0       __scrt_set_unhandled_exception_filter 0000000140002cf0 f   LIBCMTD:utility_desktop.obj
 0001:00001d10       __scrt_unhandled_exception_filter 0000000140002d10 f   LIBCMTD:utility_desktop.obj
 0001:00001db0       _RTC_Initialize            0000000140002db0 f   LIBCMTD:initsect.obj
 0001:00001e00       _RTC_Terminate             0000000140002e00 f   LIBCMTD:initsect.obj
 0001:00001e50       _guard_check_icall_nop     0000000140002e50 f i LIBCMTD:guard_support.obj
 0001:00001e50       ??1scoped_global_state_reset@__crt_state_management@@QEAA@XZ 0000000140002e50 f i libucrtd:onexit.obj
 0001:00001e50       ??1?$__crt_simd_cleanup_guard@$0A@@@QEAA@XZ 0000000140002e50 f i libucrtd:strnlen.obj
 0001:00001e60       ReadNoFence64              0000000140002e60 f i LIBCMTD:guard_support.obj
 0001:00001e80       ReadPointerNoFence         0000000140002e80 f i LIBCMTD:guard_support.obj
 0001:00001ea0       _guard_icall_checks_enforced 0000000140002ea0 f i LIBCMTD:guard_support.obj
 0001:00001ee0       __isa_available_init       0000000140002ee0 f   LIBCMTD:cpu_disp.obj
 0001:00002280       __scrt_is_ucrt_dll_in_use  0000000140003280 f   LIBCMTD:ucrt_detection.obj
 0001:000022b0       __GSHandlerCheck           00000001400032b0 f   LIBCMTD:gshandler.obj
 0001:000022f0       __GSHandlerCheckCommon     00000001400032f0 f   LIBCMTD:gshandler.obj
 0001:00002400       __security_check_cookie    0000000140003400 f   LIBCMTD:amdsecgs.obj
 0001:00002420       __raise_securityfailure    0000000140003420 f   LIBCMTD:gs_report.obj
 0001:00002460       __report_gsfailure         0000000140003460 f   LIBCMTD:gs_report.obj
 0001:00002540       __report_rangecheckfailure 0000000140003540 f   LIBCMTD:gs_report.obj
 0001:00002560       __report_securityfailure   0000000140003560 f   LIBCMTD:gs_report.obj
 0001:00002760       __C_specific_handler       0000000140003760 f   libvcruntimed:riscchandler.obj
 0001:00002bd0       __vcrt_initialize          0000000140003bd0 f   libvcruntimed:initialization.obj
 0001:00002c10       __vcrt_uninitialize        0000000140003c10 f   libvcruntimed:initialization.obj
 0001:00002c30       ??$?RU__crt_multibyte_data@@@__crt_internal_free_policy@@QEBAXQEBU__crt_multibyte_data@@@Z 0000000140003c30 f i libucrtd:wsetlocale.obj
 0001:00002c30       ??$?RPEAD@__crt_internal_free_policy@@QEBAXQEBQEAD@Z 0000000140003c30 f i libucrtd:argv_parsing.obj
 0001:00002c30       ??$?RPEAU__crt_stdio_stream_data@@@__crt_internal_free_policy@@QEBAXQEBQEAU__crt_stdio_stream_data@@@Z 0000000140003c30 f i libucrtd:_file.obj
 0001:00002c30       ??$?RU__acrt_ptd@@@__crt_internal_free_policy@@QEBAXQEBU__acrt_ptd@@@Z 0000000140003c30 f i libucrtd:per_thread_data.obj
 0001:00002c30       ??$?RU__vcrt_ptd@@@__crt_internal_free_policy@@QEBAXQEBU__vcrt_ptd@@@Z 0000000140003c30 f i libvcruntimed:per_thread_data.obj
 0001:00002c30       ??$?RU__crt_lowio_handle_data@@@__crt_internal_free_policy@@QEBAXQEBU__crt_lowio_handle_data@@@Z 0000000140003c30 f i libucrtd:osfinfo.obj
 0001:00002c30       ??$?RP6AXXZ@__crt_internal_free_policy@@QEBAXQEBQ6AXXZ@Z 0000000140003c30 f i libucrtd:onexit.obj
 0001:00002c30       ??$?RE@__crt_internal_free_policy@@QEBAXQEBE@Z 0000000140003c30 f i libucrtd:argv_parsing.obj
 0001:00002c30       ??$?RD@__crt_internal_free_policy@@QEBAXQEBD@Z 0000000140003c30 f i libvcruntimed:std_type_info.obj
 0001:00002c60       ??0?$__crt_unique_heap_ptr@DU__crt_public_free_policy@@@@QEAA@QEAD@Z 0000000140003c60 f i libvcruntimed:std_exception.obj
 0001:00002c60       ??0?$__crt_unique_handle_t@U__crt_findfile_traits@@@@QEAA@QEAX@Z 0000000140003c60 f i libucrtd:argv_wildcards.obj
 0001:00002c60       ??0?$string_output_adapter@_W@__crt_stdio_output@@QEAA@QEAU?$string_output_adapter_context@_W@1@@Z 0000000140003c60 f i libucrtd:output.obj
 0001:00002c60       ??0?$__crt_unique_heap_ptr@U__crt_multibyte_data@@U__crt_internal_free_policy@@@@QEAA@QEAU__crt_multibyte_data@@@Z 0000000140003c60 f i libucrtd:wsetlocale.obj
 0001:00002c60       ??0?$__crt_unique_heap_ptr@P6AXXZU__crt_internal_free_policy@@@@QEAA@QEAP6AXXZ@Z 0000000140003c60 f i libucrtd:onexit.obj
 0001:00002c60       ??0?$__crt_unique_heap_ptr@U__vcrt_ptd@@U__crt_internal_free_policy@@@@QEAA@QEAU__vcrt_ptd@@@Z 0000000140003c60 f i libvcruntimed:per_thread_data.obj
 0001:00002c60       ??0__crt_stdio_stream@@QEAA@QEAU__crt_stdio_stream_data@@@Z 0000000140003c60 f i libucrtd:fflush.obj
 0001:00002c60       ??0?$__crt_unique_heap_ptr@DU__crt_internal_free_policy@@@@QEAA@QEAD@Z 0000000140003c60 f i libvcruntimed:std_type_info.obj
 0001:00002c60       ??0?$__crt_unique_heap_ptr@PEADU__crt_internal_free_policy@@@@QEAA@QEAPEAD@Z 0000000140003c60 f i libucrtd:argv_parsing.obj
 0001:00002c60       ??0__crt_stdio_stream@@QEAA@QEAU_iobuf@@@Z 0000000140003c60 f i libucrtd:output.obj
 0001:00002c60       ??0?$__crt_scoped_stack_ptr_tag@_W@@QEAA@QEA_W@Z 0000000140003c60 f i libucrtd:getstringtypea.obj
 0001:00002c60       ??0?$__crt_scoped_stack_ptr@_W@@QEAA@U?$__crt_scoped_stack_ptr_tag@_W@@@Z 0000000140003c60 f i libucrtd:getstringtypea.obj
 0001:00002c60       ??0?$__crt_unique_heap_ptr@U__acrt_ptd@@U__crt_internal_free_policy@@@@QEAA@QEAU__acrt_ptd@@@Z 0000000140003c60 f i libucrtd:per_thread_data.obj
 0001:00002c60       ??0?$__crt_unique_heap_ptr@PEAU__crt_stdio_stream_data@@U__crt_internal_free_policy@@@@QEAA@QEAPEAU__crt_stdio_stream_data@@@Z 0000000140003c60 f i libucrtd:_file.obj
 0001:00002c60       ??0?$__crt_unique_handle_t@U__crt_hmodule_traits@@@@QEAA@QEAUHINSTANCE__@@@Z 0000000140003c60 f i libucrtd:exit.obj
 0001:00002c60       ??0?$__crt_unique_heap_ptr@EU__crt_internal_free_policy@@@@QEAA@QEAE@Z 0000000140003c60 f i libucrtd:argv_parsing.obj
 0001:00002c60       ??0?$string_output_adapter@D@__crt_stdio_output@@QEAA@QEAU?$string_output_adapter_context@D@1@@Z 0000000140003c60 f i libucrtd:output.obj
 0001:00002c60       ??0?$__crt_unique_heap_ptr@U__crt_lowio_handle_data@@U__crt_internal_free_policy@@@@QEAA@QEAU__crt_lowio_handle_data@@@Z 0000000140003c60 f i libucrtd:osfinfo.obj
 0001:00002c80       ??1?$__crt_unique_heap_ptr@U__crt_lowio_handle_data@@U__crt_internal_free_policy@@@@QEAA@XZ 0000000140003c80 f i libucrtd:osfinfo.obj
 0001:00002c80       ??1?$__crt_unique_heap_ptr@P6AXXZU__crt_internal_free_policy@@@@QEAA@XZ 0000000140003c80 f i libucrtd:onexit.obj
 0001:00002c80       ??1?$__crt_unique_heap_ptr@U__vcrt_ptd@@U__crt_internal_free_policy@@@@QEAA@XZ 0000000140003c80 f i libvcruntimed:per_thread_data.obj
 0001:00002c80       ??1?$__crt_unique_heap_ptr@U__crt_multibyte_data@@U__crt_internal_free_policy@@@@QEAA@XZ 0000000140003c80 f i libucrtd:wsetlocale.obj
 0001:00002c80       ??1?$__crt_unique_heap_ptr@PEADU__crt_internal_free_policy@@@@QEAA@XZ 0000000140003c80 f i libucrtd:argv_parsing.obj
 0001:00002c80       ??1?$__crt_unique_heap_ptr@PEAU__crt_stdio_stream_data@@U__crt_internal_free_policy@@@@QEAA@XZ 0000000140003c80 f i libucrtd:_file.obj
 0001:00002c80       ??1?$__crt_unique_heap_ptr@DU__crt_internal_free_policy@@@@QEAA@XZ 0000000140003c80 f i libvcruntimed:std_type_info.obj
 0001:00002c80       ??1?$__crt_unique_heap_ptr@U__acrt_ptd@@U__crt_internal_free_policy@@@@QEAA@XZ 0000000140003c80 f i libucrtd:per_thread_data.obj
 0001:00002c80       ??1?$__crt_unique_heap_ptr@EU__crt_internal_free_policy@@@@QEAA@XZ 0000000140003c80 f i libucrtd:argv_parsing.obj
 0001:00002ca0       ??B?$__crt_unique_heap_ptr@EU__crt_internal_free_policy@@@@QEBA_NXZ 0000000140003ca0 f i libucrtd:argv_parsing.obj
 0001:00002ca0       ??B?$__crt_unique_heap_ptr@DU__crt_internal_free_policy@@@@QEBA_NXZ 0000000140003ca0 f i libvcruntimed:std_type_info.obj
 0001:00002ca0       ??B?$__crt_unique_heap_ptr@U__acrt_ptd@@U__crt_internal_free_policy@@@@QEBA_NXZ 0000000140003ca0 f i libucrtd:per_thread_data.obj
 0001:00002ca0       ??B?$__crt_unique_heap_ptr@U__crt_lowio_handle_data@@U__crt_internal_free_policy@@@@QEBA_NXZ 0000000140003ca0 f i libucrtd:osfinfo.obj
 0001:00002ca0       ??B?$__crt_unique_heap_ptr@DU__crt_public_free_policy@@@@QEBA_NXZ 0000000140003ca0 f i libvcruntimed:std_exception.obj
 0001:00002ca0       ??B?$__crt_unique_heap_ptr@U__crt_multibyte_data@@U__crt_internal_free_policy@@@@QEBA_NXZ 0000000140003ca0 f i libucrtd:wsetlocale.obj
 0001:00002ca0       ??B?$__crt_unique_heap_ptr@U__vcrt_ptd@@U__crt_internal_free_policy@@@@QEBA_NXZ 0000000140003ca0 f i libvcruntimed:per_thread_data.obj
 0001:00002cc0       ?__crt_interlocked_read_64@@YA_JPED_J@Z 0000000140003cc0 f i libvcruntimed:std_type_info.obj
 0001:00002ce0       ?save_state@?$c_string_character_source@_W@__crt_strtox@@QEBAPEB_WXZ 0000000140003ce0 f i libucrtd:atox.obj
 0001:00002ce0       ?get@?$__crt_unique_heap_ptr@DU__crt_internal_free_policy@@@@QEBAPEADXZ 0000000140003ce0 f i libvcruntimed:std_type_info.obj
 0001:00002ce0       ?get@?$__crt_unique_heap_ptr@U__crt_lowio_handle_data@@U__crt_internal_free_policy@@@@QEBAPEAU__crt_lowio_handle_data@@XZ 0000000140003ce0 f i libucrtd:osfinfo.obj
 0001:00002ce0       ?save_state@?$c_string_character_source@D@__crt_strtox@@QEBAPEBDXZ 0000000140003ce0 f i libucrtd:atox.obj
 0001:00002ce0       ?public_stream@__crt_stdio_stream@@QEBAPEAU_iobuf@@XZ 0000000140003ce0 f i libucrtd:output.obj
 0001:00002ce0       ?get@?$__crt_unique_handle_t@U__crt_findfile_traits@@@@QEBAPEAXXZ 0000000140003ce0 f i libucrtd:argv_wildcards.obj
 0001:00002ce0       ?get@?$__crt_unique_heap_ptr@U__acrt_ptd@@U__crt_internal_free_policy@@@@QEBAPEAU__acrt_ptd@@XZ 0000000140003ce0 f i libucrtd:per_thread_data.obj
 0001:00002ce0       ?get@?$__crt_scoped_stack_ptr@_W@@QEBAPEA_WXZ 0000000140003ce0 f i libucrtd:getstringtypea.obj
 0001:00002ce0       ?get@?$__crt_unique_heap_ptr@DU__crt_public_free_policy@@@@QEBAPEADXZ 0000000140003ce0 f i libvcruntimed:std_exception.obj
 0001:00002ce0       ?get@?$__crt_unique_handle_t@U__crt_hmodule_traits@@@@QEBAPEAUHINSTANCE__@@XZ 0000000140003ce0 f i libucrtd:exit.obj
 0001:00002ce0       ?get@?$__crt_unique_heap_ptr@U__vcrt_ptd@@U__crt_internal_free_policy@@@@QEBAPEAU__vcrt_ptd@@XZ 0000000140003ce0 f i libvcruntimed:per_thread_data.obj
 0001:00002ce0       ?get@?$__crt_unique_heap_ptr@U__crt_multibyte_data@@U__crt_internal_free_policy@@@@QEBAPEAU__crt_multibyte_data@@XZ 0000000140003ce0 f i libucrtd:wsetlocale.obj
 0001:00002ce0       ?get@?$__crt_unique_heap_ptr@PEADU__crt_internal_free_policy@@@@QEBAPEAPEADXZ 0000000140003ce0 f i libucrtd:argv_parsing.obj
 0001:00002ce0       ??C__crt_stdio_stream@@QEBAPEAU__crt_stdio_stream_data@@XZ 0000000140003ce0 f i libucrtd:output.obj
 0001:00002ce0       ?get@?$__crt_unique_heap_ptr@EU__crt_internal_free_policy@@@@QEBAPEAEXZ 0000000140003ce0 f i libucrtd:argv_parsing.obj
 0001:00002cf0       ?is_valid@?$__crt_unique_heap_ptr@DU__crt_public_free_policy@@@@QEBA_NXZ 0000000140003cf0 f i libvcruntimed:std_exception.obj
 0001:00002cf0       ?is_valid@?$__crt_unique_heap_ptr@U__crt_lowio_handle_data@@U__crt_internal_free_policy@@@@QEBA_NXZ 0000000140003cf0 f i libucrtd:osfinfo.obj
 0001:00002cf0       ?is_valid@?$__crt_unique_heap_ptr@U__acrt_ptd@@U__crt_internal_free_policy@@@@QEBA_NXZ 0000000140003cf0 f i libucrtd:per_thread_data.obj
 0001:00002cf0       ?is_valid@?$__crt_unique_heap_ptr@DU__crt_internal_free_policy@@@@QEBA_NXZ 0000000140003cf0 f i libvcruntimed:std_type_info.obj
 0001:00002cf0       ??B?$__crt_scoped_stack_ptr@_W@@QEBA_NXZ 0000000140003cf0 f i libucrtd:lcmapstringa.obj
 0001:00002cf0       ?is_valid@?$__crt_unique_heap_ptr@U__vcrt_ptd@@U__crt_internal_free_policy@@@@QEBA_NXZ 0000000140003cf0 f i libvcruntimed:per_thread_data.obj
 0001:00002cf0       ?is_valid@?$__crt_unique_heap_ptr@EU__crt_internal_free_policy@@@@QEBA_NXZ 0000000140003cf0 f i libucrtd:argv_parsing.obj
 0001:00002cf0       ?is_valid@?$__crt_unique_heap_ptr@U__crt_multibyte_data@@U__crt_internal_free_policy@@@@QEBA_NXZ 0000000140003cf0 f i libucrtd:wsetlocale.obj
 0001:00002cf0       ?valid@__crt_stdio_stream@@QEBA_NXZ 0000000140003cf0 f i libucrtd:output.obj
 0001:00002d20       ?release@?$__crt_unique_heap_ptr@PEAU__crt_stdio_stream_data@@U__crt_internal_free_policy@@@@QEAAXXZ 0000000140003d20 f i libucrtd:_file.obj
 0001:00002d20       ?release@?$__crt_unique_heap_ptr@PEADU__crt_internal_free_policy@@@@QEAAXXZ 0000000140003d20 f i libucrtd:argv_parsing.obj
 0001:00002d20       ?release@?$__crt_unique_heap_ptr@U__crt_lowio_handle_data@@U__crt_internal_free_policy@@@@QEAAXXZ 0000000140003d20 f i libucrtd:osfinfo.obj
 0001:00002d20       ?release@?$__crt_unique_heap_ptr@U__acrt_ptd@@U__crt_internal_free_policy@@@@QEAAXXZ 0000000140003d20 f i libucrtd:per_thread_data.obj
 0001:00002d20       ?release@?$__crt_unique_heap_ptr@P6AXXZU__crt_internal_free_policy@@@@QEAAXXZ 0000000140003d20 f i libucrtd:onexit.obj
 0001:00002d20       ?release@?$__crt_unique_heap_ptr@U__vcrt_ptd@@U__crt_internal_free_policy@@@@QEAAXXZ 0000000140003d20 f i libvcruntimed:per_thread_data.obj
 0001:00002d20       ?release@?$__crt_unique_heap_ptr@DU__crt_internal_free_policy@@@@QEAAXXZ 0000000140003d20 f i libvcruntimed:std_type_info.obj
 0001:00002d20       ?release@?$__crt_unique_heap_ptr@U__crt_multibyte_data@@U__crt_internal_free_policy@@@@QEAAXXZ 0000000140003d20 f i libucrtd:wsetlocale.obj
 0001:00002d20       ?release@?$__crt_unique_heap_ptr@EU__crt_internal_free_policy@@@@QEAAXXZ 0000000140003d20 f i libucrtd:argv_parsing.obj
 0001:00002d50       __std_type_info_compare    0000000140003d50 f   libvcruntimed:std_type_info.obj
 0001:00002d90       __DestructExceptionObject  0000000140003d90 f   libvcruntimed:ehhelpers.obj
 0001:00002e90       ?_CallMemberFunction0@@YAXQEAX0@Z 0000000140003e90 f i libvcruntimed:ehhelpers.obj
 0001:00002f60       _IsExceptionObjectToBeDestroyed 0000000140003f60 f   libvcruntimed:ehhelpers.obj
 0001:00002fb0       __AdjustPointer            0000000140003fb0 f   libvcruntimed:ehhelpers.obj
 0001:00003030       __FrameUnwindFilter        0000000140004030 f   libvcruntimed:ehhelpers.obj
 0001:000030e0       __current_exception        00000001400040e0 f   libvcruntimed:ehhelpers.obj
 0001:00003100       __current_exception_context 0000000140004100 f   libvcruntimed:ehhelpers.obj
 0001:00003130       _NLG_Notify                0000000140004130 f   libvcruntimed:notify.obj
 0001:00003150       __NLG_Dispatch2            0000000140004150 f   libvcruntimed:notify.obj
 0001:00003160       __NLG_Return2              0000000140004160 f   libvcruntimed:notify.obj
 0001:00003170       __except_validate_context_record 0000000140004170 f   libvcruntimed:jbcxrval.obj
 0001:00003210       ?detach@?$__crt_unique_heap_ptr@U__vcrt_ptd@@U__crt_internal_free_policy@@@@QEAAPEAU__vcrt_ptd@@XZ 0000000140004210 f i libvcruntimed:per_thread_data.obj
 0001:00003210       ?detach@?$__crt_unique_heap_ptr@U__acrt_ptd@@U__crt_internal_free_policy@@@@QEAAPEAU__acrt_ptd@@XZ 0000000140004210 f i libucrtd:per_thread_data.obj
 0001:00003210       ?detach@?$__crt_unique_heap_ptr@U__crt_multibyte_data@@U__crt_internal_free_policy@@@@QEAAPEAU__crt_multibyte_data@@XZ 0000000140004210 f i libucrtd:wsetlocale.obj
 0001:00003210       ?detach@?$__crt_unique_heap_ptr@PEAU__crt_stdio_stream_data@@U__crt_internal_free_policy@@@@QEAAPEAPEAU__crt_stdio_stream_data@@XZ 0000000140004210 f i libucrtd:_file.obj
 0001:00003210       ?detach@?$__crt_unique_heap_ptr@DU__crt_public_free_policy@@@@QEAAPEADXZ 0000000140004210 f i libvcruntimed:std_exception.obj
 0001:00003210       ?detach@?$__crt_unique_heap_ptr@EU__crt_internal_free_policy@@@@QEAAPEAEXZ 0000000140004210 f i libucrtd:argv_parsing.obj
 0001:00003210       ?detach@?$__crt_unique_heap_ptr@U__crt_lowio_handle_data@@U__crt_internal_free_policy@@@@QEAAPEAU__crt_lowio_handle_data@@XZ 0000000140004210 f i libucrtd:osfinfo.obj
 0001:00003210       ?detach@?$__crt_unique_heap_ptr@PEADU__crt_internal_free_policy@@@@QEAAPEAPEADXZ 0000000140004210 f i libucrtd:argv_parsing.obj
 0001:00003210       ?detach@?$__crt_unique_heap_ptr@P6AXXZU__crt_internal_free_policy@@@@QEAAPEAP6AXXZXZ 0000000140004210 f i libucrtd:onexit.obj
 0001:00003280       __vcrt_freefls             0000000140004280 f   libvcruntimed:per_thread_data.obj
 0001:000032c0       __vcrt_getptd              00000001400042c0 f   libvcruntimed:per_thread_data.obj
 0001:000032f0       __vcrt_getptd_noexit       00000001400042f0 f   libvcruntimed:per_thread_data.obj
 0001:00003490       __vcrt_initialize_ptd      0000000140004490 f   libvcruntimed:per_thread_data.obj
 0001:000034e0       __vcrt_uninitialize_ptd    00000001400044e0 f   libvcruntimed:per_thread_data.obj
 0001:00003510       __vcrt_initialize_locks    0000000140004510 f   libvcruntimed:locks.obj
 0001:00003580       __vcrt_uninitialize_locks  0000000140004580 f   libvcruntimed:locks.obj
 0001:000035e0       _vsprintf_s_l              00000001400045e0 f i libvcruntimed:undname.obj
 0001:00003650       sprintf_s                  0000000140004650 f i libvcruntimed:undname.obj
 0001:000036b0       ??$__crt_interlocked_exchange_pointer@UHINSTANCE__@@PEAU1@@@YAPEAUHINSTANCE__@@PEDSEAU0@QEAU0@@Z 00000001400046b0 f i libvcruntimed:winapi_downlevel.obj
 0001:000036b0       ??$__crt_interlocked_exchange_pointer@XPEAX@@YAPEAXPEDSEAXQEAX@Z 00000001400046b0 f i libvcruntimed:winapi_downlevel.obj
 0001:000036b0       ??$__crt_interlocked_exchange_pointer@UHINSTANCE__@@PEAX@@YAPEAUHINSTANCE__@@PEDSEAU0@QEAX@Z 00000001400046b0 f i libvcruntimed:winapi_downlevel.obj
 0001:000036d0       ??$__crt_interlocked_read_pointer@X@@YAPEAXPEDSEAX@Z 00000001400046d0 f i libvcruntimed:winapi_downlevel.obj
 0001:000036d0       ??$__crt_interlocked_read_pointer@UHINSTANCE__@@@@YAPEAUHINSTANCE__@@PEDSEAU0@@Z 00000001400046d0 f i libvcruntimed:winapi_downlevel.obj
 0001:000036f0       ?get_invalid_value@__crt_findfile_traits@@SAPEAXXZ 00000001400046f0 f   libucrtd:argv_wildcards.obj
 0001:00003be0       __vcrt_FlsAlloc            0000000140004be0 f   libvcruntimed:winapi_downlevel.obj
 0001:00003c30       __vcrt_FlsFree             0000000140004c30 f   libvcruntimed:winapi_downlevel.obj
 0001:00003c80       __vcrt_FlsGetValue         0000000140004c80 f   libvcruntimed:winapi_downlevel.obj
 0001:00003cd0       __vcrt_FlsSetValue         0000000140004cd0 f   libvcruntimed:winapi_downlevel.obj
 0001:00003d30       __vcrt_InitializeCriticalSectionEx 0000000140004d30 f   libvcruntimed:winapi_downlevel.obj
 0001:00003db0       memcpy_repmovs             0000000140004db0 f   libvcruntimed:memcpy.obj
 0001:00003dd0       memcpy                     0000000140004dd0 f   libvcruntimed:memcpy.obj
 0001:00003dd0       memmove                    0000000140004dd0 f   libvcruntimed:memcpy.obj
 0001:00004450       ??$?0AEAViterator@TryBlockMap@__FrameHandler3@@AEAV012@$0A@@?$pair@Viterator@TryBlockMap@__FrameHandler3@@V123@@std@@QEAA@AEAViterator@TryBlockMap@__FrameHandler3@@0@Z 0000000140005450 f i libvcruntimed:risctrnsctrl.obj
 0001:00004560       ??$_CallSETranslator@V__FrameHandler3@@@@YAHPEAUEHExceptionRecord@@PEA_KPEAU_CONTEXT@@PEAU_xDISPATCHER_CONTEXT@@PEBU_s_FuncInfo@@K1H@Z 0000000140005560 f i libvcruntimed:risctrnsctrl.obj
 0001:000045f0       ?debug_info@?$__crt_win32_buffer@DU__crt_win32_buffer_internal_dynamic_resizing@@@@QEBAAEBV__crt_win32_buffer_empty_debug_info@@XZ 00000001400055f0 f i libucrtd:argv_wildcards.obj
 0001:000045f0       ?dangerous_get_state_array@?$dual_state_global@PEAE@__crt_state_management@@QEAAPEAPEAEXZ 00000001400055f0 f i libucrtd:mbctype.obj
 0001:000045f0       ??$forward@AEAViterator@TryBlockMap@__FrameHandler3@@@std@@YAAEAViterator@TryBlockMap@__FrameHandler3@@AEAV123@@Z 00000001400055f0 f i libvcruntimed:risctrnsctrl.obj
 0001:000045f0       ?get_address_of@?$__crt_unique_heap_ptr@PEADU__crt_internal_free_policy@@@@QEAAPEAPEAPEADXZ 00000001400055f0 f i libucrtd:argv_parsing.obj
 0001:000045f0       ?dangerous_get_state_array@?$dual_state_global@H@__crt_state_management@@QEAAPEAHXZ 00000001400055f0 f i libucrtd:txtmode.obj
 0001:000045f0       ?get_address_of@?$__crt_unique_handle_t@U__crt_hmodule_traits@@@@QEAAPEAPEAUHINSTANCE__@@XZ 00000001400055f0 f i libucrtd:exit.obj
 0001:000045f0       ?debug_info@?$__crt_win32_buffer@DU__crt_win32_buffer_no_resizing@@@@QEBAAEBV__crt_win32_buffer_empty_debug_info@@XZ 00000001400055f0 f i libucrtd:getmodulefilenamea.obj
 0001:000045f0       ?dangerous_get_state_array@?$dual_state_global@PEAU__crt_locale_data@@@__crt_state_management@@QEAAPEAPEAU__crt_locale_data@@XZ 00000001400055f0 f i libucrtd:per_thread_data.obj
 0001:000045f0       ?dangerous_get_state_array@?$dual_state_global@PEAU__crt_multibyte_data@@@__crt_state_management@@QEAAPEAPEAU__crt_multibyte_data@@XZ 00000001400055f0 f i libucrtd:mbctype.obj
 0001:000045f0       ?dangerous_get_state_array@?$dual_state_global@P6AXPEB_W00I_K@Z@__crt_state_management@@QEAAPEAP6AXPEB_W00I_K@ZXZ 00000001400055f0 f i libucrtd:invalid_parameter.obj
 0001:000045f0       ?debug_info@?$__crt_win32_buffer@_WU__crt_win32_buffer_internal_dynamic_resizing@@@@QEBAAEBV__crt_win32_buffer_empty_debug_info@@XZ 00000001400055f0 f i libucrtd:argv_wildcards.obj
 0001:00004600       ??0iterator@TryBlockMap@__FrameHandler3@@QEAA@AEAV12@I@Z 0000000140005600 f i libvcruntimed:risctrnsctrl.obj
 0001:00004600       ??0iterator@HandlerMap@__FrameHandler3@@QEAA@AEAV12@I@Z 0000000140005600 f i libvcruntimed:frame.obj
 0001:00004630       ?CatchTryBlock@__FrameHandler3@@SAPEBU_s_TryBlockMapEntry@@PEBU_s_FuncInfo@@H@Z 0000000140005630 f   libvcruntimed:risctrnsctrl.obj
 0001:000046c0       ?ExecutionInCatch@__FrameHandler3@@SA_NPEAU_xDISPATCHER_CONTEXT@@PEBU_s_FuncInfo@@@Z 00000001400056c0 f   libvcruntimed:risctrnsctrl.obj
 0001:00004710       ?FrameUnwindToEmptyState@__FrameHandler3@@SAXPEA_KPEAU_xDISPATCHER_CONTEXT@@PEBU_s_FuncInfo@@@Z 0000000140005710 f   libvcruntimed:risctrnsctrl.obj
 0001:000047b0       ?GetEstablisherFrame@__FrameHandler3@@SAPEA_KPEA_KPEAU_xDISPATCHER_CONTEXT@@PEBU_s_FuncInfo@@0@Z 00000001400057b0 f   libvcruntimed:risctrnsctrl.obj
 0001:00004920       ?GetRangeOfTrysToCheck@__FrameHandler3@@SA?AU?$pair@Viterator@TryBlockMap@__FrameHandler3@@V123@@std@@AEAVTryBlockMap@1@HPEAU_xDISPATCHER_CONTEXT@@PEBU_s_FuncInfo@@H@Z 0000000140005920 f   libvcruntimed:risctrnsctrl.obj
 0001:00004b60       ?UnwindNestedFrames@__FrameHandler3@@SAXPEA_KPEAUEHExceptionRecord@@PEAU_CONTEXT@@0PEAXPEBU_s_FuncInfo@@HHPEBU_s_HandlerType@@PEAU_xDISPATCHER_CONTEXT@@E@Z 0000000140005b60 f   libvcruntimed:risctrnsctrl.obj
 0001:00004cd0       _CreateFrameInfo           0000000140005cd0 f   libvcruntimed:risctrnsctrl.obj
 0001:00004d40       _FindAndUnlinkFrame        0000000140005d40 f   libvcruntimed:risctrnsctrl.obj
 0001:00004dc0       _GetImageBase              0000000140005dc0 f   libvcruntimed:risctrnsctrl.obj
 0001:00004de0       _GetThrowImageBase         0000000140005de0 f   libvcruntimed:risctrnsctrl.obj
 0001:00004e00       _SetImageBase              0000000140005e00 f   libvcruntimed:risctrnsctrl.obj
 0001:00004e20       _SetThrowImageBase         0000000140005e20 f   libvcruntimed:risctrnsctrl.obj
 0001:00004e40       __CxxFrameHandler3         0000000140005e40 f   libvcruntimed:risctrnsctrl.obj
 0001:00004f20       ?GetCurrentState@__FrameHandler3@@SAHPEA_KPEAU_xDISPATCHER_CONTEXT@@PEBU_s_FuncInfo@@@Z 0000000140005f20 f   libvcruntimed:ehstate.obj
 0001:00004f80       ?GetUnwindTryBlock@__FrameHandler3@@SAHPEA_KPEAU_xDISPATCHER_CONTEXT@@PEBU_s_FuncInfo@@@Z 0000000140005f80 f   libvcruntimed:ehstate.obj
 0001:00004fd0       ?SetState@__FrameHandler3@@SAXPEA_KPEBU_s_FuncInfo@@H@Z 0000000140005fd0 f   libvcruntimed:ehstate.obj
 0001:00005000       ?SetUnwindTryBlock@__FrameHandler3@@SAXPEA_KPEAU_xDISPATCHER_CONTEXT@@PEBU_s_FuncInfo@@H@Z 0000000140006000 f   libvcruntimed:ehstate.obj
 0001:00005070       ?StateFromControlPc@__FrameHandler3@@SAHPEBU_s_FuncInfo@@PEAU_xDISPATCHER_CONTEXT@@@Z 0000000140006070 f   libvcruntimed:ehstate.obj
 0001:000050b0       ?StateFromIp@__FrameHandler3@@SAHPEBU_s_FuncInfo@@PEAU_xDISPATCHER_CONTEXT@@_K@Z 00000001400060b0 f   libvcruntimed:ehstate.obj
 0001:000051a0       ?__RVAtoRealOffset@@YA_KPEAU_xDISPATCHER_CONTEXT@@H@Z 00000001400061a0 f i libvcruntimed:ehstate.obj
 0001:00006370       ??$TypeMatchHelper@V__FrameHandler3@@@@YAHPEBU_s_HandlerType@@PEBU_s_CatchableType@@PEBU_s_ThrowInfo@@@Z 0000000140007370 f i libvcruntimed:frame.obj
 0001:00006570       ??$__InternalCxxFrameHandler@V__FrameHandler3@@@@YA?AW4_EXCEPTION_DISPOSITION@@PEAUEHExceptionRecord@@PEA_KPEAU_CONTEXT@@PEAU_xDISPATCHER_CONTEXT@@PEBU_s_FuncInfo@@H1E@Z 0000000140007570 f i libvcruntimed:frame.obj
 0001:000069e0       ??0HandlerMap@__FrameHandler3@@QEAA@PEBU_s_TryBlockMapEntry@@_KI@Z 00000001400079e0 f i libvcruntimed:frame.obj
 0001:00006a30       ??0TryBlockMap@__FrameHandler3@@QEAA@PEBU_s_FuncInfo@@_K@Z 0000000140007a30 f i libvcruntimed:frame.obj
 0001:00006a60       ??0bad_exception@std@@QEAA@AEBV01@@Z 0000000140007a60 f i libvcruntimed:frame.obj
 0001:00006aa0       ??0bad_exception@std@@QEAA@XZ 0000000140007aa0 f i libvcruntimed:frame.obj
 0001:00006ae0       ??0exception@std@@QEAA@AEBV01@@Z 0000000140007ae0 f i libvcruntimed:frame.obj
 0001:00006b40       ??0exception@std@@QEAA@QEBDH@Z 0000000140007b40 f i libvcruntimed:frame.obj
 0001:00006b90       ??1bad_exception@std@@UEAA@XZ 0000000140007b90 f i libvcruntimed:frame.obj
 0001:00006bb0       ??1exception@std@@UEAA@XZ  0000000140007bb0 f i libvcruntimed:frame.obj
 0001:00006be0       ??8iterator@HandlerMap@__FrameHandler3@@QEBA_NAEBV012@@Z 0000000140007be0 f i libvcruntimed:frame.obj
 0001:00006c20       ??8type_info@@QEBA_NAEBV0@@Z 0000000140007c20 f i libvcruntimed:frame.obj
 0001:00006c70       ??9iterator@HandlerMap@__FrameHandler3@@QEBA_NAEBV012@@Z 0000000140007c70 f i libvcruntimed:frame.obj
 0001:00006cb0       ??Diterator@HandlerMap@__FrameHandler3@@QEAA?BU_s_HandlerType@@XZ 0000000140007cb0 f i libvcruntimed:frame.obj
 0001:00006cf0       ??Diterator@TryBlockMap@__FrameHandler3@@QEAA?BU_s_TryBlockMapEntry@@XZ 0000000140007cf0 f i libvcruntimed:frame.obj
 0001:00006d40       ??Eiterator@TryBlockMap@__FrameHandler3@@QEAAAEAV012@XZ 0000000140007d40 f i libvcruntimed:frame.obj
 0001:00006d40       ??Eiterator@HandlerMap@__FrameHandler3@@QEAAAEAV012@XZ 0000000140007d40 f i libvcruntimed:frame.obj
 0001:00006d60       ??Miterator@TryBlockMap@__FrameHandler3@@QEBA_NAEBV012@@Z 0000000140007d60 f i libvcruntimed:frame.obj
 0001:00006da0       ??_Ebad_exception@std@@UEAAPEAXI@Z 0000000140007da0 f i libvcruntimed:frame.obj
 0001:00006da0       ??_Gbad_exception@std@@UEAAPEAXI@Z 0000000140007da0 f i libvcruntimed:frame.obj
 0001:00006de0       ??_Gexception@std@@UEAAPEAXI@Z 0000000140007de0 f i libvcruntimed:frame.obj
 0001:00006de0       ??_Eexception@std@@UEAAPEAXI@Z 0000000140007de0 f i libvcruntimed:frame.obj
 0001:00006e20       ?BuildCatchObject@__FrameHandler3@@SAXPEAUEHExceptionRecord@@PEAXPEBU_s_HandlerType@@PEBU_s_CatchableType@@@Z 0000000140007e20 f   libvcruntimed:frame.obj
 0001:00006e60       ?CxxCallCatchBlock@__FrameHandler3@@SAPEAXPEAU_EXCEPTION_RECORD@@@Z 0000000140007e60 f   libvcruntimed:frame.obj
 0001:000071c0       ?FrameUnwindToState@__FrameHandler3@@SAXPEA_KPEAU_xDISPATCHER_CONTEXT@@PEBU_s_FuncInfo@@H@Z 00000001400081c0 f   libvcruntimed:frame.obj
 0001:00007410       ?GetHandlerSearchState@__FrameHandler3@@SAHPEA_KPEAU_xDISPATCHER_CONTEXT@@PEBU_s_FuncInfo@@@Z 0000000140008410 f i libvcruntimed:frame.obj
 0001:000074c0       ?GetMaxState@__FrameHandler3@@SAHPEAU_xDISPATCHER_CONTEXT@@PEBU_s_FuncInfo@@@Z 00000001400084c0 f i libvcruntimed:frame.obj
 0001:000076c0       __TypeMatch                00000001400086c0 f   libvcruntimed:frame.obj
 0001:000076c0       ?TypeMatch@__FrameHandler3@@SAHPEBU_s_HandlerType@@PEBU_s_CatchableType@@PEBU_s_ThrowInfo@@@Z 00000001400086c0 f   libvcruntimed:frame.obj
 0001:000076f0       ?_CallMemberFunction1@@YAXQEAX00@Z 00000001400086f0 f i libvcruntimed:frame.obj
 0001:00007730       ?_CallMemberFunction2@@YAXQEAX00H@Z 0000000140008730 f i libvcruntimed:frame.obj
 0001:000077c0       ?begin@HandlerMap@__FrameHandler3@@QEAA?AViterator@12@XZ 00000001400087c0 f i libvcruntimed:frame.obj
 0001:000077f0       ?end@HandlerMap@__FrameHandler3@@QEAA?AViterator@12@XZ 00000001400087f0 f i libvcruntimed:frame.obj
 0001:00007820       ?getESTypes@__FrameHandler3@@SAPEBU_s_ESTypeList@@PEBU_s_FuncInfo@@@Z 0000000140008820 f i libvcruntimed:frame.obj
 0001:00007860       ?getLastEntry@HandlerMap@__FrameHandler3@@QEAAPEBU_s_HandlerType@@XZ 0000000140008860 f i libvcruntimed:frame.obj
 0001:00007880       ?getMagicNum@__FrameHandler3@@SAIPEBU_s_FuncInfo@@@Z 0000000140008880 f i libvcruntimed:frame.obj
 0001:000078a0       ?getNumTryBlocks@TryBlockMap@__FrameHandler3@@QEAAIXZ 00000001400088a0 f i libvcruntimed:frame.obj
 0001:000078c0       ?isEHs@__FrameHandler3@@SA_NPEBU_s_FuncInfo@@@Z 00000001400088c0 f i libvcruntimed:frame.obj
 0001:00007900       ?isNoExcept@__FrameHandler3@@SA_NPEBU_s_FuncInfo@@@Z 0000000140008900 f i libvcruntimed:frame.obj
 0001:00007940       ?what@exception@std@@UEBAPEBDXZ 0000000140008940 f i libvcruntimed:frame.obj
 0001:00007980       __vcrt_EncodePointer       0000000140008980 f i libvcruntimed:frame.obj
 0001:000079b0       memset_repmovs             00000001400089b0 f   libvcruntimed:memset.obj
 0001:000079d0       memset                     00000001400089d0 f   libvcruntimed:memset.obj
 0001:00007b70       _CallSettingFrame          0000000140008b70 f   libvcruntimed:handlers.obj
 0001:00007bc0       _CallSettingFrame_LookupContinuationIndex 0000000140008bc0 f   libvcruntimed:handlers.obj
 0001:00007bf0       _CallSettingFrame_NotifyContinuationAddr 0000000140008bf0 f   libvcruntimed:handlers.obj
 0001:00007c20       _CallSettingFrameEncoded   0000000140008c20 f   libvcruntimed:handlers.obj
 0001:00007c70       ??$?RD@__crt_public_free_policy@@QEBAXQEBD@Z 0000000140008c70 f i libvcruntimed:std_exception.obj
 0001:00007c90       ??1?$__crt_unique_heap_ptr@DU__crt_public_free_policy@@@@QEAA@XZ 0000000140008c90 f i libvcruntimed:std_exception.obj
 0001:00007cb0       ?release@?$__crt_unique_heap_ptr@DU__crt_public_free_policy@@@@QEAAXXZ 0000000140008cb0 f i libvcruntimed:std_exception.obj
 0001:00007ce0       __std_exception_copy       0000000140008ce0 f   libvcruntimed:std_exception.obj
 0001:00007e20       __std_exception_destroy    0000000140008e20 f   libvcruntimed:std_exception.obj
 0001:00007e60       _CxxThrowException         0000000140008e60 f   libvcruntimed:throw.obj
 0001:00008000       _seh_filter_exe            0000000140009000 f   libucrtd:exception_filter.obj
 0001:00008470       __acrt_report_runtime_error 0000000140009470 f   libucrtd:report_runtime_error.obj
 0001:000086f0       _invoke_watson_if_error    00000001400096f0 f i libucrtd:report_runtime_error.obj
 0001:00008740       _query_app_type            0000000140009740 f   libucrtd:report_runtime_error.obj
 0001:00008750       _set_app_type              0000000140009750 f   libucrtd:report_runtime_error.obj
 0001:00008760       ??$__crt_fast_decode_pointer@PEAP6AXXZ@@YAPEAP6AXXZQEAP6AXXZ@Z 0000000140009760 f i libucrtd:onexit.obj
 0001:00008760       ??$__crt_fast_decode_pointer@P6AHPEAU_exception@@@Z@@YAP6AHPEAU_exception@@@ZQ6AH0@Z@Z 0000000140009760 f i libucrtd:matherr.obj
 0001:00008760       ??$__crt_fast_decode_pointer@P6AXH@Z@@YAP6AXH@ZQ6AXH@Z@Z 0000000140009760 f i libucrtd:signal.obj
 0001:00008760       ??$__crt_fast_decode_pointer@P6AXPEAXK0@Z@@YAP6AXPEAXK0@ZQ6AX0K0@Z@Z 0000000140009760 f i libucrtd:exit.obj
 0001:00008760       ??$__crt_fast_decode_pointer@P6AH_K@Z@@YAP6AH_K@ZQ6AH0@Z@Z 0000000140009760 f i libucrtd:new_handler.obj
 0001:00008760       ??$__crt_fast_decode_pointer@P6AXPEB_W00I_K@Z@@YAP6AXPEB_W00I_K@ZQ6AX000I1@Z@Z 0000000140009760 f i libucrtd:invalid_parameter.obj
 0001:00008760       ??$__crt_fast_decode_pointer@PEAX@@YAPEAXQEAX@Z 0000000140009760 f i libucrtd:winapi_thunks.obj
 0001:00008760       ??$__crt_fast_decode_pointer@P6AXXZ@@YAP6AXXZQ6AXXZ@Z 0000000140009760 f i libucrtd:onexit.obj
 0001:000087a0       ??$__crt_fast_encode_pointer@P6AHPEAU_exception@@@Z@@YAP6AHPEAU_exception@@@ZQ6AH0@Z@Z 00000001400097a0 f i libucrtd:matherr.obj
 0001:000087a0       ??$__crt_fast_encode_pointer@P6AXPEAXK0@Z@@YAP6AXPEAXK0@ZQ6AX0K0@Z@Z 00000001400097a0 f i libucrtd:exit.obj
 0001:000087a0       ??$__crt_fast_encode_pointer@PEAX@@YAPEAXQEAX@Z 00000001400097a0 f i libucrtd:initialization.obj
 0001:000087a0       ??$__crt_fast_encode_pointer@P6AXXZ@@YAP6AXXZQ6AXXZ@Z 00000001400097a0 f i libucrtd:onexit.obj
 0001:000087a0       ??$__crt_fast_encode_pointer@PEAP6AXXZ@@YAPEAP6AXXZQEAP6AXXZ@Z 00000001400097a0 f i libucrtd:onexit.obj
 0001:000087a0       ??$__crt_fast_encode_pointer@P6AXH@Z@@YAP6AXH@ZQ6AXH@Z@Z 00000001400097a0 f i libucrtd:signal.obj
 0001:000087a0       ??$__crt_fast_encode_pointer@P6AHXZ@@YAP6AHXZQ6AHXZ@Z 00000001400097a0 f i libucrtd:onexit.obj
 0001:000087e0       ?__crt_rotate_pointer_value@@YA_K_KH@Z 00000001400097e0 f i libucrtd:matherr.obj
 0001:00008800       ?initialize@?$dual_state_global@P6AH_K@Z@__crt_state_management@@QEAAXQ6AH_K@Z@Z 0000000140009800 f i libucrtd:new_handler.obj
 0001:00008800       ?initialize@?$dual_state_global@PEAU__crt_locale_data@@@__crt_state_management@@QEAAXQEAU__crt_locale_data@@@Z 0000000140009800 f i libucrtd:initialization.obj
 0001:00008800       ?initialize@?$dual_state_global@P6AHPEAU_exception@@@Z@__crt_state_management@@QEAAXQ6AHPEAU_exception@@@Z@Z 0000000140009800 f i libucrtd:matherr.obj
 0001:00008800       ?initialize@?$dual_state_global@PEAU__crt_multibyte_data@@@__crt_state_management@@QEAAXQEAU__crt_multibyte_data@@@Z 0000000140009800 f i libucrtd:mbctype.obj
 0001:00008800       ?initialize@?$dual_state_global@P6AXH@Z@__crt_state_management@@QEAAXQ6AXH@Z@Z 0000000140009800 f i libucrtd:signal.obj
 0001:00008850       ?value@?$dual_state_global@P6AXPEB_W00I_K@Z@__crt_state_management@@QEAAAEAP6AXPEB_W00I_K@ZXZ 0000000140009850 f i libucrtd:invalid_parameter.obj
 0001:00008850       ?value@?$dual_state_global@P6AH_K@Z@__crt_state_management@@QEAAAEAP6AH_K@ZXZ 0000000140009850 f i libucrtd:new_handler.obj
 0001:00008850       ?value@?$dual_state_global@P6AXH@Z@__crt_state_management@@QEAAAEAP6AXH@ZXZ 0000000140009850 f i libucrtd:signal.obj
 0001:00008850       ?value@?$dual_state_global@PEAE@__crt_state_management@@QEAAAEAPEAEXZ 0000000140009850 f i libucrtd:mbctype.obj
 0001:00008850       ?value@?$dual_state_global@PEAU__crt_multibyte_data@@@__crt_state_management@@QEAAAEAPEAU__crt_multibyte_data@@XZ 0000000140009850 f i libucrtd:mbctype.obj
 0001:00008850       ?value@?$dual_state_global@PEAU__crt_locale_data@@@__crt_state_management@@QEAAAEAPEAU__crt_locale_data@@XZ 0000000140009850 f i libucrtd:wsetlocale.obj
 0001:00008850       ?value@?$dual_state_global@P6AHPEAU_exception@@@Z@__crt_state_management@@QEAAAEAP6AHPEAU_exception@@@ZXZ 0000000140009850 f i libucrtd:matherr.obj
 0001:00008870       __acrt_has_user_matherr    0000000140009870 f   libucrtd:matherr.obj
 0001:000088b0       __acrt_initialize_user_matherr 00000001400098b0 f   libucrtd:matherr.obj
 0001:000088d0       __acrt_invoke_user_matherr 00000001400098d0 f   libucrtd:matherr.obj
 0001:00008920       __setusermatherr           0000000140009920 f   libucrtd:matherr.obj
 0001:00008cf0       ??$get_module_file_name@AEAPEAUHINSTANCE__@@AEAY0BAF@DK@?$__crt_char_traits@D@@SAKAEAPEAUHINSTANCE__@@AEAY0BAF@D$$QEAK@Z 0000000140009cf0 f i libucrtd:dbgrpt.obj
 0001:00008cf0       ??$get_module_file_name@$$TAEAY0BAF@DH@?$__crt_char_traits@D@@SAK$$QEA$$TAEAY0BAF@D$$QEAH@Z 0000000140009cf0 f i libucrtd:argv_parsing.obj
 0001:000091c0       ??$set_program_name@PEAD@?$__crt_char_traits@D@@SAX$$QEAPEAD@Z 000000014000a1c0 f i libucrtd:argv_parsing.obj
 0001:000092f0       __acrt_allocate_buffer_for_argv 000000014000a2f0 f   libucrtd:argv_parsing.obj
 0001:00009410       _configure_narrow_argv     000000014000a410 f   libucrtd:argv_parsing.obj
 0001:00009430       _set_pgmptr                000000014000a430 f i libucrtd:argv_parsing.obj
 0001:00009660       ??$tcslen@AEAPEAD@?$__crt_char_traits@D@@SA_KAEAPEAD@Z 000000014000a660 f i libucrtd:environment_initialization.obj
 0001:000096ac       ??B?$__crt_unique_heap_ptr@PEADU__crt_internal_free_policy@@@@QEBA_NXZ 000000014000a6ac f i libucrtd:environment_initialization.obj
 0001:000096b4       ?detach@?$__crt_unique_heap_ptr@DU__crt_internal_free_policy@@@@QEAAPEADXZ 000000014000a6b4 f i libucrtd:environment_initialization.obj
 0001:000096bc       __dcrt_uninitialize_environments_nolock 000000014000a6bc f   libucrtd:environment_initialization.obj
 0001:000096f4       _initialize_narrow_environment 000000014000a6f4 f   libucrtd:environment_initialization.obj
 0001:00009840       _get_narrow_winmain_command_line 000000014000a840 f   libucrtd:argv_winmain.obj
 0001:00009850       _initterm                  000000014000a850 f   libucrtd:initterm.obj
 0001:000098b0       _initterm_e                000000014000a8b0 f   libucrtd:initterm.obj
 0001:00009930       ??$?BX@__crt_fast_encoded_nullptr_t@@QEBAPEAXXZ 000000014000a930 f i libucrtd:initialization.obj
 0001:00009930       ??$?B$$A6AXH@Z@__crt_fast_encoded_nullptr_t@@QEBAP6AXH@ZXZ 000000014000a930 f i libucrtd:signal.obj
 0001:00009930       ??$?BP6AXXZ@__crt_fast_encoded_nullptr_t@@QEBAPEAP6AXXZXZ 000000014000a930 f i libucrtd:onexit.obj
 0001:00009930       ??$?B$$A6AXPEAXK0@Z@__crt_fast_encoded_nullptr_t@@QEBAP6AXPEAXK0@ZXZ 000000014000a930 f i libucrtd:exit.obj
 0001:00009930       ??$?B$$A6AXXZ@__crt_fast_encoded_nullptr_t@@QEBAP6AXXZXZ 000000014000a930 f i libucrtd:onexit.obj
 0001:000099e0       ??$__crt_get_proc_address@P6AXI@Z@@YAP6AXI@ZQEAUHINSTANCE__@@QEBD@Z 000000014000a9e0 f i libucrtd:exit.obj
 0001:00009a10       ??$__crt_interlocked_read@J@@YAJPEDJ@Z 000000014000aa10 f i libucrtd:exit.obj
 0001:00009aa0       ??1?$__crt_unique_handle_t@U__crt_hmodule_traits@@@@QEAA@XZ 000000014000aaa0 f i libucrtd:exit.obj
 0001:00009c00       ?__acrt_select_exit_lock@@YA?AW4__acrt_lock_id@@XZ 000000014000ac00 f i libucrtd:exit.obj
 0001:00009c10       ?__crt_fast_encode_pointer@@YA?AU__crt_fast_encoded_nullptr_t@@$$T@Z 000000014000ac10 f i libucrtd:exit.obj
 0001:00009c30       ?__crt_interlocked_read_32@@YAHPEDH@Z 000000014000ac30 f i libucrtd:exit.obj
 0001:00009c70       ?close@?$__crt_unique_handle_t@U__crt_hmodule_traits@@@@QEAAXXZ 000000014000ac70 f i libucrtd:exit.obj
 0001:00009cb0       ?close@__crt_hmodule_traits@@SA_NPEAUHINSTANCE__@@@Z 000000014000acb0 f i libucrtd:exit.obj
 0001:00009f70       __acrt_initialize_thread_local_exit_callback 000000014000af70 f   libucrtd:exit.obj
 0001:00009f90       _c_exit                    000000014000af90 f   libucrtd:exit.obj
 0001:00009fb0       _cexit                     000000014000afb0 f   libucrtd:exit.obj
 0001:00009fd0       _exit                      000000014000afd0 f   libucrtd:exit.obj
 0001:00009ff0       _register_thread_local_exe_atexit_callback 000000014000aff0 f   libucrtd:exit.obj
 0001:0000a040       exit                       000000014000b040 f   libucrtd:exit.obj
 0001:0000a060       ?value@?$dual_state_global@J@__crt_state_management@@QEAAAEAJXZ 000000014000b060 f i libucrtd:new_mode.obj
 0001:0000a060       ?value@?$dual_state_global@H@__crt_state_management@@QEAAAEAHXZ 000000014000b060 f i libucrtd:setmode.obj
 0001:0000a080       _set_fmode                 000000014000b080 f   libucrtd:setmode.obj
 0001:0000a2c0       __acrt_disable_global_locale_sync 000000014000b2c0 f i libucrtd:wsetlocale.obj
 0001:0000a2f0       __acrt_enable_global_locale_sync 000000014000b2f0 f i libucrtd:wsetlocale.obj
 0001:0000a320       __acrt_set_locale_changed  000000014000b320 f   libucrtd:wsetlocale.obj
 0001:0000a330       __acrt_uninitialize_locale 000000014000b330 f   libucrtd:wsetlocale.obj
 0001:0000a360       __ascii_tolower            000000014000b360 f i libucrtd:wsetlocale.obj
 0001:0000a380       __ascii_towlower           000000014000b380 f i libucrtd:wsetlocale.obj
 0001:0000a3a0       _configthreadlocale        000000014000b3a0 f   libucrtd:wsetlocale.obj
 0001:0000a500       _query_new_mode            000000014000b500 f   libucrtd:new_mode.obj
 0001:0000a520       _set_new_mode              000000014000b520 f   libucrtd:new_mode.obj
 0001:0000a5f0       __p__commode               000000014000b5f0 f   libucrtd:ncommode.obj
 0001:0000ac80       _crt_atexit                000000014000bc80 f   libucrtd:onexit.obj
 0001:0000aca0       _execute_onexit_table      000000014000bca0 f   libucrtd:onexit.obj
 0001:0000ace0       _initialize_onexit_table   000000014000bce0 f   libucrtd:onexit.obj
 0001:0000ad60       _register_onexit_function  000000014000bd60 f   libucrtd:onexit.obj
 0001:0000adf0       __acrt_uninitialize_command_line 000000014000bdf0 f   libucrtd:argv_data.obj
 0001:0000b050       __acrt_initialize          000000014000c050 f   libucrtd:initialization.obj
 0001:0000b080       __acrt_uninitialize        000000014000c080 f   libucrtd:initialization.obj
 0001:0000b0b0       terminate                  000000014000c0b0 f   libucrtd:terminate.obj
 0001:0000b0f0       ??0_LocaleUpdate@@QEAA@QEAU__crt_locale_pointers@@@Z 000000014000c0f0 f i libucrtd:debug_heap.obj
 0001:0000b210       ??1_LocaleUpdate@@QEAA@XZ  000000014000c210 f i libucrtd:debug_heap.obj
 0001:0000b240       ?GetLocaleT@_LocaleUpdate@@QEAAPEAU__crt_locale_pointers@@XZ 000000014000c240 f i libucrtd:debug_heap.obj
 0001:0000d220       _CrtCheckMemory            000000014000e220 f   libucrtd:debug_heap.obj
 0001:0000d3b0       _CrtDumpMemoryLeaks        000000014000e3b0 f   libucrtd:debug_heap.obj
 0001:0000d470       _CrtIsValidHeapPointer     000000014000e470 f   libucrtd:debug_heap.obj
 0001:0000d4b0       _CrtIsValidPointer         000000014000e4b0 f   libucrtd:debug_heap.obj
 0001:0000d4f0       _CrtMemCheckpoint          000000014000e4f0 f   libucrtd:debug_heap.obj
 0001:0000d770       _CrtMemDumpAllObjectsSince 000000014000e770 f   libucrtd:debug_heap.obj
 0001:0000d7d0       _CrtSetDbgFlag             000000014000e7d0 f   libucrtd:debug_heap.obj
 0001:0000d930       _CrtSetDumpClient          000000014000e930 f   libucrtd:debug_heap.obj
 0001:0000d960       __acrt_get_locale_data_prefix 000000014000e960 f i libucrtd:debug_heap.obj
 0001:0000d980       __acrt_locale_changed      000000014000e980 f i libucrtd:debug_heap.obj
 0001:0000d9b0       _calloc_dbg                000000014000e9b0 f   libucrtd:debug_heap.obj
 0001:0000da50       _chvalidchk_l              000000014000ea50 f i libucrtd:debug_heap.obj
 0001:0000da80       _free_dbg                  000000014000ea80 f   libucrtd:debug_heap.obj
 0001:0000daf0       _invoke_watson_if_oneof    000000014000eaf0 f i libucrtd:debug_heap.obj
 0001:0000db50       _ischartype_l              000000014000eb50 f i libucrtd:debug_heap.obj
 0001:0000dbe0       _malloc_dbg                000000014000ebe0 f   libucrtd:debug_heap.obj
 0001:0000dc20       _msize_dbg                 000000014000ec20 f   libucrtd:debug_heap.obj
 0001:0000ddc0       _realloc_dbg               000000014000edc0 f   libucrtd:debug_heap.obj
 0001:0000de30       _recalloc_dbg              000000014000ee30 f   libucrtd:debug_heap.obj
 0001:0000e400       strcpy_s                   000000014000f400 f   libucrtd:strcpy_s.obj
 0001:0000e440       strcmp                     000000014000f440 f   libucrtd:strcmp.obj
 0001:0000e4c0       strlen                     000000014000f4c0 f   libucrtd:strlen.obj
 0001:0000e570       abort                      000000014000f570 f   libucrtd:abort.obj
 0001:0000e5f0       ??$initialize_from_array@$$BY00Q6AXPEB_W00I_K@Z@?$dual_state_global@P6AXPEB_W00I_K@Z@__crt_state_management@@QEAAXAEAY00Q6AXPEB_W00I_K@Z@Z 000000014000f5f0 f i libucrtd:invalid_parameter.obj
 0001:0000e650       __acrt_call_reportfault    000000014000f650 f   libucrtd:invalid_parameter.obj
 0001:0000e780       __acrt_initialize_invalid_parameter_handler 000000014000f780 f   libucrtd:invalid_parameter.obj
 0001:0000e7b0       _invalid_parameter         000000014000f7b0 f   libucrtd:invalid_parameter.obj
 0001:0000e8b0       _invalid_parameter_noinfo  000000014000f8b0 f   libucrtd:invalid_parameter.obj
 0001:0000e8e0       _invoke_watson             000000014000f8e0 f   libucrtd:invalid_parameter.obj
 0001:0000e940       ??$?0AEBV?$string_output_adapter@D@__crt_stdio_output@@AEB_KAEBQEBDAEBQEAU__crt_locale_pointers@@AEBQEAD@?$format_validation_base@DV?$string_output_adapter@D@__crt_stdio_output@@@__crt_stdio_output@@IEAA@AEBV?$string_output_adapter@D@1@AEB_KAEBQEBDAEBQEAU__crt_locale_pointers@@AEBQEAD@Z 000000014000f940 f i libucrtd:output.obj
 0001:0000e990       ??$?0AEBV?$string_output_adapter@D@__crt_stdio_output@@AEB_KAEBQEBDAEBQEAU__crt_locale_pointers@@AEBQEAD@?$standard_base@DV?$string_output_adapter@D@__crt_stdio_output@@@__crt_stdio_output@@IEAA@AEBV?$string_output_adapter@D@1@AEB_KAEBQEBDAEBQEAU__crt_locale_pointers@@AEBQEAD@Z 000000014000f990 f i libucrtd:output.obj
 0001:0000ea00       ??$?0AEBV?$string_output_adapter@_W@__crt_stdio_output@@AEB_KAEBQEB_WAEBQEAU__crt_locale_pointers@@AEBQEAD@?$format_validation_base@_WV?$string_output_adapter@_W@__crt_stdio_output@@@__crt_stdio_output@@IEAA@AEBV?$string_output_adapter@_W@1@AEB_KAEBQEB_WAEBQEAU__crt_locale_pointers@@AEBQEAD@Z 000000014000fa00 f i libucrtd:output.obj
 0001:0000ea50       ??$?0AEBV?$string_output_adapter@_W@__crt_stdio_output@@AEB_KAEBQEB_WAEBQEAU__crt_locale_pointers@@AEBQEAD@?$standard_base@_WV?$string_output_adapter@_W@__crt_stdio_output@@@__crt_stdio_output@@IEAA@AEBV?$string_output_adapter@_W@1@AEB_KAEBQEB_WAEBQEAU__crt_locale_pointers@@AEBQEAD@Z 000000014000fa50 f i libucrtd:output.obj
 0001:000103d0       ??$count@D@formatting_buffer@__crt_stdio_output@@QEBA_KXZ 00000001400113d0 f i libucrtd:output.obj
 0001:00010420       ??$count@_W@formatting_buffer@__crt_stdio_output@@QEBA_KXZ 0000000140011420 f i libucrtd:output.obj
 0001:00010470       ??$data@_W@formatting_buffer@__crt_stdio_output@@QEAAPEA_WXZ 0000000140011470 f i libucrtd:output.obj
 0001:00010470       ??$data@D@formatting_buffer@__crt_stdio_output@@QEAAPEADXZ 0000000140011470 f i libucrtd:output.obj
 0001:000104c0       ??$ensure_buffer_is_big_enough@D@formatting_buffer@__crt_stdio_output@@QEAA_N_K@Z 00000001400114c0 f i libucrtd:output.obj
 0001:000105f0       ??$ensure_buffer_is_big_enough@_W@formatting_buffer@__crt_stdio_output@@QEAA_N_K@Z 00000001400115f0 f i libucrtd:output.obj
 0001:00010720       ??$extract_argument_from_va_list@C_J@?$standard_base@_WV?$string_output_adapter@_W@__crt_stdio_output@@@__crt_stdio_output@@IEAA_NAEA_J@Z 0000000140011720 f i libucrtd:output.obj
 0001:00010720       ??$extract_argument_from_va_list@C_J@?$standard_base@DV?$string_output_adapter@D@__crt_stdio_output@@@__crt_stdio_output@@IEAA_NAEA_J@Z 0000000140011720 f i libucrtd:output.obj
 0001:00010760       ??$extract_argument_from_va_list@E_J@?$standard_base@_WV?$string_output_adapter@_W@__crt_stdio_output@@@__crt_stdio_output@@IEAA_NAEA_J@Z 0000000140011760 f i libucrtd:output.obj
 0001:00010760       ??$extract_argument_from_va_list@E_J@?$standard_base@DV?$string_output_adapter@D@__crt_stdio_output@@@__crt_stdio_output@@IEAA_NAEA_J@Z 0000000140011760 f i libucrtd:output.obj
 0001:000107a0       ??$extract_argument_from_va_list@F_J@?$standard_base@DV?$string_output_adapter@D@__crt_stdio_output@@@__crt_stdio_output@@IEAA_NAEA_J@Z 00000001400117a0 f i libucrtd:output.obj
 0001:000107a0       ??$extract_argument_from_va_list@F_J@?$standard_base@_WV?$string_output_adapter@_W@__crt_stdio_output@@@__crt_stdio_output@@IEAA_NAEA_J@Z 00000001400117a0 f i libucrtd:output.obj
 0001:000107e0       ??$extract_argument_from_va_list@GD@?$standard_base@DV?$string_output_adapter@D@__crt_stdio_output@@@__crt_stdio_output@@IEAA_NAEAD@Z 00000001400117e0 f i libucrtd:output.obj
 0001:00010810       ??$extract_argument_from_va_list@G_J@?$standard_base@_WV?$string_output_adapter@_W@__crt_stdio_output@@@__crt_stdio_output@@IEAA_NAEA_J@Z 0000000140011810 f i libucrtd:output.obj
 0001:00010810       ??$extract_argument_from_va_list@G_J@?$standard_base@DV?$string_output_adapter@D@__crt_stdio_output@@@__crt_stdio_output@@IEAA_NAEA_J@Z 0000000140011810 f i libucrtd:output.obj
 0001:00010850       ??$extract_argument_from_va_list@H_J@?$standard_base@DV?$string_output_adapter@D@__crt_stdio_output@@@__crt_stdio_output@@IEAA_NAEA_J@Z 0000000140011850 f i libucrtd:output.obj
 0001:00010850       ??$extract_argument_from_va_list@H_J@?$standard_base@_WV?$string_output_adapter@_W@__crt_stdio_output@@@__crt_stdio_output@@IEAA_NAEA_J@Z 0000000140011850 f i libucrtd:output.obj
 0001:00010880       ??$extract_argument_from_va_list@I_J@?$standard_base@_WV?$string_output_adapter@_W@__crt_stdio_output@@@__crt_stdio_output@@IEAA_NAEA_J@Z 0000000140011880 f i libucrtd:output.obj
 0001:00010880       ??$extract_argument_from_va_list@I_J@?$standard_base@DV?$string_output_adapter@D@__crt_stdio_output@@@__crt_stdio_output@@IEAA_NAEA_J@Z 0000000140011880 f i libucrtd:output.obj
 0001:000108b0       ??$extract_argument_from_va_list@PEADPEAD@?$standard_base@_WV?$string_output_adapter@_W@__crt_stdio_output@@@__crt_stdio_output@@IEAA_NAEAPEAD@Z 00000001400118b0 f i libucrtd:output.obj
 0001:000108b0       ??$extract_argument_from_va_list@_J_J@?$standard_base@DV?$string_output_adapter@D@__crt_stdio_output@@@__crt_stdio_output@@IEAA_NAEA_J@Z 00000001400118b0 f i libucrtd:output.obj
 0001:000108b0       ??$extract_argument_from_va_list@PEAUansi_string@?1??type_case_Z@?$output_processor@_WV?$string_output_adapter@_W@__crt_stdio_output@@V?$format_validation_base@_WV?$string_output_adapter@_W@__crt_stdio_output@@@2@@__crt_stdio_output@@AEAA_NXZ@PEAU1?1??234@AEAA_NXZ@@?$standard_base@_WV?$string_output_adapter@_W@__crt_stdio_output@@@__crt_stdio_output@@IEAA_NAEAPEAUansi_string@?1??type_case_Z@?$output_processor@_WV?$string_output_adapter@_W@__crt_stdio_output@@V?$format_validation_base@_WV?$string_output_adapter@_W@__crt_stdio_output@@@2@@1@AEAA_NXZ@@Z 00000001400118b0 f i libucrtd:output.obj
 0001:000108b0       ??$extract_argument_from_va_list@PEAUansi_string@?1??type_case_Z@?$output_processor@DV?$string_output_adapter@D@__crt_stdio_output@@V?$format_validation_base@DV?$string_output_adapter@D@__crt_stdio_output@@@2@@__crt_stdio_output@@AEAA_NXZ@PEAU1?1??234@AEAA_NXZ@@?$standard_base@DV?$string_output_adapter@D@__crt_stdio_output@@@__crt_stdio_output@@IEAA_NAEAPEAUansi_string@?1??type_case_Z@?$output_processor@DV?$string_output_adapter@D@__crt_stdio_output@@V?$format_validation_base@DV?$string_output_adapter@D@__crt_stdio_output@@@2@@1@AEAA_NXZ@@Z 00000001400118b0 f i libucrtd:output.obj
 0001:000108b0       ??$extract_argument_from_va_list@PEAXPEAX@?$standard_base@DV?$string_output_adapter@D@__crt_stdio_output@@@__crt_stdio_output@@IEAA_NAEAPEAX@Z 00000001400118b0 f i libucrtd:output.obj
 0001:000108b0       ??$extract_argument_from_va_list@PEAXPEAX@?$standard_base@_WV?$string_output_adapter@_W@__crt_stdio_output@@@__crt_stdio_output@@IEAA_NAEAPEAX@Z 00000001400118b0 f i libucrtd:output.obj
 0001:000108b0       ??$extract_argument_from_va_list@_K_J@?$standard_base@_WV?$string_output_adapter@_W@__crt_stdio_output@@@__crt_stdio_output@@IEAA_NAEA_J@Z 00000001400118b0 f i libucrtd:output.obj
 0001:000108b0       ??$extract_argument_from_va_list@_K_J@?$standard_base@DV?$string_output_adapter@D@__crt_stdio_output@@@__crt_stdio_output@@IEAA_NAEA_J@Z 00000001400118b0 f i libucrtd:output.obj
 0001:000108b0       ??$extract_argument_from_va_list@PEADPEAD@?$standard_base@DV?$string_output_adapter@D@__crt_stdio_output@@@__crt_stdio_output@@IEAA_NAEAPEAD@Z 00000001400118b0 f i libucrtd:output.obj
 0001:000108b0       ??$extract_argument_from_va_list@_J_J@?$standard_base@_WV?$string_output_adapter@_W@__crt_stdio_output@@@__crt_stdio_output@@IEAA_NAEA_J@Z 00000001400118b0 f i libucrtd:output.obj
 0001:000108e0       ??$extract_argument_from_va_list@U_CRT_DOUBLE@@U1@@?$standard_base@DV?$string_output_adapter@D@__crt_stdio_output@@@__crt_stdio_output@@IEAA_NAEAU_CRT_DOUBLE@@@Z 00000001400118e0 f i libucrtd:output.obj
 0001:000108e0       ??$extract_argument_from_va_list@U_CRT_DOUBLE@@U1@@?$standard_base@_WV?$string_output_adapter@_W@__crt_stdio_output@@@__crt_stdio_output@@IEAA_NAEAU_CRT_DOUBLE@@@Z 00000001400118e0 f i libucrtd:output.obj
 0001:00010930       ??$extract_argument_from_va_list@_W_W@?$standard_base@_WV?$string_output_adapter@_W@__crt_stdio_output@@@__crt_stdio_output@@IEAA_NAEA_W@Z 0000000140011930 f i libucrtd:output.obj
 0001:00010930       ??$extract_argument_from_va_list@_W_W@?$standard_base@DV?$string_output_adapter@D@__crt_stdio_output@@@__crt_stdio_output@@IEAA_NAEA_W@Z 0000000140011930 f i libucrtd:output.obj
 0001:00010960       ??$is_wide_character_specifier@D@__crt_stdio_output@@YA_N_KDW4length_modifier@0@@Z 0000000140011960 f i libucrtd:output.obj
 0001:00010a00       ??$is_wide_character_specifier@_W@__crt_stdio_output@@YA_N_K_WW4length_modifier@0@@Z 0000000140011a00 f i libucrtd:output.obj
 0001:00010ad0       ??$read_va_arg@C@__crt_stdio_output@@YACAEAPEAD@Z 0000000140011ad0 f i libucrtd:output.obj
 0001:00010ad0       ??$read_va_arg@E@__crt_stdio_output@@YAEAEAPEAD@Z 0000000140011ad0 f i libucrtd:output.obj
 0001:00010b40       ??$read_va_arg@_W@__crt_stdio_output@@YA_WAEAPEAD@Z 0000000140011b40 f i libucrtd:output.obj
 0001:00010b40       ??$read_va_arg@F@__crt_stdio_output@@YAFAEAPEAD@Z 0000000140011b40 f i libucrtd:output.obj
 0001:00010b40       ??$read_va_arg@G@__crt_stdio_output@@YAGAEAPEAD@Z 0000000140011b40 f i libucrtd:output.obj
 0001:00010bb0       ??$read_va_arg@I@__crt_stdio_output@@YAIAEAPEAD@Z 0000000140011bb0 f i libucrtd:output.obj
 0001:00010bb0       ??$read_va_arg@H@__crt_stdio_output@@YAHAEAPEAD@Z 0000000140011bb0 f i libucrtd:output.obj
 0001:00010c10       ??$read_va_arg@PEAD@__crt_stdio_output@@YAPEADAEAPEAD@Z 0000000140011c10 f i libucrtd:output.obj
 0001:00010c10       ??$read_va_arg@PEAUansi_string@?1??type_case_Z@?$output_processor@DV?$string_output_adapter@D@__crt_stdio_output@@V?$format_validation_base@DV?$string_output_adapter@D@__crt_stdio_output@@@2@@__crt_stdio_output@@AEAA_NXZ@@__crt_stdio_output@@YAPEAUansi_string@?1??type_case_Z@?$output_processor@DV?$string_output_adapter@D@__crt_stdio_output@@V?$format_validation_base@DV?$string_output_adapter@D@__crt_stdio_output@@@2@@0@AEAA_NXZ@AEAPEAD@Z 0000000140011c10 f i libucrtd:output.obj
 0001:00010c10       ??$read_va_arg@PEAX@__crt_stdio_output@@YAPEAXAEAPEAD@Z 0000000140011c10 f i libucrtd:output.obj
 0001:00010c10       ??$read_va_arg@PEAUansi_string@?1??type_case_Z@?$output_processor@_WV?$string_output_adapter@_W@__crt_stdio_output@@V?$format_validation_base@_WV?$string_output_adapter@_W@__crt_stdio_output@@@2@@__crt_stdio_output@@AEAA_NXZ@@__crt_stdio_output@@YAPEAUansi_string@?1??type_case_Z@?$output_processor@_WV?$string_output_adapter@_W@__crt_stdio_output@@V?$format_validation_base@_WV?$string_output_adapter@_W@__crt_stdio_output@@@2@@0@AEAA_NXZ@AEAPEAD@Z 0000000140011c10 f i libucrtd:output.obj
 0001:00010c10       ??$read_va_arg@_K@__crt_stdio_output@@YA_KAEAPEAD@Z 0000000140011c10 f i libucrtd:output.obj
 0001:00010c10       ??$read_va_arg@U_CRT_DOUBLE@@@__crt_stdio_output@@YA?AU_CRT_DOUBLE@@AEAPEAD@Z 0000000140011c10 f i libucrtd:output.obj
 0001:00010c10       ??$read_va_arg@_J@__crt_stdio_output@@YA_JAEAPEAD@Z 0000000140011c10 f i libucrtd:output.obj
 0001:00010c80       ??$scratch_count@D@formatting_buffer@__crt_stdio_output@@QEBA_KXZ 0000000140011c80 f i libucrtd:output.obj
 0001:00010ca0       ??$scratch_data@D@formatting_buffer@__crt_stdio_output@@QEAAPEADXZ 0000000140011ca0 f i libucrtd:output.obj
 0001:00010d10       ??$tcstol@PEBDPEAPEADH@?$__crt_char_traits@D@@SAJ$$QEAPEBD$$QEAPEAPEAD$$QEAH@Z 0000000140011d10 f i libucrtd:output.obj
 0001:00010d50       ??$tcstol@PEB_WPEAPEA_WH@?$__crt_char_traits@_W@@SAJ$$QEAPEB_W$$QEAPEAPEA_W$$QEAH@Z 0000000140011d50 f i libucrtd:output.obj
 0001:00010d90       ??$type_case_integer_parse_into_buffer@I@?$output_processor@DV?$string_output_adapter@D@__crt_stdio_output@@V?$format_validation_base@DV?$string_output_adapter@D@__crt_stdio_output@@@2@@__crt_stdio_output@@AEAAXII_N@Z 0000000140011d90 f i libucrtd:output.obj
 0001:00010ec0       ??$type_case_integer_parse_into_buffer@I@?$output_processor@_WV?$string_output_adapter@_W@__crt_stdio_output@@V?$format_validation_base@_WV?$string_output_adapter@_W@__crt_stdio_output@@@2@@__crt_stdio_output@@AEAAXII_N@Z 0000000140011ec0 f i libucrtd:output.obj
 0001:00011000       ??$type_case_integer_parse_into_buffer@_K@?$output_processor@DV?$string_output_adapter@D@__crt_stdio_output@@V?$format_validation_base@DV?$string_output_adapter@D@__crt_stdio_output@@@2@@__crt_stdio_output@@AEAAX_KI_N@Z 0000000140012000 f i libucrtd:output.obj
 0001:00011150       ??$type_case_integer_parse_into_buffer@_K@?$output_processor@_WV?$string_output_adapter@_W@__crt_stdio_output@@V?$format_validation_base@_WV?$string_output_adapter@_W@__crt_stdio_output@@@2@@__crt_stdio_output@@AEAAX_KI_N@Z 0000000140012150 f i libucrtd:output.obj
 0001:000112b0       ??$write_multiple_characters@V?$string_output_adapter@D@__crt_stdio_output@@D@__crt_stdio_output@@YAXAEBV?$string_output_adapter@D@0@DHQEAH@Z 00000001400122b0 f i libucrtd:output.obj
 0001:00011310       ??$write_multiple_characters@V?$string_output_adapter@_W@__crt_stdio_output@@D@__crt_stdio_output@@YAXAEBV?$string_output_adapter@_W@0@DHQEAH@Z 0000000140012310 f i libucrtd:output.obj
 0001:00011370       ??0?$common_data@D@__crt_stdio_output@@IEAA@XZ 0000000140012370 f i libucrtd:output.obj
 0001:00011440       ??0?$common_data@_W@__crt_stdio_output@@IEAA@XZ 0000000140012440 f i libucrtd:output.obj
 0001:00011510       ??0?$output_adapter_data@DV?$string_output_adapter@D@__crt_stdio_output@@@__crt_stdio_output@@IEAA@AEBV?$string_output_adapter@D@1@_KQEBDQEAU__crt_locale_pointers@@QEAD@Z 0000000140012510 f i libucrtd:output.obj
 0001:00011590       ??0?$output_adapter_data@_WV?$string_output_adapter@_W@__crt_stdio_output@@@__crt_stdio_output@@IEAA@AEBV?$string_output_adapter@_W@1@_KQEB_WQEAU__crt_locale_pointers@@QEAD@Z 0000000140012590 f i libucrtd:output.obj
 0001:00011610       ??0?$output_processor@DV?$string_output_adapter@D@__crt_stdio_output@@V?$format_validation_base@DV?$string_output_adapter@D@__crt_stdio_output@@@2@@__crt_stdio_output@@QEAA@AEBV?$string_output_adapter@D@1@_KQEBDQEAU__crt_locale_pointers@@QEAD@Z 0000000140012610 f i libucrtd:output.obj
 0001:00011660       ??0?$output_processor@_WV?$string_output_adapter@_W@__crt_stdio_output@@V?$format_validation_base@_WV?$string_output_adapter@_W@__crt_stdio_output@@@2@@__crt_stdio_output@@QEAA@AEBV?$string_output_adapter@_W@1@_KQEB_WQEAU__crt_locale_pointers@@QEAD@Z 0000000140012660 f i libucrtd:output.obj
 0001:000116b0       ??0__crt_deferred_errno_cache@@QEAA@XZ 00000001400126b0 f i libucrtd:output.obj
 0001:000116d0       ??0__crt_errno_guard@@QEAA@QEAH@Z 00000001400126d0 f i libucrtd:output.obj
 0001:00011710       ??0formatting_buffer@__crt_stdio_output@@QEAA@XZ 0000000140012710 f i libucrtd:output.obj
 0001:00011750       ??1?$common_data@_W@__crt_stdio_output@@QEAA@XZ 0000000140012750 f i libucrtd:output.obj
 0001:00011750       ??1?$common_data@D@__crt_stdio_output@@QEAA@XZ 0000000140012750 f i libucrtd:output.obj
 0001:00011770       ??1?$format_validation_base@_WV?$string_output_adapter@_W@__crt_stdio_output@@@__crt_stdio_output@@QEAA@XZ 0000000140012770 f i libucrtd:output.obj
 0001:00011770       ??1?$format_validation_base@DV?$string_output_adapter@D@__crt_stdio_output@@@__crt_stdio_output@@QEAA@XZ 0000000140012770 f i libucrtd:output.obj
 0001:00011790       ??1?$output_adapter_data@_WV?$string_output_adapter@_W@__crt_stdio_output@@@__crt_stdio_output@@QEAA@XZ 0000000140012790 f i libucrtd:output.obj
 0001:00011790       ??1?$output_adapter_data@DV?$string_output_adapter@D@__crt_stdio_output@@@__crt_stdio_output@@QEAA@XZ 0000000140012790 f i libucrtd:output.obj
 0001:000117b0       ??1?$output_processor@_WV?$string_output_adapter@_W@__crt_stdio_output@@V?$format_validation_base@_WV?$string_output_adapter@_W@__crt_stdio_output@@@2@@__crt_stdio_output@@QEAA@XZ 00000001400127b0 f i libucrtd:output.obj
 0001:000117b0       ??1?$output_processor@DV?$string_output_adapter@D@__crt_stdio_output@@V?$format_validation_base@DV?$string_output_adapter@D@__crt_stdio_output@@@2@@__crt_stdio_output@@QEAA@XZ 00000001400127b0 f i libucrtd:output.obj
 0001:000117d0       ??1?$standard_base@DV?$string_output_adapter@D@__crt_stdio_output@@@__crt_stdio_output@@QEAA@XZ 00000001400127d0 f i libucrtd:output.obj
 0001:000117d0       ??1?$standard_base@_WV?$string_output_adapter@_W@__crt_stdio_output@@@__crt_stdio_output@@QEAA@XZ 00000001400127d0 f i libucrtd:output.obj
 0001:000117f0       ??1__crt_errno_guard@@QEAA@XZ 00000001400127f0 f i libucrtd:output.obj
 0001:00011820       ??1formatting_buffer@__crt_stdio_output@@QEAA@XZ 0000000140012820 f i libucrtd:output.obj
 0001:00011850       ??4?$__crt_unique_heap_ptr@DU__crt_internal_free_policy@@@@QEAAAEAV0@$$QEAV0@@Z 0000000140012850 f i libucrtd:output.obj
 0001:00011890       ??A?$spectre_mitigated_lookup_table@Ustate_transition_pair@__crt_stdio_output@@$0IA@@__crt_stdio_output@@QEBAAEBUstate_transition_pair@1@_K@Z 0000000140012890 f i libucrtd:output.obj
 0001:000118b0       ?adjust_hexit@?$output_processor@_WV?$string_output_adapter@_W@__crt_stdio_output@@V?$format_validation_base@_WV?$string_output_adapter@_W@__crt_stdio_output@@@2@@__crt_stdio_output@@CADH_N@Z 00000001400128b0 f i libucrtd:output.obj
 0001:000118b0       ?adjust_hexit@?$output_processor@DV?$string_output_adapter@D@__crt_stdio_output@@V?$format_validation_base@DV?$string_output_adapter@D@__crt_stdio_output@@@2@@__crt_stdio_output@@CADH_N@Z 00000001400128b0 f i libucrtd:output.obj
 0001:00011900       ?advance_to_next_pass@?$standard_base@DV?$string_output_adapter@D@__crt_stdio_output@@@__crt_stdio_output@@IEAA_NXZ 0000000140012900 f i libucrtd:output.obj
 0001:00011900       ?advance_to_next_pass@?$standard_base@_WV?$string_output_adapter@_W@__crt_stdio_output@@@__crt_stdio_output@@IEAA_NXZ 0000000140012900 f i libucrtd:output.obj
 0001:00011950       ?crop_zeroes@__crt_stdio_output@@YAXPEADQEAU__crt_locale_pointers@@@Z 0000000140012950 f i libucrtd:output.obj
 0001:00011a90       ?find_next_state@?$output_processor@DV?$string_output_adapter@D@__crt_stdio_output@@V?$format_validation_base@DV?$string_output_adapter@D@__crt_stdio_output@@@2@@__crt_stdio_output@@AEBA?AW4state@2@DW432@@Z 0000000140012a90 f i libucrtd:output.obj
 0001:00011b20       ?find_next_state@?$output_processor@_WV?$string_output_adapter@_W@__crt_stdio_output@@V?$format_validation_base@_WV?$string_output_adapter@_W@__crt_stdio_output@@@2@@__crt_stdio_output@@AEBA?AW4state@2@_WW432@@Z 0000000140012b20 f i libucrtd:output.obj
 0001:00011bb0       ?force_decimal_point@__crt_stdio_output@@YAXPEADQEAU__crt_locale_pointers@@@Z 0000000140012bb0 f i libucrtd:output.obj
 0001:00011cb0       ?get@__crt_deferred_errno_cache@@QEAAAEAHXZ 0000000140012cb0 f i libucrtd:output.obj
 0001:00011ce0       ?get_flags@__crt_stdio_stream@@QEBAJXZ 0000000140012ce0 f i libucrtd:output.obj
 0001:00011d10       ?has_flag@?$output_processor@DV?$string_output_adapter@D@__crt_stdio_output@@V?$format_validation_base@DV?$string_output_adapter@D@__crt_stdio_output@@@2@@__crt_stdio_output@@AEBA_NI@Z 0000000140012d10 f i libucrtd:output.obj
 0001:00011d10       ?has_flag@?$output_processor@_WV?$string_output_adapter@_W@__crt_stdio_output@@V?$format_validation_base@_WV?$string_output_adapter@_W@__crt_stdio_output@@@2@@__crt_stdio_output@@AEBA_NI@Z 0000000140012d10 f i libucrtd:output.obj
 0001:00011d50       ?is_string_backed@__crt_stdio_stream@@QEBA_NXZ 0000000140012d50 f i libucrtd:output.obj
 0001:00011d90       ?narrow_null_string@?$output_processor@_WV?$string_output_adapter@_W@__crt_stdio_output@@V?$format_validation_base@_WV?$string_output_adapter@_W@__crt_stdio_output@@@2@@__crt_stdio_output@@CAPEADXZ 0000000140012d90 f i libucrtd:output.obj
 0001:00011d90       ?narrow_null_string@?$output_processor@DV?$string_output_adapter@D@__crt_stdio_output@@V?$format_validation_base@DV?$string_output_adapter@D@__crt_stdio_output@@@2@@__crt_stdio_output@@CAPEADXZ 0000000140012d90 f i libucrtd:output.obj
 0001:00011da0       ?parse_int_from_format_string@?$output_processor@DV?$string_output_adapter@D@__crt_stdio_output@@V?$format_validation_base@DV?$string_output_adapter@D@__crt_stdio_output@@@2@@__crt_stdio_output@@AEAA_NQEAH@Z 0000000140012da0 f i libucrtd:output.obj
 0001:00011e90       ?parse_int_from_format_string@?$output_processor@_WV?$string_output_adapter@_W@__crt_stdio_output@@V?$format_validation_base@_WV?$string_output_adapter@_W@__crt_stdio_output@@@2@@__crt_stdio_output@@AEAA_NQEAH@Z 0000000140012e90 f i libucrtd:output.obj
 0001:00011f80       ?process@?$output_processor@DV?$string_output_adapter@D@__crt_stdio_output@@V?$format_validation_base@DV?$string_output_adapter@D@__crt_stdio_output@@@2@@__crt_stdio_output@@QEAAHXZ 0000000140012f80 f i libucrtd:output.obj
 0001:000122e0       ?process@?$output_processor@_WV?$string_output_adapter@_W@__crt_stdio_output@@V?$format_validation_base@_WV?$string_output_adapter@_W@__crt_stdio_output@@@2@@__crt_stdio_output@@QEAAHXZ 00000001400132e0 f i libucrtd:output.obj
 0001:00012640       ?set_flag@?$output_processor@_WV?$string_output_adapter@_W@__crt_stdio_output@@V?$format_validation_base@_WV?$string_output_adapter@_W@__crt_stdio_output@@@2@@__crt_stdio_output@@AEAAXI@Z 0000000140013640 f i libucrtd:output.obj
 0001:00012640       ?set_flag@?$output_processor@DV?$string_output_adapter@D@__crt_stdio_output@@V?$format_validation_base@DV?$string_output_adapter@D@__crt_stdio_output@@@2@@__crt_stdio_output@@AEAAXI@Z 0000000140013640 f i libucrtd:output.obj
 0001:00012660       ?validate_and_update_state_at_beginning_of_format_character@?$standard_base@DV?$string_output_adapter@D@__crt_stdio_output@@@__crt_stdio_output@@IEAA_NXZ 0000000140013660 f i libucrtd:output.obj
 0001:00012660       ?validate_state_for_type_case_a@?$standard_base@DV?$string_output_adapter@D@__crt_stdio_output@@@__crt_stdio_output@@IEBA_NXZ 0000000140013660 f i libucrtd:output.obj
 0001:00012660       ?validate_state_for_type_case_a@?$standard_base@_WV?$string_output_adapter@_W@__crt_stdio_output@@@__crt_stdio_output@@IEBA_NXZ 0000000140013660 f i libucrtd:output.obj
 0001:00012660       ?validate_and_update_state_at_beginning_of_format_character@?$standard_base@_WV?$string_output_adapter@_W@__crt_stdio_output@@@__crt_stdio_output@@IEAA_NXZ 0000000140013660 f i libucrtd:output.obj
 0001:00012660       ?should_format@?$standard_base@DV?$string_output_adapter@D@__crt_stdio_output@@@__crt_stdio_output@@IEAA_NXZ 0000000140013660 f i libucrtd:output.obj
 0001:00012660       ?should_format@?$standard_base@_WV?$string_output_adapter@_W@__crt_stdio_output@@@__crt_stdio_output@@IEAA_NXZ 0000000140013660 f i libucrtd:output.obj
 0001:00012670       ?should_skip_type_state_output@?$standard_base@_WV?$string_output_adapter@_W@__crt_stdio_output@@@__crt_stdio_output@@IEBA_NXZ 0000000140013670 f i libucrtd:output.obj
 0001:00012670       ?should_skip_normal_state_processing@?$standard_base@DV?$string_output_adapter@D@__crt_stdio_output@@@__crt_stdio_output@@IEAA_NXZ 0000000140013670 f i libucrtd:output.obj
 0001:00012670       ?should_skip_type_state_output@?$standard_base@DV?$string_output_adapter@D@__crt_stdio_output@@@__crt_stdio_output@@IEBA_NXZ 0000000140013670 f i libucrtd:output.obj
 0001:00012670       ?should_skip_normal_state_processing@?$standard_base@_WV?$string_output_adapter@_W@__crt_stdio_output@@@__crt_stdio_output@@IEAA_NXZ 0000000140013670 f i libucrtd:output.obj
 0001:00012680       ?state_case_dot@?$output_processor@_WV?$string_output_adapter@_W@__crt_stdio_output@@V?$format_validation_base@_WV?$string_output_adapter@_W@__crt_stdio_output@@@2@@__crt_stdio_output@@AEAA_NXZ 0000000140013680 f i libucrtd:output.obj
 0001:00012680       ?state_case_dot@?$output_processor@DV?$string_output_adapter@D@__crt_stdio_output@@V?$format_validation_base@DV?$string_output_adapter@D@__crt_stdio_output@@@2@@__crt_stdio_output@@AEAA_NXZ 0000000140013680 f i libucrtd:output.obj
 0001:000126a0       ?state_case_flag@?$output_processor@DV?$string_output_adapter@D@__crt_stdio_output@@V?$format_validation_base@DV?$string_output_adapter@D@__crt_stdio_output@@@2@@__crt_stdio_output@@AEAA_NXZ 00000001400136a0 f i libucrtd:output.obj
 0001:00012740       ?state_case_flag@?$output_processor@_WV?$string_output_adapter@_W@__crt_stdio_output@@V?$format_validation_base@_WV?$string_output_adapter@_W@__crt_stdio_output@@@2@@__crt_stdio_output@@AEAA_NXZ 0000000140013740 f i libucrtd:output.obj
 0001:000127e0       ?state_case_normal@?$output_processor@DV?$string_output_adapter@D@__crt_stdio_output@@V?$format_validation_base@DV?$string_output_adapter@D@__crt_stdio_output@@@2@@__crt_stdio_output@@AEAA_NXZ 00000001400137e0 f i libucrtd:output.obj
 0001:000128c0       ?state_case_normal@?$output_processor@_WV?$string_output_adapter@_W@__crt_stdio_output@@V?$format_validation_base@_WV?$string_output_adapter@_W@__crt_stdio_output@@@2@@__crt_stdio_output@@AEAA_NXZ 00000001400138c0 f i libucrtd:output.obj
 0001:000129a0       ?state_case_normal_common@?$output_processor@DV?$string_output_adapter@D@__crt_stdio_output@@V?$format_validation_base@DV?$string_output_adapter@D@__crt_stdio_output@@@2@@__crt_stdio_output@@AEAA_NXZ 00000001400139a0 f i libucrtd:output.obj
 0001:000129f0       ?state_case_normal_common@?$output_processor@_WV?$string_output_adapter@_W@__crt_stdio_output@@V?$format_validation_base@_WV?$string_output_adapter@_W@__crt_stdio_output@@@2@@__crt_stdio_output@@AEAA_NXZ 00000001400139f0 f i libucrtd:output.obj
 0001:00012a40       ?state_case_normal_tchar@?$output_processor@DV?$string_output_adapter@D@__crt_stdio_output@@V?$format_validation_base@DV?$string_output_adapter@D@__crt_stdio_output@@@2@@__crt_stdio_output@@AEAA_ND@Z 0000000140013a40 f i libucrtd:output.obj
[...]
 0002:00011ebc       $unwind$__acrt_WideCharToMultiByte 000000014004bebc     libucrtd:widechartomultibyte.obj
 0002:00011ec4       $unwind$__dcrt_get_narrow_environment_from_os 000000014004bec4     libucrtd:get_environment_from_os.obj
 0002:00011edc       $unwind$__acrt_lowio_ensure_fh_exists 000000014004bedc     libucrtd:osfinfo.obj
 0002:00011efc       $unwind$__acrt_initialize_lowio 000000014004befc     libucrtd:ioinit.obj
 0002:00011f1c       $unwind$?initialize_inherited_file_handles_nolock@@YAXXZ 000000014004bf1c     libucrtd:ioinit.obj
 0002:00011f24       $unwind$_isctype_l         000000014004bf24     libucrtd:isctype.obj
 0002:00011f38       $unwind$_chvalidator_l     000000014004bf38     libucrtd:isctype.obj
 0002:00011f40       $unwind$__acrt_GetStringTypeA 000000014004bf40     libucrtd:getstringtypea.obj
 0002:00011f48       $unwind$__acrt_update_thread_locale_data 000000014004bf48     libucrtd:locale_refcounting.obj
 0002:00011f68       $unwind$__acrt_get_parent_window 000000014004bf68     libucrtd:winapi_thunks.obj
 0002:00011f68       $unwind$__acrt_initialize_winapi_thunks 000000014004bf68     libucrtd:winapi_thunks.obj
 0002:00011f68       $unwind$__acrt_initialize_stdio 000000014004bf68     libucrtd:_file.obj
 0002:00011f70       $unwind$__acrt_InitializeCriticalSectionEx 000000014004bf70     libucrtd:winapi_thunks.obj
 0002:00011f78       $unwind$??$common_xtox@KD@@YAHKQEAD_KI_N@Z 000000014004bf78     libucrtd:xtoa.obj
 0002:00011f78       $unwind$??$common_xtox@K_W@@YAHKQEA_W_KI_N@Z 000000014004bf78     libucrtd:xtoa.obj
 0002:00011f78       $unwind$__acrt_LCMapStringEx 000000014004bf78     libucrtd:winapi_thunks.obj
 0002:00011f80       $unwind$__acrt_is_interactive 000000014004bf80     libucrtd:winapi_thunks.obj
 0002:00011f90       $unwind$_query_new_handler 000000014004bf90     libucrtd:new_handler.obj
 0002:00011fb0       $unwind$raise              000000014004bfb0     libucrtd:signal.obj
 0002:00011fd0       $unwind$??$?RV<lambda_450d765d439847d4c735a33c368b5fc0>@@AEAV<lambda_44731a7d0e6d81c3e6aa82d741081786>@@V<lambda_601a2a7da3b7a96e9554ac7215c4b07c>@@@?$__crt_seh_guarded_call@P6AXH@Z@@QEAAP6AXH@Z$$QEAV<lambda_450d765d439847d4c735a33c368b5fc0>@@AEAV<lambda_44731a7d0e6d81c3e6aa82d741081786>@@$$QEAV<lambda_601a2a7da3b7a96e9554ac7215c4b07c>@@@Z 000000014004bfd0     libucrtd:signal.obj
 0002:00011ff0       $unwind$_expand_base       000000014004bff0     libucrtd:expand.obj
 0002:00011ff8       $unwind$?fp_format_g@@YAHQEBNQEAD_K12H_NIW4__acrt_rounding_mode@@QEAU__crt_locale_pointers@@@Z 000000014004bff8     libucrtd:cvt.obj
 0002:00011ff8       $unwind$_mbtowc_l          000000014004bff8     libucrtd:mbtowc.obj
 0002:00012004       $unwind$_wctomb_s_l        000000014004c004     libucrtd:wctomb.obj
 0002:00012010       $unwind$?fp_format_nan_or_infinity@@YAHW4__acrt_fp_class@@_NPEAD_K1@Z 000000014004c010     libucrtd:cvt.obj
 0002:00012018       $unwind$?fe_to_nearest@@YA_NQEBN_KF@Z 000000014004c018     libucrtd:cvt.obj
 0002:00012020       $unwind$?should_round_up@@YA_NQEBN_KFW4__acrt_rounding_mode@@@Z 000000014004c020     libucrtd:cvt.obj
 0002:00012028       $unwind$?fp_format_a@@YAHQEBNPEAD_KQEAD2H_NIQEAU__crt_locale_pointers@@W4__acrt_rounding_mode@@@Z 000000014004c028     libucrtd:cvt.obj
 0002:00012038       $stateUnwindMap$?fp_format_a@@YAHQEBNPEAD_KQEAD2H_NIQEAU__crt_locale_pointers@@W4__acrt_rounding_mode@@@Z 000000014004c038     libucrtd:cvt.obj
 0002:00012040       $ip2state$?fp_format_a@@YAHQEBNPEAD_KQEAD2H_NIQEAU__crt_locale_pointers@@W4__acrt_rounding_mode@@@Z 000000014004c040     libucrtd:cvt.obj
 0002:00012088       $unwind$?fp_format_f@@YAHQEBNQEAD_K12HQEAU__crt_locale_pointers@@W4__acrt_rounding_mode@@@Z 000000014004c088     libucrtd:cvt.obj
 0002:00012090       $unwind$_VCrtDbgReportA    000000014004c090     libucrtd:dbgrptt.obj
 0002:000120c8       $unwind$_VCrtDbgReportW    000000014004c0c8     libucrtd:dbgrptt.obj
 0002:00012100       $unwind$__acrt_OutputDebugStringA 000000014004c100     libucrtd:outputdebugstringa.obj
 0002:00012114       $unwind$qsort              000000014004c114     libucrtd:qsort.obj
 0002:00012124       $unwind$?shortsort@@YAXPEAD0_KP6AHPEBX2@Z@Z 000000014004c124     libucrtd:qsort.obj
 0002:00012134       $stateUnwindMap$?shortsort@@YAXPEAD0_KP6AHPEBX2@Z@Z 000000014004c134     libucrtd:qsort.obj
 0002:00012140       $ip2state$?shortsort@@YAXPEAD0_KP6AHPEBX2@Z@Z 000000014004c140     libucrtd:qsort.obj
 0002:00012158       $unwind$strpbrk            000000014004c158     libucrtd:strpbrk.obj
 0002:00012160       $unwind$fallbackMethod     000000014004c160     libucrtd:strpbrk.obj
 0002:00012170       $unwind$_mbsdec_l          000000014004c170     libucrtd:mbsdec.obj
 0002:0001217c       $unwind$__acrt_LCMapStringA 000000014004c17c     libucrtd:lcmapstringa.obj
 0002:00012184       $unwind$_mbstowcs_s_l      000000014004c184     libucrtd:mbstowcs.obj
 0002:00012184       $unwind$?__acrt_LCMapStringA_stat@@YAHPEAU__crt_locale_pointers@@PEB_WKPEBDHPEADHHH@Z 000000014004c184     libucrtd:lcmapstringa.obj
 0002:0001218c       $unwind$??$common_xtox_s@KD@@YAHKQEAD_KI_N@Z 000000014004c18c     libucrtd:xtoa.obj
 0002:0001218c       $unwind$??$common_xtox_s@K_W@@YAHKQEA_W_KI_N@Z 000000014004c18c     libucrtd:xtoa.obj
 0002:00012194       $unwind$??R<lambda_ab61a845afdef5b7c387490eaf3616ee>@@QEBA@XZ 000000014004c194     libucrtd:fflush.obj
 0002:0001219c       $unwind$??$?RV<lambda_842d9ff0dc9ef11c61343bbaebe7f885>@@AEAV<lambda_c5860995281e5c4ce005b3de8f5874ee>@@V<lambda_d90129c13df834fdcbf8d2b88dafcf2d>@@@?$__crt_seh_guarded_call@X@@QEAAX$$QEAV<lambda_842d9ff0dc9ef11c61343bbaebe7f885>@@AEAV<lambda_c5860995281e5c4ce005b3de8f5874ee>@@$$QEAV<lambda_d90129c13df834fdcbf8d2b88dafcf2d>@@@Z 000000014004c19c     libucrtd:fflush.obj
 0002:000121bc       $unwind$??$?RV<lambda_886d6c58226a84441f68b9f2b8217b83>@@AEAV<lambda_ab61a845afdef5b7c387490eaf3616ee>@@V<lambda_f7f22ab5edc0698d5f6905b0d3f44752>@@@?$__crt_seh_guarded_call@X@@QEAAX$$QEAV<lambda_886d6c58226a84441f68b9f2b8217b83>@@AEAV<lambda_ab61a845afdef5b7c387490eaf3616ee>@@$$QEAV<lambda_f7f22ab5edc0698d5f6905b0d3f44752>@@@Z 000000014004c1bc     libucrtd:fflush.obj
 0002:000121dc       $unwind$_isleadbyte_l      000000014004c1dc     libucrtd:_wctype.obj
 0002:000121e4       $unwind$?__mbsrtowcs_utf8@__crt_mbstring@@YA_KPEA_WPEAPEBD_KPEAU_Mbstatet@@@Z 000000014004c1e4     libucrtd:mbrtowc.obj
 0002:000121ec       $unwind$?__c32rtomb_utf8@__crt_mbstring@@YA_KPEAD_UPEAU_Mbstatet@@@Z 000000014004c1ec     libucrtd:c32rtomb.obj
 0002:000121f4       $unwind$?reset_and_return@__crt_mbstring@@YA_K_KPEAU_Mbstatet@@@Z 000000014004c1f4     libucrtd:c32rtomb.obj
 0002:000121fc       $unwind$__acrt_fltout      000000014004c1fc     libucrtd:cfout.obj
 0002:00012204       $unwind$?make_big_integer@__crt_strtox@@YA?AUbig_integer@1@_K@Z 000000014004c204     libucrtd:cfout.obj
 0002:00012214       $unwind$?make_big_integer_power_of_two@__crt_strtox@@YA?AUbig_integer@1@I@Z 000000014004c214     libucrtd:cfout.obj
 0002:00012224       $unwind$?shift_left@__crt_strtox@@YA_NAEAUbig_integer@1@I@Z 000000014004c224     libucrtd:cfout.obj
 0002:00012234       $unwind$?add_multiply_carry@__crt_strtox@@YAIAEAIIII@Z 000000014004c234     libucrtd:cfout.obj
 0002:0001223c       $unwind$?multiply@__crt_strtox@@YA_NAEAUbig_integer@1@I@Z 000000014004c23c     libucrtd:cfout.obj
 0002:0001224c       $unwind$?multiply@__crt_strtox@@YA_NAEAUbig_integer@1@AEBU21@@Z 000000014004c24c     libucrtd:cfout.obj
 0002:0001225c       $unwind$?multiply_by_power_of_ten@__crt_strtox@@YA_NAEAUbig_integer@1@I@Z 000000014004c25c     libucrtd:cfout.obj
 0002:0001226c       $unwind$?divide@__crt_strtox@@YA_KAEAUbig_integer@1@AEBU21@@Z 000000014004c26c     libucrtd:cfout.obj
 0002:0001227c       $unwind$??$convert_to_fos_high_precision@N@@YA?AW4__acrt_has_trailing_digits@@NIQEAHQEAD_K@Z 000000014004c27c     libucrtd:cfout.obj
 0002:0001228c       $unwind$_fcloseall         000000014004c28c     libucrtd:closeall.obj
 0002:000122ac       $unwind$?_mbstowcs_l_helper@@YA_KPEA_WPEBD_KPEAU__crt_locale_pointers@@@Z 000000014004c2ac     libucrtd:mbstowcs.obj
 0002:000122b8       $unwind$?_wcstombs_l_helper@@YA_KPEADPEB_W_KPEAU__crt_locale_pointers@@@Z 000000014004c2b8     libucrtd:wcstombs.obj
 0002:000122d0       $stateUnwindMap$?_wcstombs_l_helper@@YA_KPEADPEB_W_KPEAU__crt_locale_pointers@@@Z 000000014004c2d0     libucrtd:wcstombs.obj
 0002:000122e0       $ip2state$?_wcstombs_l_helper@@YA_KPEADPEB_W_KPEAU__crt_locale_pointers@@@Z 000000014004c2e0     libucrtd:wcstombs.obj
 0002:000123f8       $unwind$??$?RV<lambda_4e3dbe6921bc0b5a1a6bc6573fdc859e>@@AEAV<lambda_5533cddd4bda0037814beee657757329>@@V<lambda_47cffbaa968af5c721c38a4a6f8da44d>@@@?$__crt_seh_guarded_call@H@@QEAAH$$QEAV<lambda_4e3dbe6921bc0b5a1a6bc6573fdc859e>@@AEAV<lambda_5533cddd4bda0037814beee657757329>@@$$QEAV<lambda_47cffbaa968af5c721c38a4a6f8da44d>@@@Z 000000014004c3f8     libucrtd:commit.obj
 0002:00012418       $unwind$_write             000000014004c418     libucrtd:write.obj
 0002:00012438       $unwind$_write_nolock      000000014004c438     libucrtd:write.obj
 0002:0001244c       $unwind$?write_double_translated_ansi_nolock@@YA?AUwrite_result@?A0x17268360@@HQEBDI@Z 000000014004c44c     libucrtd:write.obj
 0002:00012460       $unwind$?write_double_translated_unicode_nolock@@YA?AUwrite_result@?A0x17268360@@QEBDI@Z 000000014004c460     libucrtd:write.obj
 0002:00012474       $unwind$?write_text_ansi_nolock@@YA?AUwrite_result@?A0x17268360@@HQEBDI@Z 000000014004c474     libucrtd:write.obj
 0002:00012474       $unwind$?write_text_utf16le_nolock@@YA?AUwrite_result@?A0x17268360@@HQEBDI@Z 000000014004c474     libucrtd:write.obj
 0002:00012488       $unwind$?write_text_utf8_nolock@@YA?AUwrite_result@?A0x17268360@@HQEBDI@Z 000000014004c488     libucrtd:write.obj
 0002:0001249c       $unwind$?write_binary_nolock@@YA?AUwrite_result@?A0x17268360@@HQEBDI@Z 000000014004c49c     libucrtd:write.obj
 0002:000124b0       $unwind$?__mbrtoc32_utf8@__crt_mbstring@@YA_KPEA_UPEBD_KPEAU_Mbstatet@@@Z 000000014004c4b0     libucrtd:mbrtoc32.obj
 0002:000124c0       $xdatasym                  000000014004c4c0     libucrtd:log10.obj
 0002:000124cc       $unwind$ceil               000000014004c4cc     libucrtd:ceil.obj
 0002:000124d4       $unwind$fclose             000000014004c4d4     libucrtd:fclose.obj
 0002:000124f4       $unwind$?__wcsrtombs_utf8@__crt_mbstring@@YA_KPEADPEAPEB_W_KPEAU_Mbstatet@@@Z 000000014004c4f4     libucrtd:wcrtomb.obj
 0002:00012504       $unwind$__acrt_initialize_fma3 000000014004c504     libucrtd:fma3_available.obj
 0002:00012514       $unwind$_log_special_common 000000014004c514     libucrtd:log_special.obj
 0002:00012524       $unwind$_log10_special     000000014004c524     libucrtd:log_special.obj
 0002:0001252c       $unwind$_handle_error      000000014004c52c     libucrtd:libm_error.obj
 0002:0001253c       $unwind$common_control87   000000014004c53c     libucrtd:ieee.obj
 0002:0001255c       $unwind$??$?RV<lambda_53fc7fc888e23d815d7080162c0aeeb2>@@AEAV<lambda_4e7105787b7b0e0227fbf2b2d883fa65>@@V<lambda_8ddc48ad9d26c778cb15812d1d88fc8a>@@@?$__crt_seh_guarded_call@H@@QEAAH$$QEAV<lambda_53fc7fc888e23d815d7080162c0aeeb2>@@AEAV<lambda_4e7105787b7b0e0227fbf2b2d883fa65>@@$$QEAV<lambda_8ddc48ad9d26c778cb15812d1d88fc8a>@@@Z 000000014004c55c     libucrtd:close.obj
 0002:0001257c       $unwind$?__c16rtomb_utf8@__crt_mbstring@@YA_KPEAD_SPEAU_Mbstatet@@@Z 000000014004c57c     libucrtd:c16rtomb.obj
 0002:00012584       $unwind$__dcrt_lowio_ensure_console_output_initialized 000000014004c584     libucrtd:initcon.obj
 0002:0001258c       $unwind$_ctrlfp            000000014004c58c     libucrtd:fpctrl.obj
 0002:000125b0       $xdatasym                  000000014004c5b0     libucrtd:fpsr.obj
 0002:000125b8       $unwind$_IsNonwritableInCurrentImage 000000014004c5b8     LIBCMTD:pesect.obj
 0002:000125d8       $xdatasym                  000000014004c5d8     LIBCMTD:chkstk.obj
 0002:000125e0       $xdatasym                  000000014004c5e0     libvcruntimed:memcmp.obj
 0002:000125e4       $unwind$strrchr            000000014004c5e4     libvcruntimed:strrchr.obj
 0002:00012b54       .idata$6                   000000014004cb54     user32:USER32.dll
 0002:00012b70       .idata$6                   000000014004cb70     gdi32:GDI32.dll
 0002:00012dea       .idata$6                   000000014004cdea     kernel32:KERNEL32.dll
 0003:00000030       ?__vcrt_flsindex@@3KA      000000014004e030     libvcruntimed:per_thread_data.obj
 0003:00000040       ?__acrt_current_request_number@@3JA 000000014004e040     libucrtd:debug_heap.obj
 0003:00000060       ?__acrt_flsindex@@3KA      000000014004e060     libucrtd:per_thread_data.obj
 0003:00000064       ?errno_no_memory@@3HA      000000014004e064     libucrtd:errno.obj
 0003:00000068       ?doserrno_no_memory@@3KA   000000014004e068     libucrtd:errno.obj
 0003:000002a0       _mbctypes                  000000014004e2a0     libucrtd:mbctype.obj
 0003:000003b0       _mbcasemaps                000000014004e3b0     libucrtd:mbctype.obj
 0003:000004b0       ?__rgctypeflag@@3PADA      000000014004e4b0     libucrtd:mbctype.obj
 0003:000004c0       ?__rgcode_page_info@@3PAUcode_page_info@@A 000000014004e4c0     libucrtd:mbctype.obj
 0003:000007e0       ?__acrt_debug_fill_threshold@@3_KA 000000014004e7e0     libucrtd:debug_fill_threshold.obj
 0003:00000a30       ?dazSupported@?1??common_control87@@9@9 000000014004ea30     libucrtd:ieee.obj
 0003:00000a38       ?__dcrt_lowio_console_output_handle@@3PEAXEA 000000014004ea38     libucrtd:initcon.obj
 0003:00000a40       ?dazSupported@?1??_ctrlfp@@9@9 000000014004ea40     libucrtd:fpctrl.obj
 0003:00000ae0       ?is_initialized_as_dll@@3_NA 000000014004eae0     LIBCMTD:utility.obj
 0003:00000ae1       ?module_local_atexit_table_initialized@@3_NA 000000014004eae1     LIBCMTD:utility.obj
 0003:00000ae8       ?module_local_atexit_table@@3U_onexit_table_t@@A 000000014004eae8     LIBCMTD:utility.obj
 0003:00000b00       ?module_local_at_quick_exit_table@@3U_onexit_table_t@@A 000000014004eb00     LIBCMTD:utility.obj
 0003:00000b60       GS_ExceptionRecord         000000014004eb60     LIBCMTD:gs_report.obj
 0003:00000c00       GS_ContextRecord           000000014004ec00     LIBCMTD:gs_report.obj
 0003:000010e0       ?__vcrt_startup_thread_ptd@@3U__vcrt_ptd@@A 000000014004f0e0     libvcruntimed:per_thread_data.obj
 0003:00001160       __vcrt_lock_table          000000014004f160     libvcruntimed:locks.obj
 0003:00001188       __vcrt_locks_initialized   000000014004f188     libvcruntimed:locks.obj
 0003:000011d0       ?heap@@3V_HeapManager@@A   000000014004f1d0     libvcruntimed:undname.obj
 0003:000011f8       ?module_handles@@3PAPEAUHINSTANCE__@@A 000000014004f1f8     libvcruntimed:winapi_downlevel.obj
 0003:00001210       ?function_pointers@@3PAPEAXA 000000014004f210     libvcruntimed:winapi_downlevel.obj
 0003:00001240       ?__acrt_app_type@@3W4_crt_app_type@@A 000000014004f240     libucrtd:report_runtime_error.obj
 0003:00001250       ?outmsg@?9??__acrt_report_runtime_error@@9@4PA_WA 000000014004f250     libucrtd:report_runtime_error.obj
 0003:00001878       ?user_matherr@@3V?$dual_state_global@P6AHPEAU_exception@@@Z@__crt_state_management@@A 000000014004f878     libucrtd:matherr.obj
 0003:00001880       ?program_name@?1???$common_configure_argv@D@@YAHW4_crt_argv_mode@@@Z@4PADA 000000014004f880     libucrtd:argv_parsing.obj
 0003:000019a8       ?empty_string@?1???$common_wincmdln@E@@YAPEAEXZ@4PAEA 000000014004f9a8     libucrtd:argv_winmain.obj
 0003:000019ac       ?c_termination_complete@@3JA 000000014004f9ac     libucrtd:exit.obj
 0003:000019b0       ?thread_local_exit_callback_func@@3P6AXPEAXK0@ZEA 000000014004f9b0     libucrtd:exit.obj
 0003:000019c0       ?__acrt_global_new_mode@@3V?$dual_state_global@J@__crt_state_management@@A 000000014004f9c0     libucrtd:new_mode.obj
 0003:000019f8       ?__acrt_first_block@@3PEAU_CrtMemBlockHeader@@EA 000000014004f9f8     libucrtd:debug_heap.obj
 0003:00001a00       ?__acrt_last_block@@3PEAU_CrtMemBlockHeader@@EA 000000014004fa00     libucrtd:debug_heap.obj
 0003:00001a08       ?__acrt_total_allocations@@3_KA 000000014004fa08     libucrtd:debug_heap.obj
 0003:00001a10       ?__acrt_current_allocations@@3_KA 000000014004fa10     libucrtd:debug_heap.obj
 0003:00001a18       ?__acrt_max_allocations@@3_KA 000000014004fa18     libucrtd:debug_heap.obj
 0003:00001a20       ?__acrt_check_frequency@@3IA 000000014004fa20     libucrtd:debug_heap.obj
 0003:00001a24       ?__acrt_check_counter@@3IA 000000014004fa24     libucrtd:debug_heap.obj
 0003:00001a30       ?heap_validation_pending@@3_NA 000000014004fa30     libucrtd:debug_heap.obj
 0003:00001a38       ?__acrt_invalid_parameter_handler@@3V?$dual_state_global@P6AXPEB_W00I_K@Z@__crt_state_management@@A 000000014004fa38     libucrtd:invalid_parameter.obj
 0003:00001a40       __acrt_error_mode          000000014004fa40     libucrtd:set_error_mode.obj
 0003:00001a60       ?fSystemSet@@3HA           000000014004fa60     libucrtd:mbctype.obj
 0003:00001a64       ?initialized@?1??__acrt_initialize_multibyte@@9@4_NA 000000014004fa64     libucrtd:mbctype.obj
 0003:00001aa0       ?__acrt_lock_table@@3PAU_RTL_CRITICAL_SECTION@@A 000000014004faa0     libucrtd:locks.obj
 0003:00001cd0       ?__acrt_locks_initialized@@3IA 000000014004fcd0     libucrtd:locks.obj
 0003:00001cd4       ?state_cache@?1???$get_cached_win_policy@Udeveloper_information_policy_properties@?1??__acrt_get_developer_information_policy@@YA?AW4developer_information_policy@@XZ@@@YA?AW4developer_information_policy@@W4AppPolicyShowDeveloperDiagnostic@@@Z@4JA 000000014004fcd4     libucrtd:win_policies.obj
 0003:00001cd8       ?state_cache@?1???$get_cached_win_policy@Uwindowing_model_policy_properties@?1??__acrt_get_windowing_model_policy@@YA?AW4windowing_model_policy@@XZ@@@YA?AW4windowing_model_policy@@W4AppPolicyWindowingModel@@@Z@4JA 000000014004fcd8     libucrtd:win_policies.obj
 0003:000020f0       ?module_handles@@3PAPEAUHINSTANCE__@@A 00000001400500f0     libucrtd:winapi_thunks.obj
 0003:00002190       ?encoded_function_pointers@@3PAPEAXA 0000000140050190     libucrtd:winapi_thunks.obj
 0003:000022b0       ?__acrt_new_handler@@3V?$dual_state_global@P6AH_K@Z@__crt_state_management@@A 00000001400502b0     libucrtd:new_handler.obj
 0003:000022b8       ?ctrlc_action@@3V?$dual_state_global@P6AXH@Z@__crt_state_management@@A 00000001400502b8     libucrtd:signal.obj
 0003:000022c0       ?ctrlbreak_action@@3V?$dual_state_global@P6AXH@Z@__crt_state_management@@A 00000001400502c0     libucrtd:signal.obj
 0003:000022c8       ?abort_action@@3V?$dual_state_global@P6AXH@Z@__crt_state_management@@A 00000001400502c8     libucrtd:signal.obj
 0003:000022d0       ?term_action@@3V?$dual_state_global@P6AXH@Z@__crt_state_management@@A 00000001400502d0     libucrtd:signal.obj
 0003:000022e8       ?internal_state@?1??_mbtowc_l@@9@4U_Mbstatet@@A 00000001400502e8     libucrtd:mbtowc.obj
 0003:00002300       ?enable_percent_n@@3_KA    0000000140050300     libucrtd:printf_count_output.obj
 0003:00002320       ?internal_pst@?1??__mbrtoc32_utf8@__crt_mbstring@@YA_KPEA_UPEBD_KPEAU_Mbstatet@@@Z@4U3@A 0000000140050320     libucrtd:mbrtoc32.obj
 0003:00002330       ?internal_pst@?1??__c16rtomb_utf8@__crt_mbstring@@YA_KPEAD_SPEAU_Mbstatet@@@Z@4U3@A 0000000140050330     libucrtd:c16rtomb.obj
 0005:00000000       MoveSmall                  0000000140054000     libvcruntimed:memcpy.obj
 0005:00000040       MoveSmallYmm               0000000140054040     libvcruntimed:memcpy.obj
 0005:00000064       MoveSmallYmmNT             0000000140054064     libvcruntimed:memcpy.obj
 0005:00000088       MoveSmallXmm               0000000140054088     libvcruntimed:memcpy.obj
 0005:000000b0       MsetTab                    00000001400540b0     libvcruntimed:memset.obj
